<?xml version="1.0" encoding="ISO-8859-1" ?>
<link_info>
   <banner>TMS320C2000 Linker Unix v20.2.4.LTS</banner>
   <copyright>Copyright (c) 1996-2018 Texas Instruments Incorporated</copyright>
   <link_time>0x6173221d</link_time>
   <link_errors>0x0</link_errors>
   <output_file>Lab6_DSP2.out</output_file>
   <entry_point>
      <name>_c_int00</name>
      <address>0x13623</address>
   </entry_point>
   <input_file_list>
      <input_file id="fl-2">
         <path>./</path>
         <kind>object</kind>
         <file>AIC23.obj</file>
         <name>AIC23.obj</name>
      </input_file>
      <input_file id="fl-3">
         <path>./</path>
         <kind>object</kind>
         <file>initAIC23.obj</file>
         <name>initAIC23.obj</name>
      </input_file>
      <input_file id="fl-4">
         <path>./</path>
         <kind>object</kind>
         <file>main.obj</file>
         <name>main.obj</name>
      </input_file>
      <input_file id="fl-5">
         <path>./Common/</path>
         <kind>object</kind>
         <file>F2837xD_Adc.obj</file>
         <name>F2837xD_Adc.obj</name>
      </input_file>
      <input_file id="fl-6">
         <path>./Common/</path>
         <kind>object</kind>
         <file>F2837xD_CodeStartBranch.obj</file>
         <name>F2837xD_CodeStartBranch.obj</name>
      </input_file>
      <input_file id="fl-7">
         <path>./Common/</path>
         <kind>object</kind>
         <file>F2837xD_CpuTimers.obj</file>
         <name>F2837xD_CpuTimers.obj</name>
      </input_file>
      <input_file id="fl-8">
         <path>./Common/</path>
         <kind>object</kind>
         <file>F2837xD_DBGIER.obj</file>
         <name>F2837xD_DBGIER.obj</name>
      </input_file>
      <input_file id="fl-9">
         <path>./Common/</path>
         <kind>object</kind>
         <file>F2837xD_DefaultISR.obj</file>
         <name>F2837xD_DefaultISR.obj</name>
      </input_file>
      <input_file id="fl-a">
         <path>./Common/</path>
         <kind>object</kind>
         <file>F2837xD_Dma.obj</file>
         <name>F2837xD_Dma.obj</name>
      </input_file>
      <input_file id="fl-b">
         <path>./Common/</path>
         <kind>object</kind>
         <file>F2837xD_ECap.obj</file>
         <name>F2837xD_ECap.obj</name>
      </input_file>
      <input_file id="fl-c">
         <path>./Common/</path>
         <kind>object</kind>
         <file>F2837xD_EPwm.obj</file>
         <name>F2837xD_EPwm.obj</name>
      </input_file>
      <input_file id="fl-d">
         <path>./Common/</path>
         <kind>object</kind>
         <file>F2837xD_EQep.obj</file>
         <name>F2837xD_EQep.obj</name>
      </input_file>
      <input_file id="fl-e">
         <path>./Common/</path>
         <kind>object</kind>
         <file>F2837xD_Emif.obj</file>
         <name>F2837xD_Emif.obj</name>
      </input_file>
      <input_file id="fl-f">
         <path>./Common/</path>
         <kind>object</kind>
         <file>F2837xD_Gpio.obj</file>
         <name>F2837xD_Gpio.obj</name>
      </input_file>
      <input_file id="fl-10">
         <path>./Common/</path>
         <kind>object</kind>
         <file>F2837xD_I2C.obj</file>
         <name>F2837xD_I2C.obj</name>
      </input_file>
      <input_file id="fl-11">
         <path>./Common/</path>
         <kind>object</kind>
         <file>F2837xD_Ipc.obj</file>
         <name>F2837xD_Ipc.obj</name>
      </input_file>
      <input_file id="fl-12">
         <path>./Common/</path>
         <kind>object</kind>
         <file>F2837xD_Ipc_Driver.obj</file>
         <name>F2837xD_Ipc_Driver.obj</name>
      </input_file>
      <input_file id="fl-13">
         <path>./Common/</path>
         <kind>object</kind>
         <file>F2837xD_Ipc_Driver_Lite.obj</file>
         <name>F2837xD_Ipc_Driver_Lite.obj</name>
      </input_file>
      <input_file id="fl-14">
         <path>./Common/</path>
         <kind>object</kind>
         <file>F2837xD_Ipc_Driver_Util.obj</file>
         <name>F2837xD_Ipc_Driver_Util.obj</name>
      </input_file>
      <input_file id="fl-15">
         <path>./Common/</path>
         <kind>object</kind>
         <file>F2837xD_Mcbsp.obj</file>
         <name>F2837xD_Mcbsp.obj</name>
      </input_file>
      <input_file id="fl-16">
         <path>./Common/</path>
         <kind>object</kind>
         <file>F2837xD_PieCtrl.obj</file>
         <name>F2837xD_PieCtrl.obj</name>
      </input_file>
      <input_file id="fl-17">
         <path>./Common/</path>
         <kind>object</kind>
         <file>F2837xD_PieVect.obj</file>
         <name>F2837xD_PieVect.obj</name>
      </input_file>
      <input_file id="fl-18">
         <path>./Common/</path>
         <kind>object</kind>
         <file>F2837xD_Sci.obj</file>
         <name>F2837xD_Sci.obj</name>
      </input_file>
      <input_file id="fl-19">
         <path>./Common/</path>
         <kind>object</kind>
         <file>F2837xD_Spi.obj</file>
         <name>F2837xD_Spi.obj</name>
      </input_file>
      <input_file id="fl-1a">
         <path>./Common/</path>
         <kind>object</kind>
         <file>F2837xD_SysCtrl.obj</file>
         <name>F2837xD_SysCtrl.obj</name>
      </input_file>
      <input_file id="fl-1b">
         <path>./Common/</path>
         <kind>object</kind>
         <file>F2837xD_TempSensorConv.obj</file>
         <name>F2837xD_TempSensorConv.obj</name>
      </input_file>
      <input_file id="fl-1c">
         <path>./Common/</path>
         <kind>object</kind>
         <file>F2837xD_Upp.obj</file>
         <name>F2837xD_Upp.obj</name>
      </input_file>
      <input_file id="fl-1d">
         <path>./Common/</path>
         <kind>object</kind>
         <file>F2837xD_can.obj</file>
         <name>F2837xD_can.obj</name>
      </input_file>
      <input_file id="fl-1e">
         <path>./Common/</path>
         <kind>object</kind>
         <file>F2837xD_sci_io.obj</file>
         <name>F2837xD_sci_io.obj</name>
      </input_file>
      <input_file id="fl-1f">
         <path>./Common/</path>
         <kind>object</kind>
         <file>F2837xD_sdfm_drivers.obj</file>
         <name>F2837xD_sdfm_drivers.obj</name>
      </input_file>
      <input_file id="fl-20">
         <path>./Common/</path>
         <kind>object</kind>
         <file>F2837xD_struct.obj</file>
         <name>F2837xD_struct.obj</name>
      </input_file>
      <input_file id="fl-21">
         <path>./Common/</path>
         <kind>object</kind>
         <file>F2837xD_usDelay.obj</file>
         <name>F2837xD_usDelay.obj</name>
      </input_file>
      <input_file id="fl-22">
         <path>./Common/</path>
         <kind>object</kind>
         <file>device.obj</file>
         <name>device.obj</name>
      </input_file>
      <input_file id="fl-23">
         <path>./Header/</path>
         <kind>object</kind>
         <file>F2837xD_GlobalVariableDefs.obj</file>
         <name>F2837xD_GlobalVariableDefs.obj</name>
      </input_file>
      <input_file id="fl-24">
         <path>./User_Drivers/</path>
         <kind>object</kind>
         <file>CircleBuff.obj</file>
         <name>CircleBuff.obj</name>
      </input_file>
      <input_file id="fl-25">
         <path>./User_Drivers/</path>
         <kind>object</kind>
         <file>LCD_DRIVER.obj</file>
         <name>LCD_DRIVER.obj</name>
      </input_file>
      <input_file id="fl-26">
         <path>./User_Drivers/</path>
         <kind>object</kind>
         <file>OneToOneI2CDriver.obj</file>
         <name>OneToOneI2CDriver.obj</name>
      </input_file>
      <input_file id="fl-27">
         <path>./User_Drivers/</path>
         <kind>object</kind>
         <file>RAM_DRIVER.obj</file>
         <name>RAM_DRIVER.obj</name>
      </input_file>
      <input_file id="fl-2d">
         <kind>object</kind>
         <file>&lt;internal&gt;</file>
         <name>&lt;internal&gt;</name>
      </input_file>
      <input_file id="fl-39">
         <path>/home/sahil/ti/ccs1020/ccs/tools/compiler/ti-cgt-c2000_20.2.4.LTS/lib/</path>
         <kind>archive</kind>
         <file>rts2800_fpu32.lib</file>
         <name>boot28.asm.obj</name>
      </input_file>
      <input_file id="fl-3a">
         <path>/home/sahil/ti/ccs1020/ccs/tools/compiler/ti-cgt-c2000_20.2.4.LTS/lib/</path>
         <kind>archive</kind>
         <file>rts2800_fpu32.lib</file>
         <name>fs_div28.asm.obj</name>
      </input_file>
      <input_file id="fl-3b">
         <path>/home/sahil/ti/ccs1020/ccs/tools/compiler/ti-cgt-c2000_20.2.4.LTS/lib/</path>
         <kind>archive</kind>
         <file>rts2800_fpu32.lib</file>
         <name>ll_aox28.asm.obj</name>
      </input_file>
      <input_file id="fl-3c">
         <path>/home/sahil/ti/ccs1020/ccs/tools/compiler/ti-cgt-c2000_20.2.4.LTS/lib/</path>
         <kind>archive</kind>
         <file>rts2800_fpu32.lib</file>
         <name>cpy_tbl.c.obj</name>
      </input_file>
      <input_file id="fl-3d">
         <path>/home/sahil/ti/ccs1020/ccs/tools/compiler/ti-cgt-c2000_20.2.4.LTS/lib/</path>
         <kind>archive</kind>
         <file>rts2800_fpu32.lib</file>
         <name>memcpy.c.obj</name>
      </input_file>
      <input_file id="fl-3e">
         <path>/home/sahil/ti/ccs1020/ccs/tools/compiler/ti-cgt-c2000_20.2.4.LTS/lib/</path>
         <kind>archive</kind>
         <file>rts2800_fpu32.lib</file>
         <name>pre_init.c.obj</name>
      </input_file>
      <input_file id="fl-3f">
         <path>/home/sahil/ti/ccs1020/ccs/tools/compiler/ti-cgt-c2000_20.2.4.LTS/lib/</path>
         <kind>archive</kind>
         <file>rts2800_fpu32.lib</file>
         <name>startup.c.obj</name>
      </input_file>
      <input_file id="fl-40">
         <path>/home/sahil/ti/ccs1020/ccs/tools/compiler/ti-cgt-c2000_20.2.4.LTS/lib/</path>
         <kind>archive</kind>
         <file>rts2800_fpu32.lib</file>
         <name>exit.c.obj</name>
      </input_file>
      <input_file id="fl-41">
         <path>/home/sahil/ti/ccs1020/ccs/tools/compiler/ti-cgt-c2000_20.2.4.LTS/lib/</path>
         <kind>archive</kind>
         <file>rts2800_fpu32.lib</file>
         <name>_lock.c.obj</name>
      </input_file>
      <input_file id="fl-42">
         <path>/home/sahil/ti/ccs1020/ccs/tools/compiler/ti-cgt-c2000_20.2.4.LTS/lib/</path>
         <kind>archive</kind>
         <file>rts2800_fpu32.lib</file>
         <name>args_main.c.obj</name>
      </input_file>
      <input_file id="fl-43">
         <path>/home/sahil/ti/ccs1020/ccs/tools/compiler/ti-cgt-c2000_20.2.4.LTS/lib/</path>
         <kind>archive</kind>
         <file>rts2800_fpu32.lib</file>
         <name>memset.c.obj</name>
      </input_file>
      <input_file id="fl-47">
         <path>/home/sahil/ti/c2000/C2000Ware_3_04_00_00/driverlib/f2837xd/driverlib/ccs/Release/</path>
         <kind>archive</kind>
         <file>driverlib_coff.lib</file>
         <name>gpio.obj</name>
      </input_file>
      <input_file id="fl-48">
         <path>/home/sahil/ti/c2000/C2000Ware_3_04_00_00/driverlib/f2837xd/driverlib/ccs/Release/</path>
         <kind>archive</kind>
         <file>driverlib_coff.lib</file>
         <name>i2c.obj</name>
      </input_file>
      <input_file id="fl-49">
         <path>/home/sahil/ti/c2000/C2000Ware_3_04_00_00/driverlib/f2837xd/driverlib/ccs/Release/</path>
         <kind>archive</kind>
         <file>driverlib_coff.lib</file>
         <name>mcbsp.obj</name>
      </input_file>
      <input_file id="fl-4a">
         <path>/home/sahil/ti/c2000/C2000Ware_3_04_00_00/driverlib/f2837xd/driverlib/ccs/Release/</path>
         <kind>archive</kind>
         <file>driverlib_coff.lib</file>
         <name>spi.obj</name>
      </input_file>
      <input_file id="fl-4b">
         <path>/home/sahil/ti/c2000/C2000Ware_3_04_00_00/driverlib/f2837xd/driverlib/ccs/Release/</path>
         <kind>archive</kind>
         <file>driverlib_coff.lib</file>
         <name>sysctl.obj</name>
      </input_file>
   </input_file_list>
   <object_component_list>
      <object_component id="oc-ad">
         <name>codestart</name>
         <load_address>0x0</load_address>
         <run_address>0x0</run_address>
         <size>0x2</size>
         <input_file_ref idref="fl-6"/>
      </object_component>
      <object_component id="oc-be">
         <name>.text:retain</name>
         <load_address>0x12000</load_address>
         <run_address>0x12000</run_address>
         <size>0x585</size>
         <input_file_ref idref="fl-9"/>
      </object_component>
      <object_component id="oc-237">
         <name>.text</name>
         <load_address>0x12585</load_address>
         <run_address>0x12585</run_address>
         <size>0x4ab</size>
         <input_file_ref idref="fl-1a"/>
      </object_component>
      <object_component id="oc-243">
         <name>.text</name>
         <load_address>0x12a30</load_address>
         <run_address>0x12a30</run_address>
         <size>0x244</size>
         <input_file_ref idref="fl-f"/>
      </object_component>
      <object_component id="oc-226">
         <name>.text</name>
         <load_address>0x12c74</load_address>
         <run_address>0x12c74</run_address>
         <size>0x231</size>
         <input_file_ref idref="fl-4"/>
      </object_component>
      <object_component id="oc-23a">
         <name>.text</name>
         <load_address>0x12ea5</load_address>
         <run_address>0x12ea5</run_address>
         <size>0x1bb</size>
         <input_file_ref idref="fl-3"/>
      </object_component>
      <object_component id="oc-248">
         <name>.text</name>
         <load_address>0x13060</load_address>
         <run_address>0x13060</run_address>
         <size>0x1b8</size>
         <input_file_ref idref="fl-15"/>
      </object_component>
      <object_component id="oc-229">
         <name>.text</name>
         <load_address>0x13218</load_address>
         <run_address>0x13218</run_address>
         <size>0x194</size>
         <input_file_ref idref="fl-27"/>
      </object_component>
      <object_component id="oc-a2">
         <name>.text:retain</name>
         <load_address>0x133ac</load_address>
         <run_address>0x133ac</run_address>
         <size>0x173</size>
         <input_file_ref idref="fl-4"/>
      </object_component>
      <object_component id="oc-1d3">
         <name>.text</name>
         <load_address>0x1351f</load_address>
         <run_address>0x1351f</run_address>
         <size>0x88</size>
         <input_file_ref idref="fl-3a"/>
      </object_component>
      <object_component id="oc-241">
         <name>.text</name>
         <load_address>0x135a7</load_address>
         <run_address>0x135a7</run_address>
         <size>0x7c</size>
         <input_file_ref idref="fl-7"/>
      </object_component>
      <object_component id="oc-92">
         <name>.text</name>
         <load_address>0x13623</load_address>
         <run_address>0x13623</run_address>
         <size>0x56</size>
         <input_file_ref idref="fl-39"/>
      </object_component>
      <object_component id="oc-247">
         <name>.text</name>
         <load_address>0x13679</load_address>
         <run_address>0x13679</run_address>
         <size>0x42</size>
         <input_file_ref idref="fl-2"/>
      </object_component>
      <object_component id="oc-23c">
         <name>.text:_GPIO_setPadConfig</name>
         <load_address>0x136bb</load_address>
         <run_address>0x136bb</run_address>
         <size>0x3f</size>
         <input_file_ref idref="fl-47"/>
      </object_component>
      <object_component id="oc-23b">
         <name>.text:_GPIO_setPinConfig</name>
         <load_address>0x136fa</load_address>
         <run_address>0x136fa</run_address>
         <size>0x30</size>
         <input_file_ref idref="fl-47"/>
      </object_component>
      <object_component id="oc-225">
         <name>.text</name>
         <load_address>0x1372a</load_address>
         <run_address>0x1372a</run_address>
         <size>0x29</size>
         <input_file_ref idref="fl-40"/>
      </object_component>
      <object_component id="oc-238">
         <name>.text</name>
         <load_address>0x13753</load_address>
         <run_address>0x13753</run_address>
         <size>0x28</size>
         <input_file_ref idref="fl-16"/>
      </object_component>
      <object_component id="oc-239">
         <name>.text</name>
         <load_address>0x1377b</load_address>
         <run_address>0x1377b</run_address>
         <size>0x26</size>
         <input_file_ref idref="fl-17"/>
      </object_component>
      <object_component id="oc-222">
         <name>.text</name>
         <load_address>0x137a1</load_address>
         <run_address>0x137a1</run_address>
         <size>0x24</size>
         <input_file_ref idref="fl-3c"/>
      </object_component>
      <object_component id="oc-23d">
         <name>.text:_GPIO_setQualificationMode</name>
         <load_address>0x137c5</load_address>
         <run_address>0x137c5</run_address>
         <size>0x22</size>
         <input_file_ref idref="fl-47"/>
      </object_component>
      <object_component id="oc-23f">
         <name>.text:_GPIO_setDirectionMode</name>
         <load_address>0x137e7</load_address>
         <run_address>0x137e7</run_address>
         <size>0x20</size>
         <input_file_ref idref="fl-47"/>
      </object_component>
      <object_component id="oc-240">
         <name>.text:_GPIO_setInterruptPin</name>
         <load_address>0x13807</load_address>
         <run_address>0x13807</run_address>
         <size>0x20</size>
         <input_file_ref idref="fl-47"/>
      </object_component>
      <object_component id="oc-242">
         <name>.text:_SPI_setConfig</name>
         <load_address>0x13827</load_address>
         <run_address>0x13827</run_address>
         <size>0x1f</size>
         <input_file_ref idref="fl-4a"/>
      </object_component>
      <object_component id="oc-234">
         <name>.text</name>
         <load_address>0x13846</load_address>
         <run_address>0x13846</run_address>
         <size>0x1d</size>
         <input_file_ref idref="fl-3d"/>
      </object_component>
      <object_component id="oc-23e">
         <name>.text:_GPIO_setQualificationPeriod</name>
         <load_address>0x13863</load_address>
         <run_address>0x13863</run_address>
         <size>0x1b</size>
         <input_file_ref idref="fl-47"/>
      </object_component>
      <object_component id="oc-1d8">
         <name>.text</name>
         <load_address>0x1387e</load_address>
         <run_address>0x1387e</run_address>
         <size>0x18</size>
         <input_file_ref idref="fl-3b"/>
      </object_component>
      <object_component id="oc-224">
         <name>.text</name>
         <load_address>0x13896</load_address>
         <run_address>0x13896</run_address>
         <size>0x12</size>
         <input_file_ref idref="fl-42"/>
      </object_component>
      <object_component id="oc-244">
         <name>.text</name>
         <load_address>0x138a8</load_address>
         <run_address>0x138a8</run_address>
         <size>0x9</size>
         <input_file_ref idref="fl-41"/>
      </object_component>
      <object_component id="oc-ac">
         <name>.text</name>
         <load_address>0x138b1</load_address>
         <run_address>0x138b1</run_address>
         <size>0x8</size>
         <input_file_ref idref="fl-6"/>
      </object_component>
      <object_component id="oc-228">
         <name>.text:_McBSP_transmit32BitDataBlocking</name>
         <load_address>0x138b9</load_address>
         <run_address>0x138b9</run_address>
         <size>0x8</size>
         <input_file_ref idref="fl-49"/>
      </object_component>
      <object_component id="oc-227">
         <name>.text:_McBSP_receive32BitDataNonBlocking</name>
         <load_address>0x138c1</load_address>
         <run_address>0x138c1</run_address>
         <size>0x6</size>
         <input_file_ref idref="fl-49"/>
      </object_component>
      <object_component id="oc-b8">
         <name>.text</name>
         <load_address>0x138c7</load_address>
         <run_address>0x138c7</run_address>
         <size>0x3</size>
         <input_file_ref idref="fl-8"/>
      </object_component>
      <object_component id="oc-221">
         <name>.text</name>
         <load_address>0x138ca</load_address>
         <run_address>0x138ca</run_address>
         <size>0x2</size>
         <input_file_ref idref="fl-3e"/>
      </object_component>
      <object_component id="oc-223">
         <name>.text</name>
         <load_address>0x138cc</load_address>
         <run_address>0x138cc</run_address>
         <size>0x1</size>
         <input_file_ref idref="fl-3f"/>
      </object_component>
      <object_component id="oc-175">
         <name>.cinit:_TRIP_SEL</name>
         <load_address>0x123</load_address>
         <run_address>0x123</run_address>
         <size>0x21</size>
         <input_file_ref idref="fl-20"/>
      </object_component>
      <object_component id="oc-1a5">
         <name>.cinit:_EPWM</name>
         <load_address>0x144</load_address>
         <run_address>0x144</run_address>
         <size>0x1d</size>
         <input_file_ref idref="fl-20"/>
      </object_component>
      <object_component id="oc-9e">
         <name>.cinit</name>
         <load_address>0x161</load_address>
         <run_address>0x161</run_address>
         <size>0x12</size>
         <input_file_ref idref="fl-4"/>
      </object_component>
      <object_component id="oc-165">
         <name>.cinit:_ECAP</name>
         <load_address>0x173</load_address>
         <run_address>0x173</run_address>
         <size>0x11</size>
         <input_file_ref idref="fl-20"/>
      </object_component>
      <object_component id="oc-13f">
         <name>.cinit</name>
         <load_address>0x184</load_address>
         <run_address>0x184</run_address>
         <size>0xf</size>
         <input_file_ref idref="fl-22"/>
      </object_component>
      <object_component id="oc-1f2">
         <name>.cinit</name>
         <load_address>0x193</load_address>
         <run_address>0x193</run_address>
         <size>0xe</size>
         <input_file_ref idref="fl-40"/>
      </object_component>
      <object_component id="oc-19e">
         <name>.cinit:_ADC</name>
         <load_address>0x1a1</load_address>
         <run_address>0x1a1</run_address>
         <size>0xd</size>
         <input_file_ref idref="fl-20"/>
      </object_component>
      <object_component id="oc-179">
         <name>.cinit:_EQEP</name>
         <load_address>0x1ae</load_address>
         <run_address>0x1ae</run_address>
         <size>0xb</size>
         <input_file_ref idref="fl-20"/>
      </object_component>
      <object_component id="oc-15c">
         <name>.cinit:_SPI</name>
         <load_address>0x1b9</load_address>
         <run_address>0x1b9</run_address>
         <size>0xb</size>
         <input_file_ref idref="fl-20"/>
      </object_component>
      <object_component id="oc-199">
         <name>.cinit:_SDFM</name>
         <load_address>0x1c4</load_address>
         <run_address>0x1c4</run_address>
         <size>0x9</size>
         <input_file_ref idref="fl-20"/>
      </object_component>
      <object_component id="oc-17d">
         <name>.cinit:_I2C</name>
         <load_address>0x1cd</load_address>
         <run_address>0x1cd</run_address>
         <size>0x7</size>
         <input_file_ref idref="fl-20"/>
      </object_component>
      <object_component id="oc-181">
         <name>.cinit:_MCBSP</name>
         <load_address>0x1d4</load_address>
         <run_address>0x1d4</run_address>
         <size>0x7</size>
         <input_file_ref idref="fl-20"/>
      </object_component>
      <object_component id="oc-157">
         <name>.cinit:_SCI</name>
         <load_address>0x1db</load_address>
         <run_address>0x1db</run_address>
         <size>0x7</size>
         <input_file_ref idref="fl-20"/>
      </object_component>
      <object_component id="oc-236">
         <name>.cinit:__lock</name>
         <load_address>0x1e2</load_address>
         <run_address>0x1e2</run_address>
         <size>0x5</size>
         <input_file_ref idref="fl-41"/>
      </object_component>
      <object_component id="oc-245">
         <name>.cinit:__unlock</name>
         <load_address>0x1e7</load_address>
         <run_address>0x1e7</run_address>
         <size>0x5</size>
         <input_file_ref idref="fl-41"/>
      </object_component>
      <object_component id="oc-12c">
         <name>.cinit</name>
         <load_address>0x1ec</load_address>
         <run_address>0x1ec</run_address>
         <size>0x4</size>
         <input_file_ref idref="fl-1e"/>
      </object_component>
      <object_component id="oc-1ce">
         <name>.reset</name>
         <load_address>0x3fffc0</load_address>
         <run_address>0x3fffc0</run_address>
         <size>0x2</size>
         <input_file_ref idref="fl-39"/>
      </object_component>
      <object_component id="oc-1cd">
         <name>.stack</name>
         <uninitialized>true</uninitialized>
         <run_address>0x400</run_address>
         <size>0x0</size>
         <input_file_ref idref="fl-39"/>
      </object_component>
      <object_component id="oc-2e1">
         <name>.stack</name>
         <uninitialized>true</uninitialized>
         <run_address>0x400</run_address>
         <size>0x0</size>
      </object_component>
      <object_component id="oc-a0">
         <name>.ebss</name>
         <uninitialized>true</uninitialized>
         <run_address>0x1008c</run_address>
         <size>0x6</size>
         <input_file_ref idref="fl-4"/>
      </object_component>
      <object_component id="oc-b3">
         <name>.ebss</name>
         <uninitialized>true</uninitialized>
         <run_address>0x10040</run_address>
         <size>0x18</size>
         <input_file_ref idref="fl-7"/>
      </object_component>
      <object_component id="oc-11c">
         <name>.ebss</name>
         <uninitialized>true</uninitialized>
         <run_address>0x10078</run_address>
         <size>0x6</size>
         <input_file_ref idref="fl-1b"/>
      </object_component>
      <object_component id="oc-12d">
         <name>.ebss</name>
         <uninitialized>true</uninitialized>
         <run_address>0x100a6</run_address>
         <size>0x1</size>
         <input_file_ref idref="fl-1e"/>
      </object_component>
      <object_component id="oc-22f">
         <name>.ebss:_I2C</name>
         <uninitialized>true</uninitialized>
         <run_address>0x10098</run_address>
         <size>0x4</size>
         <input_file_ref idref="fl-20"/>
      </object_component>
      <object_component id="oc-230">
         <name>.ebss:_MCBSP</name>
         <uninitialized>true</uninitialized>
         <run_address>0x1009c</run_address>
         <size>0x4</size>
         <input_file_ref idref="fl-20"/>
      </object_component>
      <object_component id="oc-22a">
         <name>.ebss:_SCI</name>
         <uninitialized>true</uninitialized>
         <run_address>0x100a0</run_address>
         <size>0x4</size>
         <input_file_ref idref="fl-20"/>
      </object_component>
      <object_component id="oc-231">
         <name>.ebss:_SDFM</name>
         <uninitialized>true</uninitialized>
         <run_address>0x10080</run_address>
         <size>0x6</size>
         <input_file_ref idref="fl-20"/>
      </object_component>
      <object_component id="oc-22e">
         <name>.ebss:_EQEP</name>
         <uninitialized>true</uninitialized>
         <run_address>0x10038</run_address>
         <size>0x8</size>
         <input_file_ref idref="fl-20"/>
      </object_component>
      <object_component id="oc-22b">
         <name>.ebss:_SPI</name>
         <uninitialized>true</uninitialized>
         <run_address>0x10070</run_address>
         <size>0x8</size>
         <input_file_ref idref="fl-20"/>
      </object_component>
      <object_component id="oc-232">
         <name>.ebss:_ADC</name>
         <uninitialized>true</uninitialized>
         <run_address>0x10066</run_address>
         <size>0xa</size>
         <input_file_ref idref="fl-20"/>
      </object_component>
      <object_component id="oc-22c">
         <name>.ebss:_ECAP</name>
         <uninitialized>true</uninitialized>
         <run_address>0x10058</run_address>
         <size>0xe</size>
         <input_file_ref idref="fl-20"/>
      </object_component>
      <object_component id="oc-233">
         <name>.ebss:_EPWM</name>
         <uninitialized>true</uninitialized>
         <run_address>0x1001e</run_address>
         <size>0x1a</size>
         <input_file_ref idref="fl-20"/>
      </object_component>
      <object_component id="oc-22d">
         <name>.ebss:_TRIP_SEL</name>
         <uninitialized>true</uninitialized>
         <run_address>0x10000</run_address>
         <size>0x1e</size>
         <input_file_ref idref="fl-20"/>
      </object_component>
      <object_component id="oc-140">
         <name>.ebss</name>
         <uninitialized>true</uninitialized>
         <run_address>0x10086</run_address>
         <size>0x6</size>
         <input_file_ref idref="fl-22"/>
      </object_component>
      <object_component id="oc-1f3">
         <name>.ebss</name>
         <uninitialized>true</uninitialized>
         <run_address>0x10092</run_address>
         <size>0x6</size>
         <input_file_ref idref="fl-40"/>
      </object_component>
      <object_component id="oc-235">
         <name>.ebss:__lock</name>
         <uninitialized>true</uninitialized>
         <run_address>0x1007e</run_address>
         <size>0x2</size>
         <input_file_ref idref="fl-41"/>
      </object_component>
      <object_component id="oc-249">
         <name>.ebss:__unlock</name>
         <uninitialized>true</uninitialized>
         <run_address>0x100a4</run_address>
         <size>0x2</size>
         <input_file_ref idref="fl-41"/>
      </object_component>
      <object_component id="oc-246">
         <name>.econst:_PieVectTableInit</name>
         <load_address>0x11000</load_address>
         <run_address>0x11000</run_address>
         <size>0x1c0</size>
         <input_file_ref idref="fl-17"/>
      </object_component>
      <object_component id="oc-9f">
         <name>.econst</name>
         <load_address>0x111c0</load_address>
         <run_address>0x111c0</run_address>
         <size>0x4</size>
         <input_file_ref idref="fl-4"/>
      </object_component>
      <object_component id="oc-a1">
         <name>ramgs0</name>
         <uninitialized>true</uninitialized>
         <run_address>0xc000</run_address>
         <size>0xfff</size>
         <input_file_ref idref="fl-4"/>
      </object_component>
      <object_component id="oc-139">
         <name>.TI.ramfunc</name>
         <load_address>0x1f2</load_address>
         <run_address>0x1f2</run_address>
         <size>0x4</size>
         <input_file_ref idref="fl-21"/>
      </object_component>
      <object_component id="oc-21c">
         <name>.TI.ramfunc</name>
         <load_address>0x1f6</load_address>
         <run_address>0x1f6</run_address>
         <size>0x4</size>
         <input_file_ref idref="fl-4b"/>
      </object_component>
      <object_component id="oc-f0">
         <name>PUTBUFFER</name>
         <uninitialized>true</uninitialized>
         <run_address>0x3fc00</run_address>
         <size>0x80</size>
         <input_file_ref idref="fl-12"/>
      </object_component>
      <object_component id="oc-ec">
         <name>PUTWRITEIDX</name>
         <uninitialized>true</uninitialized>
         <run_address>0x3fc80</run_address>
         <size>0x4</size>
         <input_file_ref idref="fl-12"/>
      </object_component>
      <object_component id="oc-ef">
         <name>GETREADIDX</name>
         <uninitialized>true</uninitialized>
         <run_address>0x3fc84</run_address>
         <size>0x4</size>
         <input_file_ref idref="fl-12"/>
      </object_component>
      <object_component id="oc-f1">
         <name>GETBUFFER</name>
         <uninitialized>true</uninitialized>
         <run_address>0x3f800</run_address>
         <size>0x80</size>
         <input_file_ref idref="fl-12"/>
      </object_component>
      <object_component id="oc-ee">
         <name>GETWRITEIDX</name>
         <uninitialized>true</uninitialized>
         <run_address>0x3f880</run_address>
         <size>0x4</size>
         <input_file_ref idref="fl-12"/>
      </object_component>
      <object_component id="oc-ed">
         <name>PUTREADIDX</name>
         <uninitialized>true</uninitialized>
         <run_address>0x3f884</run_address>
         <size>0x4</size>
         <input_file_ref idref="fl-12"/>
      </object_component>
      <object_component id="oc-1ba">
         <name>PieVectTableFile</name>
         <uninitialized>true</uninitialized>
         <run_address>0xd00</run_address>
         <size>0x1c0</size>
         <input_file_ref idref="fl-23"/>
      </object_component>
      <object_component id="oc-187">
         <name>AccessProtectionRegsFile</name>
         <uninitialized>true</uninitialized>
         <run_address>0x5f4c0</run_address>
         <size>0x2e</size>
         <input_file_ref idref="fl-23"/>
      </object_component>
      <object_component id="oc-19d">
         <name>AdcaRegsFile</name>
         <uninitialized>true</uninitialized>
         <run_address>0x7400</run_address>
         <size>0x7c</size>
         <input_file_ref idref="fl-23"/>
      </object_component>
      <object_component id="oc-19f">
         <name>AdcbRegsFile</name>
         <uninitialized>true</uninitialized>
         <run_address>0x7480</run_address>
         <size>0x7c</size>
         <input_file_ref idref="fl-23"/>
      </object_component>
      <object_component id="oc-1a0">
         <name>AdccRegsFile</name>
         <uninitialized>true</uninitialized>
         <run_address>0x7500</run_address>
         <size>0x7c</size>
         <input_file_ref idref="fl-23"/>
      </object_component>
      <object_component id="oc-1a1">
         <name>AdcdRegsFile</name>
         <uninitialized>true</uninitialized>
         <run_address>0x7580</run_address>
         <size>0x7c</size>
         <input_file_ref idref="fl-23"/>
      </object_component>
      <object_component id="oc-15f">
         <name>AdcaResultRegsFile</name>
         <uninitialized>true</uninitialized>
         <run_address>0xb00</run_address>
         <size>0x18</size>
         <input_file_ref idref="fl-23"/>
      </object_component>
      <object_component id="oc-160">
         <name>AdcbResultRegsFile</name>
         <uninitialized>true</uninitialized>
         <run_address>0xb20</run_address>
         <size>0x18</size>
         <input_file_ref idref="fl-23"/>
      </object_component>
      <object_component id="oc-161">
         <name>AdccResultRegsFile</name>
         <uninitialized>true</uninitialized>
         <run_address>0xb40</run_address>
         <size>0x18</size>
         <input_file_ref idref="fl-23"/>
      </object_component>
      <object_component id="oc-162">
         <name>AdcdResultRegsFile</name>
         <uninitialized>true</uninitialized>
         <run_address>0xb60</run_address>
         <size>0x18</size>
         <input_file_ref idref="fl-23"/>
      </object_component>
      <object_component id="oc-18b">
         <name>AnalogSubsysRegsFile</name>
         <uninitialized>true</uninitialized>
         <run_address>0x5d180</run_address>
         <size>0x3e</size>
         <input_file_ref idref="fl-23"/>
      </object_component>
      <object_component id="oc-1b6">
         <name>CanaRegsFile</name>
         <uninitialized>true</uninitialized>
         <run_address>0x48000</run_address>
         <size>0x164</size>
         <input_file_ref idref="fl-23"/>
      </object_component>
      <object_component id="oc-1b7">
         <name>CanbRegsFile</name>
         <uninitialized>true</uninitialized>
         <run_address>0x4a000</run_address>
         <size>0x164</size>
         <input_file_ref idref="fl-23"/>
      </object_component>
      <object_component id="oc-18c">
         <name>Cla1RegsFile</name>
         <uninitialized>true</uninitialized>
         <run_address>0x1400</run_address>
         <size>0x3e</size>
         <input_file_ref idref="fl-23"/>
      </object_component>
      <object_component id="oc-1b1">
         <name>Clb1DataExchRegsFile</name>
         <uninitialized>true</uninitialized>
         <run_address>0x3200</run_address>
         <size>0x108</size>
         <input_file_ref idref="fl-23"/>
      </object_component>
      <object_component id="oc-1b2">
         <name>Clb2DataExchRegsFile</name>
         <uninitialized>true</uninitialized>
         <run_address>0x3600</run_address>
         <size>0x108</size>
         <input_file_ref idref="fl-23"/>
      </object_component>
      <object_component id="oc-1b3">
         <name>Clb3DataExchRegsFile</name>
         <uninitialized>true</uninitialized>
         <run_address>0x3a00</run_address>
         <size>0x108</size>
         <input_file_ref idref="fl-23"/>
      </object_component>
      <object_component id="oc-1b4">
         <name>Clb4DataExchRegsFile</name>
         <uninitialized>true</uninitialized>
         <run_address>0x3e00</run_address>
         <size>0x108</size>
         <input_file_ref idref="fl-23"/>
      </object_component>
      <object_component id="oc-18d">
         <name>Clb1LogicCfgRegsFile</name>
         <uninitialized>true</uninitialized>
         <run_address>0x3000</run_address>
         <size>0x3e</size>
         <input_file_ref idref="fl-23"/>
      </object_component>
      <object_component id="oc-18e">
         <name>Clb2LogicCfgRegsFile</name>
         <uninitialized>true</uninitialized>
         <run_address>0x3400</run_address>
         <size>0x3e</size>
         <input_file_ref idref="fl-23"/>
      </object_component>
      <object_component id="oc-18f">
         <name>Clb3LogicCfgRegsFile</name>
         <uninitialized>true</uninitialized>
         <run_address>0x3800</run_address>
         <size>0x3e</size>
         <input_file_ref idref="fl-23"/>
      </object_component>
      <object_component id="oc-190">
         <name>Clb4LogicCfgRegsFile</name>
         <uninitialized>true</uninitialized>
         <run_address>0x3c00</run_address>
         <size>0x3e</size>
         <input_file_ref idref="fl-23"/>
      </object_component>
      <object_component id="oc-191">
         <name>Clb1LogicCtrlRegsFile</name>
         <uninitialized>true</uninitialized>
         <run_address>0x3100</run_address>
         <size>0x40</size>
         <input_file_ref idref="fl-23"/>
      </object_component>
      <object_component id="oc-192">
         <name>Clb2LogicCtrlRegsFile</name>
         <uninitialized>true</uninitialized>
         <run_address>0x3500</run_address>
         <size>0x40</size>
         <input_file_ref idref="fl-23"/>
      </object_component>
      <object_component id="oc-193">
         <name>Clb3LogicCtrlRegsFile</name>
         <uninitialized>true</uninitialized>
         <run_address>0x3900</run_address>
         <size>0x40</size>
         <input_file_ref idref="fl-23"/>
      </object_component>
      <object_component id="oc-194">
         <name>Clb4LogicCtrlRegsFile</name>
         <uninitialized>true</uninitialized>
         <run_address>0x3d00</run_address>
         <size>0x40</size>
         <input_file_ref idref="fl-23"/>
      </object_component>
      <object_component id="oc-195">
         <name>ClbXbarRegsFile</name>
         <uninitialized>true</uninitialized>
         <run_address>0x7a40</run_address>
         <size>0x40</size>
         <input_file_ref idref="fl-23"/>
      </object_component>
      <object_component id="oc-189">
         <name>ClkCfgRegsFile</name>
         <uninitialized>true</uninitialized>
         <run_address>0x5d200</run_address>
         <size>0x32</size>
         <input_file_ref idref="fl-23"/>
      </object_component>
      <object_component id="oc-16c">
         <name>Cmpss1RegsFile</name>
         <uninitialized>true</uninitialized>
         <run_address>0x5c80</run_address>
         <size>0x1b</size>
         <input_file_ref idref="fl-23"/>
      </object_component>
      <object_component id="oc-16d">
         <name>Cmpss2RegsFile</name>
         <uninitialized>true</uninitialized>
         <run_address>0x5ca0</run_address>
         <size>0x1b</size>
         <input_file_ref idref="fl-23"/>
      </object_component>
      <object_component id="oc-16e">
         <name>Cmpss3RegsFile</name>
         <uninitialized>true</uninitialized>
         <run_address>0x5cc0</run_address>
         <size>0x1b</size>
         <input_file_ref idref="fl-23"/>
      </object_component>
      <object_component id="oc-16f">
         <name>Cmpss4RegsFile</name>
         <uninitialized>true</uninitialized>
         <run_address>0x5ce0</run_address>
         <size>0x1b</size>
         <input_file_ref idref="fl-23"/>
      </object_component>
      <object_component id="oc-170">
         <name>Cmpss5RegsFile</name>
         <uninitialized>true</uninitialized>
         <run_address>0x5d00</run_address>
         <size>0x1b</size>
         <input_file_ref idref="fl-23"/>
      </object_component>
      <object_component id="oc-171">
         <name>Cmpss6RegsFile</name>
         <uninitialized>true</uninitialized>
         <run_address>0x5d20</run_address>
         <size>0x1b</size>
         <input_file_ref idref="fl-23"/>
      </object_component>
      <object_component id="oc-172">
         <name>Cmpss7RegsFile</name>
         <uninitialized>true</uninitialized>
         <run_address>0x5d40</run_address>
         <size>0x1b</size>
         <input_file_ref idref="fl-23"/>
      </object_component>
      <object_component id="oc-173">
         <name>Cmpss8RegsFile</name>
         <uninitialized>true</uninitialized>
         <run_address>0x5d60</run_address>
         <size>0x1b</size>
         <input_file_ref idref="fl-23"/>
      </object_component>
      <object_component id="oc-14f">
         <name>CpuTimer0RegsFile</name>
         <uninitialized>true</uninitialized>
         <run_address>0xc00</run_address>
         <size>0x8</size>
         <input_file_ref idref="fl-23"/>
      </object_component>
      <object_component id="oc-150">
         <name>CpuTimer1RegsFile</name>
         <uninitialized>true</uninitialized>
         <run_address>0xc08</run_address>
         <size>0x8</size>
         <input_file_ref idref="fl-23"/>
      </object_component>
      <object_component id="oc-151">
         <name>CpuTimer2RegsFile</name>
         <uninitialized>true</uninitialized>
         <run_address>0xc10</run_address>
         <size>0x8</size>
         <input_file_ref idref="fl-23"/>
      </object_component>
      <object_component id="oc-1a2">
         <name>CpuSysRegsFile</name>
         <uninitialized>true</uninitialized>
         <run_address>0x5d300</run_address>
         <size>0x82</size>
         <input_file_ref idref="fl-23"/>
      </object_component>
      <object_component id="oc-14b">
         <name>DacaRegsFile</name>
         <uninitialized>true</uninitialized>
         <run_address>0x5c00</run_address>
         <size>0x7</size>
         <input_file_ref idref="fl-23"/>
      </object_component>
      <object_component id="oc-14c">
         <name>DacbRegsFile</name>
         <uninitialized>true</uninitialized>
         <run_address>0x5c10</run_address>
         <size>0x7</size>
         <input_file_ref idref="fl-23"/>
      </object_component>
      <object_component id="oc-14d">
         <name>DaccRegsFile</name>
         <uninitialized>true</uninitialized>
         <run_address>0x5c20</run_address>
         <size>0x7</size>
         <input_file_ref idref="fl-23"/>
      </object_component>
      <object_component id="oc-149">
         <name>DcsmCommonRegsFile</name>
         <uninitialized>true</uninitialized>
         <run_address>0x5f070</run_address>
         <size>0x6</size>
         <input_file_ref idref="fl-23"/>
      </object_component>
      <object_component id="oc-176">
         <name>DcsmZ1RegsFile</name>
         <uninitialized>true</uninitialized>
         <run_address>0x5f000</run_address>
         <size>0x22</size>
         <input_file_ref idref="fl-23"/>
      </object_component>
      <object_component id="oc-177">
         <name>DcsmZ2RegsFile</name>
         <uninitialized>true</uninitialized>
         <run_address>0x5f040</run_address>
         <size>0x22</size>
         <input_file_ref idref="fl-23"/>
      </object_component>
      <object_component id="oc-1b5">
         <name>DevCfgRegsFile</name>
         <uninitialized>true</uninitialized>
         <run_address>0x5d000</run_address>
         <size>0x12e</size>
         <input_file_ref idref="fl-23"/>
      </object_component>
      <object_component id="oc-163">
         <name>DmaClaSrcSelRegsFile</name>
         <uninitialized>true</uninitialized>
         <run_address>0x7980</run_address>
         <size>0x1a</size>
         <input_file_ref idref="fl-23"/>
      </object_component>
      <object_component id="oc-1a3">
         <name>DmaRegsFile</name>
         <uninitialized>true</uninitialized>
         <run_address>0x1000</run_address>
         <size>0xe0</size>
         <input_file_ref idref="fl-23"/>
      </object_component>
      <object_component id="oc-164">
         <name>ECap1RegsFile</name>
         <uninitialized>true</uninitialized>
         <run_address>0x5000</run_address>
         <size>0x1a</size>
         <input_file_ref idref="fl-23"/>
      </object_component>
      <object_component id="oc-166">
         <name>ECap2RegsFile</name>
         <uninitialized>true</uninitialized>
         <run_address>0x5020</run_address>
         <size>0x1a</size>
         <input_file_ref idref="fl-23"/>
      </object_component>
      <object_component id="oc-167">
         <name>ECap3RegsFile</name>
         <uninitialized>true</uninitialized>
         <run_address>0x5040</run_address>
         <size>0x1a</size>
         <input_file_ref idref="fl-23"/>
      </object_component>
      <object_component id="oc-168">
         <name>ECap4RegsFile</name>
         <uninitialized>true</uninitialized>
         <run_address>0x5060</run_address>
         <size>0x1a</size>
         <input_file_ref idref="fl-23"/>
      </object_component>
      <object_component id="oc-169">
         <name>ECap5RegsFile</name>
         <uninitialized>true</uninitialized>
         <run_address>0x5080</run_address>
         <size>0x1a</size>
         <input_file_ref idref="fl-23"/>
      </object_component>
      <object_component id="oc-16a">
         <name>ECap6RegsFile</name>
         <uninitialized>true</uninitialized>
         <run_address>0x50a0</run_address>
         <size>0x1a</size>
         <input_file_ref idref="fl-23"/>
      </object_component>
      <object_component id="oc-152">
         <name>Emif1ConfigRegsFile</name>
         <uninitialized>true</uninitialized>
         <run_address>0x5f480</run_address>
         <size>0xa</size>
         <input_file_ref idref="fl-23"/>
      </object_component>
      <object_component id="oc-153">
         <name>Emif2ConfigRegsFile</name>
         <uninitialized>true</uninitialized>
         <run_address>0x5f4a0</run_address>
         <size>0xa</size>
         <input_file_ref idref="fl-23"/>
      </object_component>
      <object_component id="oc-183">
         <name>Emif1RegsFile</name>
         <uninitialized>true</uninitialized>
         <run_address>0x47000</run_address>
         <size>0x28</size>
         <input_file_ref idref="fl-23"/>
      </object_component>
      <object_component id="oc-184">
         <name>Emif2RegsFile</name>
         <uninitialized>true</uninitialized>
         <run_address>0x47800</run_address>
         <size>0x28</size>
         <input_file_ref idref="fl-23"/>
      </object_component>
      <object_component id="oc-1a4">
         <name>EPwm1RegsFile</name>
         <uninitialized>true</uninitialized>
         <run_address>0x4000</run_address>
         <size>0x100</size>
         <input_file_ref idref="fl-23"/>
      </object_component>
      <object_component id="oc-1a6">
         <name>EPwm2RegsFile</name>
         <uninitialized>true</uninitialized>
         <run_address>0x4100</run_address>
         <size>0x100</size>
         <input_file_ref idref="fl-23"/>
      </object_component>
      <object_component id="oc-1a7">
         <name>EPwm3RegsFile</name>
         <uninitialized>true</uninitialized>
         <run_address>0x4200</run_address>
         <size>0x100</size>
         <input_file_ref idref="fl-23"/>
      </object_component>
      <object_component id="oc-1a8">
         <name>EPwm4RegsFile</name>
         <uninitialized>true</uninitialized>
         <run_address>0x4300</run_address>
         <size>0x100</size>
         <input_file_ref idref="fl-23"/>
      </object_component>
      <object_component id="oc-1a9">
         <name>EPwm5RegsFile</name>
         <uninitialized>true</uninitialized>
         <run_address>0x4400</run_address>
         <size>0x100</size>
         <input_file_ref idref="fl-23"/>
      </object_component>
      <object_component id="oc-1aa">
         <name>EPwm6RegsFile</name>
         <uninitialized>true</uninitialized>
         <run_address>0x4500</run_address>
         <size>0x100</size>
         <input_file_ref idref="fl-23"/>
      </object_component>
      <object_component id="oc-1ab">
         <name>EPwm7RegsFile</name>
         <uninitialized>true</uninitialized>
         <run_address>0x4600</run_address>
         <size>0x100</size>
         <input_file_ref idref="fl-23"/>
      </object_component>
      <object_component id="oc-1ac">
         <name>EPwm8RegsFile</name>
         <uninitialized>true</uninitialized>
         <run_address>0x4700</run_address>
         <size>0x100</size>
         <input_file_ref idref="fl-23"/>
      </object_component>
      <object_component id="oc-1ad">
         <name>EPwm9RegsFile</name>
         <uninitialized>true</uninitialized>
         <run_address>0x4800</run_address>
         <size>0x100</size>
         <input_file_ref idref="fl-23"/>
      </object_component>
      <object_component id="oc-1ae">
         <name>EPwm10RegsFile</name>
         <uninitialized>true</uninitialized>
         <run_address>0x4900</run_address>
         <size>0x100</size>
         <input_file_ref idref="fl-23"/>
      </object_component>
      <object_component id="oc-1af">
         <name>EPwm11RegsFile</name>
         <uninitialized>true</uninitialized>
         <run_address>0x4a00</run_address>
         <size>0x100</size>
         <input_file_ref idref="fl-23"/>
      </object_component>
      <object_component id="oc-1b0">
         <name>EPwm12RegsFile</name>
         <uninitialized>true</uninitialized>
         <run_address>0x4b00</run_address>
         <size>0x100</size>
         <input_file_ref idref="fl-23"/>
      </object_component>
      <object_component id="oc-196">
         <name>EPwmXbarRegsFile</name>
         <uninitialized>true</uninitialized>
         <run_address>0x7a00</run_address>
         <size>0x40</size>
         <input_file_ref idref="fl-23"/>
      </object_component>
      <object_component id="oc-178">
         <name>EQep1RegsFile</name>
         <uninitialized>true</uninitialized>
         <run_address>0x5100</run_address>
         <size>0x22</size>
         <input_file_ref idref="fl-23"/>
      </object_component>
      <object_component id="oc-17a">
         <name>EQep2RegsFile</name>
         <uninitialized>true</uninitialized>
         <run_address>0x5140</run_address>
         <size>0x22</size>
         <input_file_ref idref="fl-23"/>
      </object_component>
      <object_component id="oc-17b">
         <name>EQep3RegsFile</name>
         <uninitialized>true</uninitialized>
         <run_address>0x5180</run_address>
         <size>0x22</size>
         <input_file_ref idref="fl-23"/>
      </object_component>
      <object_component id="oc-1b9">
         <name>Flash0CtrlRegsFile</name>
         <uninitialized>true</uninitialized>
         <run_address>0x5f800</run_address>
         <size>0x182</size>
         <input_file_ref idref="fl-23"/>
      </object_component>
      <object_component id="oc-185">
         <name>Flash0EccRegsFile</name>
         <uninitialized>true</uninitialized>
         <run_address>0x5fb00</run_address>
         <size>0x28</size>
         <input_file_ref idref="fl-23"/>
      </object_component>
      <object_component id="oc-146">
         <name>FlashPumpSemaphoreRegsFile</name>
         <uninitialized>true</uninitialized>
         <run_address>0x50024</run_address>
         <size>0x2</size>
         <input_file_ref idref="fl-23"/>
      </object_component>
      <object_component id="oc-1b8">
         <name>GpioCtrlRegsFile</name>
         <uninitialized>true</uninitialized>
         <run_address>0x7c00</run_address>
         <size>0x180</size>
         <input_file_ref idref="fl-23"/>
      </object_component>
      <object_component id="oc-188">
         <name>GpioDataRegsFile</name>
         <uninitialized>true</uninitialized>
         <run_address>0x7f00</run_address>
         <size>0x30</size>
         <input_file_ref idref="fl-23"/>
      </object_component>
      <object_component id="oc-17c">
         <name>I2caRegsFile</name>
         <uninitialized>true</uninitialized>
         <run_address>0x7300</run_address>
         <size>0x22</size>
         <input_file_ref idref="fl-23"/>
      </object_component>
      <object_component id="oc-17e">
         <name>I2cbRegsFile</name>
         <uninitialized>true</uninitialized>
         <run_address>0x7340</run_address>
         <size>0x22</size>
         <input_file_ref idref="fl-23"/>
      </object_component>
      <object_component id="oc-174">
         <name>InputXbarRegsFile</name>
         <uninitialized>true</uninitialized>
         <run_address>0x7900</run_address>
         <size>0x20</size>
         <input_file_ref idref="fl-23"/>
      </object_component>
      <object_component id="oc-17f">
         <name>IpcRegsFile</name>
         <uninitialized>true</uninitialized>
         <run_address>0x50000</run_address>
         <size>0x24</size>
         <input_file_ref idref="fl-23"/>
      </object_component>
      <object_component id="oc-18a">
         <name>MemoryErrorRegsFile</name>
         <uninitialized>true</uninitialized>
         <run_address>0x5f500</run_address>
         <size>0x3a</size>
         <input_file_ref idref="fl-23"/>
      </object_component>
      <object_component id="oc-19c">
         <name>MemCfgRegsFile</name>
         <uninitialized>true</uninitialized>
         <run_address>0x5f400</run_address>
         <size>0x76</size>
         <input_file_ref idref="fl-23"/>
      </object_component>
      <object_component id="oc-180">
         <name>McbspaRegsFile</name>
         <uninitialized>true</uninitialized>
         <run_address>0x6000</run_address>
         <size>0x24</size>
         <input_file_ref idref="fl-23"/>
      </object_component>
      <object_component id="oc-182">
         <name>McbspbRegsFile</name>
         <uninitialized>true</uninitialized>
         <run_address>0x6040</run_address>
         <size>0x24</size>
         <input_file_ref idref="fl-23"/>
      </object_component>
      <object_component id="oc-14e">
         <name>NmiIntruptRegsFile</name>
         <uninitialized>true</uninitialized>
         <run_address>0x7060</run_address>
         <size>0x7</size>
         <input_file_ref idref="fl-23"/>
      </object_component>
      <object_component id="oc-197">
         <name>OutputXbarRegsFile</name>
         <uninitialized>true</uninitialized>
         <run_address>0x7a80</run_address>
         <size>0x40</size>
         <input_file_ref idref="fl-23"/>
      </object_component>
      <object_component id="oc-16b">
         <name>PieCtrlRegsFile</name>
         <uninitialized>true</uninitialized>
         <run_address>0xce0</run_address>
         <size>0x1a</size>
         <input_file_ref idref="fl-23"/>
      </object_component>
      <object_component id="oc-147">
         <name>RomPrefetchRegsFile</name>
         <uninitialized>true</uninitialized>
         <run_address>0x5e608</run_address>
         <size>0x2</size>
         <input_file_ref idref="fl-23"/>
      </object_component>
      <object_component id="oc-148">
         <name>RomWaitStateRegsFile</name>
         <uninitialized>true</uninitialized>
         <run_address>0x5f540</run_address>
         <size>0x2</size>
         <input_file_ref idref="fl-23"/>
      </object_component>
      <object_component id="oc-156">
         <name>SciaRegsFile</name>
         <uninitialized>true</uninitialized>
         <run_address>0x7200</run_address>
         <size>0x10</size>
         <input_file_ref idref="fl-23"/>
      </object_component>
      <object_component id="oc-158">
         <name>ScibRegsFile</name>
         <uninitialized>true</uninitialized>
         <run_address>0x7210</run_address>
         <size>0x10</size>
         <input_file_ref idref="fl-23"/>
      </object_component>
      <object_component id="oc-159">
         <name>ScicRegsFile</name>
         <uninitialized>true</uninitialized>
         <run_address>0x7220</run_address>
         <size>0x10</size>
         <input_file_ref idref="fl-23"/>
      </object_component>
      <object_component id="oc-15a">
         <name>ScidRegsFile</name>
         <uninitialized>true</uninitialized>
         <run_address>0x7230</run_address>
         <size>0x10</size>
         <input_file_ref idref="fl-23"/>
      </object_component>
      <object_component id="oc-198">
         <name>Sdfm1RegsFile</name>
         <uninitialized>true</uninitialized>
         <run_address>0x5e00</run_address>
         <size>0x48</size>
         <input_file_ref idref="fl-23"/>
      </object_component>
      <object_component id="oc-19a">
         <name>Sdfm2RegsFile</name>
         <uninitialized>true</uninitialized>
         <run_address>0x5e80</run_address>
         <size>0x48</size>
         <input_file_ref idref="fl-23"/>
      </object_component>
      <object_component id="oc-15b">
         <name>SpiaRegsFile</name>
         <uninitialized>true</uninitialized>
         <run_address>0x6100</run_address>
         <size>0x10</size>
         <input_file_ref idref="fl-23"/>
      </object_component>
      <object_component id="oc-15d">
         <name>SpibRegsFile</name>
         <uninitialized>true</uninitialized>
         <run_address>0x6110</run_address>
         <size>0x10</size>
         <input_file_ref idref="fl-23"/>
      </object_component>
      <object_component id="oc-15e">
         <name>SpicRegsFile</name>
         <uninitialized>true</uninitialized>
         <run_address>0x6120</run_address>
         <size>0x10</size>
         <input_file_ref idref="fl-23"/>
      </object_component>
      <object_component id="oc-14a">
         <name>SyncSocRegsFile</name>
         <uninitialized>true</uninitialized>
         <run_address>0x7940</run_address>
         <size>0x6</size>
         <input_file_ref idref="fl-23"/>
      </object_component>
      <object_component id="oc-19b">
         <name>UppRegsFile</name>
         <uninitialized>true</uninitialized>
         <run_address>0x6200</run_address>
         <size>0x48</size>
         <input_file_ref idref="fl-23"/>
      </object_component>
      <object_component id="oc-186">
         <name>WdRegsFile</name>
         <uninitialized>true</uninitialized>
         <run_address>0x7000</run_address>
         <size>0x2b</size>
         <input_file_ref idref="fl-23"/>
      </object_component>
      <object_component id="oc-155">
         <name>XbarRegsFile</name>
         <uninitialized>true</uninitialized>
         <run_address>0x7920</run_address>
         <size>0xe</size>
         <input_file_ref idref="fl-23"/>
      </object_component>
      <object_component id="oc-154">
         <name>XintRegsFile</name>
         <uninitialized>true</uninitialized>
         <run_address>0x7070</run_address>
         <size>0xb</size>
         <input_file_ref idref="fl-23"/>
      </object_component>
      <object_component id="oc-93">
         <name>.debug_info</name>
         <load_address>0x0</load_address>
         <run_address>0x0</run_address>
         <size>0x971</size>
         <input_file_ref idref="fl-2"/>
      </object_component>
      <object_component id="oc-98">
         <name>.debug_info</name>
         <load_address>0x971</load_address>
         <run_address>0x971</run_address>
         <size>0x112f6</size>
         <input_file_ref idref="fl-3"/>
      </object_component>
      <object_component id="oc-9d">
         <name>.debug_info</name>
         <load_address>0x11c67</load_address>
         <run_address>0x11c67</run_address>
         <size>0x7968</size>
         <input_file_ref idref="fl-4"/>
      </object_component>
      <object_component id="oc-a7">
         <name>.debug_info</name>
         <load_address>0x195cf</load_address>
         <run_address>0x195cf</run_address>
         <size>0x469d</size>
         <input_file_ref idref="fl-5"/>
      </object_component>
      <object_component id="oc-af">
         <name>.debug_info</name>
         <load_address>0x1dc6c</load_address>
         <run_address>0x1dc6c</run_address>
         <size>0x136</size>
         <input_file_ref idref="fl-6"/>
      </object_component>
      <object_component id="oc-b2">
         <name>.debug_info</name>
         <load_address>0x1dda2</load_address>
         <run_address>0x1dda2</run_address>
         <size>0x999</size>
         <input_file_ref idref="fl-7"/>
      </object_component>
      <object_component id="oc-ba">
         <name>.debug_info</name>
         <load_address>0x1e73b</load_address>
         <run_address>0x1e73b</run_address>
         <size>0xf6</size>
         <input_file_ref idref="fl-8"/>
      </object_component>
      <object_component id="oc-bd">
         <name>.debug_info</name>
         <load_address>0x1e831</load_address>
         <run_address>0x1e831</run_address>
         <size>0x3c90</size>
         <input_file_ref idref="fl-9"/>
      </object_component>
      <object_component id="oc-c3">
         <name>.debug_info</name>
         <load_address>0x224c1</load_address>
         <run_address>0x224c1</run_address>
         <size>0x471a</size>
         <input_file_ref idref="fl-a"/>
      </object_component>
      <object_component id="oc-c8">
         <name>.debug_info</name>
         <load_address>0x26bdb</load_address>
         <run_address>0x26bdb</run_address>
         <size>0x13e42</size>
         <input_file_ref idref="fl-b"/>
      </object_component>
      <object_component id="oc-cd">
         <name>.debug_info</name>
         <load_address>0x3aa1d</load_address>
         <run_address>0x3aa1d</run_address>
         <size>0xf3d0</size>
         <input_file_ref idref="fl-c"/>
      </object_component>
      <object_component id="oc-d2">
         <name>.debug_info</name>
         <load_address>0x49ded</load_address>
         <run_address>0x49ded</run_address>
         <size>0xf3d0</size>
         <input_file_ref idref="fl-d"/>
      </object_component>
      <object_component id="oc-d7">
         <name>.debug_info</name>
         <load_address>0x591bd</load_address>
         <run_address>0x591bd</run_address>
         <size>0x5534</size>
         <input_file_ref idref="fl-e"/>
      </object_component>
      <object_component id="oc-dc">
         <name>.debug_info</name>
         <load_address>0x5e6f1</load_address>
         <run_address>0x5e6f1</run_address>
         <size>0x1a025</size>
         <input_file_ref idref="fl-f"/>
      </object_component>
      <object_component id="oc-e1">
         <name>.debug_info</name>
         <load_address>0x78716</load_address>
         <run_address>0x78716</run_address>
         <size>0xf3cf</size>
         <input_file_ref idref="fl-10"/>
      </object_component>
      <object_component id="oc-e6">
         <name>.debug_info</name>
         <load_address>0x87ae5</load_address>
         <run_address>0x87ae5</run_address>
         <size>0x162c</size>
         <input_file_ref idref="fl-11"/>
      </object_component>
      <object_component id="oc-eb">
         <name>.debug_info</name>
         <load_address>0x89111</load_address>
         <run_address>0x89111</run_address>
         <size>0x19ad</size>
         <input_file_ref idref="fl-12"/>
      </object_component>
      <object_component id="oc-f6">
         <name>.debug_info</name>
         <load_address>0x8aabe</load_address>
         <run_address>0x8aabe</run_address>
         <size>0x48cb</size>
         <input_file_ref idref="fl-13"/>
      </object_component>
      <object_component id="oc-fb">
         <name>.debug_info</name>
         <load_address>0x8f389</load_address>
         <run_address>0x8f389</run_address>
         <size>0x17d50</size>
         <input_file_ref idref="fl-14"/>
      </object_component>
      <object_component id="oc-100">
         <name>.debug_info</name>
         <load_address>0xa70d9</load_address>
         <run_address>0xa70d9</run_address>
         <size>0x10c72</size>
         <input_file_ref idref="fl-15"/>
      </object_component>
      <object_component id="oc-105">
         <name>.debug_info</name>
         <load_address>0xb7d4b</load_address>
         <run_address>0xb7d4b</run_address>
         <size>0x3567</size>
         <input_file_ref idref="fl-16"/>
      </object_component>
      <object_component id="oc-10a">
         <name>.debug_info</name>
         <load_address>0xbb2b2</load_address>
         <run_address>0xbb2b2</run_address>
         <size>0x671f</size>
         <input_file_ref idref="fl-17"/>
      </object_component>
      <object_component id="oc-10f">
         <name>.debug_info</name>
         <load_address>0xc19d1</load_address>
         <run_address>0xc19d1</run_address>
         <size>0x187</size>
         <input_file_ref idref="fl-18"/>
      </object_component>
      <object_component id="oc-111">
         <name>.debug_info</name>
         <load_address>0xc1b58</load_address>
         <run_address>0xc1b58</run_address>
         <size>0xfcb7</size>
         <input_file_ref idref="fl-19"/>
      </object_component>
      <object_component id="oc-116">
         <name>.debug_info</name>
         <load_address>0xd180f</load_address>
         <run_address>0xd180f</run_address>
         <size>0xccb7</size>
         <input_file_ref idref="fl-1a"/>
      </object_component>
      <object_component id="oc-11b">
         <name>.debug_info</name>
         <load_address>0xde4c6</load_address>
         <run_address>0xde4c6</run_address>
         <size>0x4edd</size>
         <input_file_ref idref="fl-1b"/>
      </object_component>
      <object_component id="oc-121">
         <name>.debug_info</name>
         <load_address>0xe33a3</load_address>
         <run_address>0xe33a3</run_address>
         <size>0x10972</size>
         <input_file_ref idref="fl-1c"/>
      </object_component>
      <object_component id="oc-126">
         <name>.debug_info</name>
         <load_address>0xf3d15</load_address>
         <run_address>0xf3d15</run_address>
         <size>0x29e8</size>
         <input_file_ref idref="fl-1d"/>
      </object_component>
      <object_component id="oc-12b">
         <name>.debug_info</name>
         <load_address>0xf66fd</load_address>
         <run_address>0xf66fd</run_address>
         <size>0x340d</size>
         <input_file_ref idref="fl-1e"/>
      </object_component>
      <object_component id="oc-132">
         <name>.debug_info</name>
         <load_address>0xf9b0a</load_address>
         <run_address>0xf9b0a</run_address>
         <size>0x1f9d</size>
         <input_file_ref idref="fl-1f"/>
      </object_component>
      <object_component id="oc-137">
         <name>.debug_info</name>
         <load_address>0xfbaa7</load_address>
         <run_address>0xfbaa7</run_address>
         <size>0x102f1</size>
         <input_file_ref idref="fl-20"/>
      </object_component>
      <object_component id="oc-13b">
         <name>.debug_info</name>
         <load_address>0x10bd98</load_address>
         <run_address>0x10bd98</run_address>
         <size>0xf9</size>
         <input_file_ref idref="fl-21"/>
      </object_component>
      <object_component id="oc-13e">
         <name>.debug_info</name>
         <load_address>0x10be91</load_address>
         <run_address>0x10be91</run_address>
         <size>0x1119</size>
         <input_file_ref idref="fl-22"/>
      </object_component>
      <object_component id="oc-145">
         <name>.debug_info</name>
         <load_address>0x10cfaa</load_address>
         <run_address>0x10cfaa</run_address>
         <size>0x572e8</size>
         <input_file_ref idref="fl-23"/>
      </object_component>
      <object_component id="oc-1bc">
         <name>.debug_info</name>
         <load_address>0x164292</load_address>
         <run_address>0x164292</run_address>
         <size>0x18c</size>
         <input_file_ref idref="fl-24"/>
      </object_component>
      <object_component id="oc-1be">
         <name>.debug_info</name>
         <load_address>0x16441e</load_address>
         <run_address>0x16441e</run_address>
         <size>0x52d</size>
         <input_file_ref idref="fl-25"/>
      </object_component>
      <object_component id="oc-1c3">
         <name>.debug_info</name>
         <load_address>0x16494b</load_address>
         <run_address>0x16494b</run_address>
         <size>0x1232c</size>
         <input_file_ref idref="fl-26"/>
      </object_component>
      <object_component id="oc-1c8">
         <name>.debug_info</name>
         <load_address>0x176c77</load_address>
         <run_address>0x176c77</run_address>
         <size>0x257b</size>
         <input_file_ref idref="fl-27"/>
      </object_component>
      <object_component id="oc-1cf">
         <name>.debug_info</name>
         <load_address>0x1791f2</load_address>
         <run_address>0x1791f2</run_address>
         <size>0x173</size>
         <input_file_ref idref="fl-39"/>
      </object_component>
      <object_component id="oc-1d4">
         <name>.debug_info</name>
         <load_address>0x179365</load_address>
         <run_address>0x179365</run_address>
         <size>0x114</size>
         <input_file_ref idref="fl-3a"/>
      </object_component>
      <object_component id="oc-1d9">
         <name>.debug_info</name>
         <load_address>0x179479</load_address>
         <run_address>0x179479</run_address>
         <size>0x176</size>
         <input_file_ref idref="fl-3b"/>
      </object_component>
      <object_component id="oc-1dd">
         <name>.debug_info</name>
         <load_address>0x1795ef</load_address>
         <run_address>0x1795ef</run_address>
         <size>0x561</size>
         <input_file_ref idref="fl-3c"/>
      </object_component>
      <object_component id="oc-1e2">
         <name>.debug_info</name>
         <load_address>0x179b50</load_address>
         <run_address>0x179b50</run_address>
         <size>0x43a</size>
         <input_file_ref idref="fl-3d"/>
      </object_component>
      <object_component id="oc-1e7">
         <name>.debug_info</name>
         <load_address>0x179f8a</load_address>
         <run_address>0x179f8a</run_address>
         <size>0x3ad</size>
         <input_file_ref idref="fl-3e"/>
      </object_component>
      <object_component id="oc-1ec">
         <name>.debug_info</name>
         <load_address>0x17a337</load_address>
         <run_address>0x17a337</run_address>
         <size>0x3aa</size>
         <input_file_ref idref="fl-3f"/>
      </object_component>
      <object_component id="oc-1f1">
         <name>.debug_info</name>
         <load_address>0x17a6e1</load_address>
         <run_address>0x17a6e1</run_address>
         <size>0x544</size>
         <input_file_ref idref="fl-40"/>
      </object_component>
      <object_component id="oc-1f8">
         <name>.debug_info</name>
         <load_address>0x17ac25</load_address>
         <run_address>0x17ac25</run_address>
         <size>0x4cc</size>
         <input_file_ref idref="fl-41"/>
      </object_component>
      <object_component id="oc-1fd">
         <name>.debug_info</name>
         <load_address>0x17b0f1</load_address>
         <run_address>0x17b0f1</run_address>
         <size>0x467</size>
         <input_file_ref idref="fl-42"/>
      </object_component>
      <object_component id="oc-202">
         <name>.debug_info</name>
         <load_address>0x17b558</load_address>
         <run_address>0x17b558</run_address>
         <size>0x376</size>
         <input_file_ref idref="fl-43"/>
      </object_component>
      <object_component id="oc-207">
         <name>.debug_info</name>
         <load_address>0x17b8ce</load_address>
         <run_address>0x17b8ce</run_address>
         <size>0x111a</size>
         <input_file_ref idref="fl-47"/>
      </object_component>
      <object_component id="oc-20c">
         <name>.debug_info</name>
         <load_address>0x17c9e8</load_address>
         <run_address>0x17c9e8</run_address>
         <size>0x461</size>
         <input_file_ref idref="fl-48"/>
      </object_component>
      <object_component id="oc-211">
         <name>.debug_info</name>
         <load_address>0x17ce49</load_address>
         <run_address>0x17ce49</run_address>
         <size>0x1f0e</size>
         <input_file_ref idref="fl-49"/>
      </object_component>
      <object_component id="oc-216">
         <name>.debug_info</name>
         <load_address>0x17ed57</load_address>
         <run_address>0x17ed57</run_address>
         <size>0x746</size>
         <input_file_ref idref="fl-4a"/>
      </object_component>
      <object_component id="oc-21b">
         <name>.debug_info</name>
         <load_address>0x17f49d</load_address>
         <run_address>0x17f49d</run_address>
         <size>0x705</size>
         <input_file_ref idref="fl-4b"/>
      </object_component>
      <object_component id="oc-2e3">
         <name>.debug_info</name>
         <load_address>0x17fba2</load_address>
         <run_address>0x17fba2</run_address>
         <size>0xa5</size>
      </object_component>
      <object_component id="oc-94">
         <name>.debug_frame</name>
         <load_address>0x0</load_address>
         <run_address>0x0</run_address>
         <size>0x1c0</size>
         <input_file_ref idref="fl-2"/>
      </object_component>
      <object_component id="oc-99">
         <name>.debug_frame</name>
         <load_address>0x1c0</load_address>
         <run_address>0x1c0</run_address>
         <size>0x90</size>
         <input_file_ref idref="fl-3"/>
      </object_component>
      <object_component id="oc-a3">
         <name>.debug_frame</name>
         <load_address>0x250</load_address>
         <run_address>0x250</run_address>
         <size>0x3fc</size>
         <input_file_ref idref="fl-4"/>
      </object_component>
      <object_component id="oc-a8">
         <name>.debug_frame</name>
         <load_address>0x64c</load_address>
         <run_address>0x64c</run_address>
         <size>0x28</size>
         <input_file_ref idref="fl-5"/>
      </object_component>
      <object_component id="oc-b4">
         <name>.debug_frame</name>
         <load_address>0x674</load_address>
         <run_address>0x674</run_address>
         <size>0x5c</size>
         <input_file_ref idref="fl-7"/>
      </object_component>
      <object_component id="oc-bf">
         <name>.debug_frame</name>
         <load_address>0x6d0</load_address>
         <run_address>0x6d0</run_address>
         <size>0x11d0</size>
         <input_file_ref idref="fl-9"/>
      </object_component>
      <object_component id="oc-c4">
         <name>.debug_frame</name>
         <load_address>0x18a0</load_address>
         <run_address>0x18a0</run_address>
         <size>0x28</size>
         <input_file_ref idref="fl-a"/>
      </object_component>
      <object_component id="oc-c9">
         <name>.debug_frame</name>
         <load_address>0x18c8</load_address>
         <run_address>0x18c8</run_address>
         <size>0x28</size>
         <input_file_ref idref="fl-b"/>
      </object_component>
      <object_component id="oc-ce">
         <name>.debug_frame</name>
         <load_address>0x18f0</load_address>
         <run_address>0x18f0</run_address>
         <size>0x28</size>
         <input_file_ref idref="fl-c"/>
      </object_component>
      <object_component id="oc-d3">
         <name>.debug_frame</name>
         <load_address>0x1918</load_address>
         <run_address>0x1918</run_address>
         <size>0x28</size>
         <input_file_ref idref="fl-d"/>
      </object_component>
      <object_component id="oc-d8">
         <name>.debug_frame</name>
         <load_address>0x1940</load_address>
         <run_address>0x1940</run_address>
         <size>0x28</size>
         <input_file_ref idref="fl-e"/>
      </object_component>
      <object_component id="oc-dd">
         <name>.debug_frame</name>
         <load_address>0x1968</load_address>
         <run_address>0x1968</run_address>
         <size>0x1a8</size>
         <input_file_ref idref="fl-f"/>
      </object_component>
      <object_component id="oc-e2">
         <name>.debug_frame</name>
         <load_address>0x1b10</load_address>
         <run_address>0x1b10</run_address>
         <size>0x28</size>
         <input_file_ref idref="fl-10"/>
      </object_component>
      <object_component id="oc-e7">
         <name>.debug_frame</name>
         <load_address>0x1b38</load_address>
         <run_address>0x1b38</run_address>
         <size>0x28</size>
         <input_file_ref idref="fl-11"/>
      </object_component>
      <object_component id="oc-f2">
         <name>.debug_frame</name>
         <load_address>0x1b60</load_address>
         <run_address>0x1b60</run_address>
         <size>0x28</size>
         <input_file_ref idref="fl-12"/>
      </object_component>
      <object_component id="oc-f7">
         <name>.debug_frame</name>
         <load_address>0x1b88</load_address>
         <run_address>0x1b88</run_address>
         <size>0x28</size>
         <input_file_ref idref="fl-13"/>
      </object_component>
      <object_component id="oc-fc">
         <name>.debug_frame</name>
         <load_address>0x1bb0</load_address>
         <run_address>0x1bb0</run_address>
         <size>0x28</size>
         <input_file_ref idref="fl-14"/>
      </object_component>
      <object_component id="oc-101">
         <name>.debug_frame</name>
         <load_address>0x1bd8</load_address>
         <run_address>0x1bd8</run_address>
         <size>0x210</size>
         <input_file_ref idref="fl-15"/>
      </object_component>
      <object_component id="oc-106">
         <name>.debug_frame</name>
         <load_address>0x1de8</load_address>
         <run_address>0x1de8</run_address>
         <size>0x58</size>
         <input_file_ref idref="fl-16"/>
      </object_component>
      <object_component id="oc-10b">
         <name>.debug_frame</name>
         <load_address>0x1e40</load_address>
         <run_address>0x1e40</run_address>
         <size>0x44</size>
         <input_file_ref idref="fl-17"/>
      </object_component>
      <object_component id="oc-112">
         <name>.debug_frame</name>
         <load_address>0x1e84</load_address>
         <run_address>0x1e84</run_address>
         <size>0x28</size>
         <input_file_ref idref="fl-19"/>
      </object_component>
      <object_component id="oc-117">
         <name>.debug_frame</name>
         <load_address>0x1eac</load_address>
         <run_address>0x1eac</run_address>
         <size>0x238</size>
         <input_file_ref idref="fl-1a"/>
      </object_component>
      <object_component id="oc-11d">
         <name>.debug_frame</name>
         <load_address>0x20e4</load_address>
         <run_address>0x20e4</run_address>
         <size>0x28</size>
[...]
         <value>0x5e608</value>
         <object_component_ref idref="oc-147"/>
      </symbol>
      <symbol id="sm-6cd">
         <name>_Clb4LogicCtrlRegs</name>
         <value>0x3d00</value>
         <object_component_ref idref="oc-194"/>
      </symbol>
      <symbol id="sm-6ce">
         <name>_Cmpss4Regs</name>
         <value>0x5ce0</value>
         <object_component_ref idref="oc-16f"/>
      </symbol>
      <symbol id="sm-6cf">
         <name>_Clb1DataExchRegs</name>
         <value>0x3200</value>
         <object_component_ref idref="oc-1b1"/>
      </symbol>
      <symbol id="sm-6d0">
         <name>_EPwm5Regs</name>
         <value>0x4400</value>
         <object_component_ref idref="oc-1a9"/>
      </symbol>
      <symbol id="sm-6d1">
         <name>_UppRegs</name>
         <value>0x6200</value>
         <object_component_ref idref="oc-19b"/>
      </symbol>
      <symbol id="sm-6d2">
         <name>_SpiaRegs</name>
         <value>0x6100</value>
         <object_component_ref idref="oc-15b"/>
      </symbol>
      <symbol id="sm-6d3">
         <name>_CpuSysRegs</name>
         <value>0x5d300</value>
         <object_component_ref idref="oc-1a2"/>
      </symbol>
      <symbol id="sm-6d4">
         <name>_CanbRegs</name>
         <value>0x4a000</value>
         <object_component_ref idref="oc-1b7"/>
      </symbol>
      <symbol id="sm-6d5">
         <name>_ECap6Regs</name>
         <value>0x50a0</value>
         <object_component_ref idref="oc-16a"/>
      </symbol>
      <symbol id="sm-6d6">
         <name>_ClbXbarRegs</name>
         <value>0x7a40</value>
         <object_component_ref idref="oc-195"/>
      </symbol>
      <symbol id="sm-6d7">
         <name>_DmaRegs</name>
         <value>0x1000</value>
         <object_component_ref idref="oc-1a3"/>
      </symbol>
      <symbol id="sm-6d8">
         <name>_XintRegs</name>
         <value>0x7070</value>
         <object_component_ref idref="oc-154"/>
      </symbol>
      <symbol id="sm-6d9">
         <name>_CpuTimer0Regs</name>
         <value>0xc00</value>
         <object_component_ref idref="oc-14f"/>
      </symbol>
      <symbol id="sm-6da">
         <name>_Cmpss5Regs</name>
         <value>0x5d00</value>
         <object_component_ref idref="oc-170"/>
      </symbol>
      <symbol id="sm-6db">
         <name>_Emif1Regs</name>
         <value>0x47000</value>
         <object_component_ref idref="oc-183"/>
      </symbol>
      <symbol id="sm-6dc">
         <name>_AccessProtectionRegs</name>
         <value>0x5f4c0</value>
         <object_component_ref idref="oc-187"/>
      </symbol>
      <symbol id="sm-6dd">
         <name>_MemCfgRegs</name>
         <value>0x5f400</value>
         <object_component_ref idref="oc-19c"/>
      </symbol>
      <symbol id="sm-6de">
         <name>_DacaRegs</name>
         <value>0x5c00</value>
         <object_component_ref idref="oc-14b"/>
      </symbol>
      <symbol id="sm-6df">
         <name>_McbspbRegs</name>
         <value>0x6040</value>
         <object_component_ref idref="oc-182"/>
      </symbol>
      <symbol id="sm-6e0">
         <name>_EPwm6Regs</name>
         <value>0x4500</value>
         <object_component_ref idref="oc-1aa"/>
      </symbol>
      <symbol id="sm-6e1">
         <name>_AdcaRegs</name>
         <value>0x7400</value>
         <object_component_ref idref="oc-19d"/>
      </symbol>
      <symbol id="sm-6e2">
         <name>_SciaRegs</name>
         <value>0x7200</value>
         <object_component_ref idref="oc-156"/>
      </symbol>
      <symbol id="sm-6e3">
         <name>_EPwm11Regs</name>
         <value>0x4a00</value>
         <object_component_ref idref="oc-1af"/>
      </symbol>
      <symbol id="sm-6e4">
         <name>_GpioDataRegs</name>
         <value>0x7f00</value>
         <object_component_ref idref="oc-188"/>
      </symbol>
      <symbol id="sm-6e5">
         <name>_Sdfm1Regs</name>
         <value>0x5e00</value>
         <object_component_ref idref="oc-198"/>
      </symbol>
      <symbol id="sm-6e6">
         <name>_Cmpss2Regs</name>
         <value>0x5ca0</value>
         <object_component_ref idref="oc-16d"/>
      </symbol>
      <symbol id="sm-6e7">
         <name>_Emif2Regs</name>
         <value>0x47800</value>
         <object_component_ref idref="oc-184"/>
      </symbol>
      <symbol id="sm-6e8">
         <name>_DcsmZ1Regs</name>
         <value>0x5f000</value>
         <object_component_ref idref="oc-176"/>
      </symbol>
      <symbol id="sm-6e9">
         <name>_Flash0CtrlRegs</name>
         <value>0x5f800</value>
         <object_component_ref idref="oc-1b9"/>
      </symbol>
      <symbol id="sm-6ea">
         <name>_EPwm7Regs</name>
         <value>0x4600</value>
         <object_component_ref idref="oc-1ab"/>
      </symbol>
      <symbol id="sm-6eb">
         <name>_SpicRegs</name>
         <value>0x6120</value>
         <object_component_ref idref="oc-15e"/>
      </symbol>
      <symbol id="sm-6ec">
         <name>_Clb4DataExchRegs</name>
         <value>0x3e00</value>
         <object_component_ref idref="oc-1b4"/>
      </symbol>
      <symbol id="sm-6ed">
         <name>_EPwm10Regs</name>
         <value>0x4900</value>
         <object_component_ref idref="oc-1ae"/>
      </symbol>
      <symbol id="sm-6ee">
         <name>_CpuTimer2Regs</name>
         <value>0xc10</value>
         <object_component_ref idref="oc-151"/>
      </symbol>
      <symbol id="sm-6ef">
         <name>_Clb3LogicCfgRegs</name>
         <value>0x3800</value>
         <object_component_ref idref="oc-18f"/>
      </symbol>
      <symbol id="sm-6f0">
         <name>_DmaClaSrcSelRegs</name>
         <value>0x7980</value>
         <object_component_ref idref="oc-163"/>
      </symbol>
      <symbol id="sm-6f1">
         <name>_AnalogSubsysRegs</name>
         <value>0x5d180</value>
         <object_component_ref idref="oc-18b"/>
      </symbol>
      <symbol id="sm-6f2">
         <name>_Cmpss3Regs</name>
         <value>0x5cc0</value>
         <object_component_ref idref="oc-16e"/>
      </symbol>
      <symbol id="sm-6f3">
         <name>_DaccRegs</name>
         <value>0x5c20</value>
         <object_component_ref idref="oc-14d"/>
      </symbol>
      <symbol id="sm-6f4">
         <name>_PieCtrlRegs</name>
         <value>0xce0</value>
         <object_component_ref idref="oc-16b"/>
      </symbol>
      <symbol id="sm-6f5">
         <name>_DevCfgRegs</name>
         <value>0x5d000</value>
         <object_component_ref idref="oc-1b5"/>
      </symbol>
      <symbol id="sm-6f6">
         <name>_SpibRegs</name>
         <value>0x6110</value>
         <object_component_ref idref="oc-15d"/>
      </symbol>
      <symbol id="sm-6f7">
         <name>_Clb1LogicCtrlRegs</name>
         <value>0x3100</value>
         <object_component_ref idref="oc-191"/>
      </symbol>
      <symbol id="sm-6f8">
         <name>_AdccRegs</name>
         <value>0x7500</value>
         <object_component_ref idref="oc-1a0"/>
      </symbol>
      <symbol id="sm-6f9">
         <name>_ScicRegs</name>
         <value>0x7220</value>
         <object_component_ref idref="oc-159"/>
      </symbol>
      <symbol id="sm-6fa">
         <name>_ECap1Regs</name>
         <value>0x5000</value>
         <object_component_ref idref="oc-164"/>
      </symbol>
      <symbol id="sm-6fb">
         <name>_OutputXbarRegs</name>
         <value>0x7a80</value>
         <object_component_ref idref="oc-197"/>
      </symbol>
      <symbol id="sm-6fc">
         <name>_MemoryErrorRegs</name>
         <value>0x5f500</value>
         <object_component_ref idref="oc-18a"/>
      </symbol>
      <symbol id="sm-6fd">
         <name>_Cla1Regs</name>
         <value>0x1400</value>
         <object_component_ref idref="oc-18c"/>
      </symbol>
      <symbol id="sm-6fe">
         <name>_EQep1Regs</name>
         <value>0x5100</value>
         <object_component_ref idref="oc-178"/>
      </symbol>
      <symbol id="sm-6ff">
         <name>_DacbRegs</name>
         <value>0x5c10</value>
         <object_component_ref idref="oc-14c"/>
      </symbol>
      <symbol id="sm-700">
         <name>_Clb2DataExchRegs</name>
         <value>0x3600</value>
         <object_component_ref idref="oc-1b2"/>
      </symbol>
      <symbol id="sm-701">
         <name>_Clb4LogicCfgRegs</name>
         <value>0x3c00</value>
         <object_component_ref idref="oc-190"/>
      </symbol>
      <symbol id="sm-702">
         <name>_McbspaRegs</name>
         <value>0x6000</value>
         <object_component_ref idref="oc-180"/>
      </symbol>
      <symbol id="sm-703">
         <name>_EPwm1Regs</name>
         <value>0x4000</value>
         <object_component_ref idref="oc-1a4"/>
      </symbol>
      <symbol id="sm-704">
         <name>_Clb3LogicCtrlRegs</name>
         <value>0x3900</value>
         <object_component_ref idref="oc-193"/>
      </symbol>
      <symbol id="sm-705">
         <name>_AdcbRegs</name>
         <value>0x7480</value>
         <object_component_ref idref="oc-19f"/>
      </symbol>
      <symbol id="sm-706">
         <name>_ScibRegs</name>
         <value>0x7210</value>
         <object_component_ref idref="oc-158"/>
      </symbol>
      <symbol id="sm-707">
         <name>_AdcaResultRegs</name>
         <value>0xb00</value>
         <object_component_ref idref="oc-15f"/>
      </symbol>
      <symbol id="sm-708">
         <name>_ECap2Regs</name>
         <value>0x5020</value>
         <object_component_ref idref="oc-166"/>
      </symbol>
      <symbol id="sm-709">
         <name>_EPwm12Regs</name>
         <value>0x4b00</value>
         <object_component_ref idref="oc-1b0"/>
      </symbol>
      <symbol id="sm-70a">
         <name>_AdcbResultRegs</name>
         <value>0xb20</value>
         <object_component_ref idref="oc-160"/>
      </symbol>
      <symbol id="sm-70b">
         <name>_Clb1LogicCfgRegs</name>
         <value>0x3000</value>
         <object_component_ref idref="oc-18d"/>
      </symbol>
      <symbol id="sm-70c">
         <name>_AdccResultRegs</name>
         <value>0xb40</value>
         <object_component_ref idref="oc-161"/>
      </symbol>
      <symbol id="sm-70d">
         <name>_Emif1ConfigRegs</name>
         <value>0x5f480</value>
         <object_component_ref idref="oc-152"/>
      </symbol>
      <symbol id="sm-70e">
         <name>_Sdfm2Regs</name>
         <value>0x5e80</value>
         <object_component_ref idref="oc-19a"/>
      </symbol>
      <symbol id="sm-70f">
         <name>_AdcdResultRegs</name>
         <value>0xb60</value>
         <object_component_ref idref="oc-162"/>
      </symbol>
      <symbol id="sm-710">
         <name>_EQep2Regs</name>
         <value>0x5140</value>
         <object_component_ref idref="oc-17a"/>
      </symbol>
      <symbol id="sm-711">
         <name>_Cmpss1Regs</name>
         <value>0x5c80</value>
         <object_component_ref idref="oc-16c"/>
      </symbol>
      <symbol id="sm-712">
         <name>_EPwm8Regs</name>
         <value>0x4700</value>
         <object_component_ref idref="oc-1ac"/>
      </symbol>
      <symbol id="sm-713">
         <name>_Emif2ConfigRegs</name>
         <value>0x5f4a0</value>
         <object_component_ref idref="oc-153"/>
      </symbol>
      <symbol id="sm-714">
         <name>_DcsmCommonRegs</name>
         <value>0x5f070</value>
         <object_component_ref idref="oc-149"/>
      </symbol>
      <symbol id="sm-715">
         <name>_EPwm2Regs</name>
         <value>0x4100</value>
         <object_component_ref idref="oc-1a6"/>
      </symbol>
      <symbol id="sm-716">
         <name>_ECap3Regs</name>
         <value>0x5040</value>
         <object_component_ref idref="oc-167"/>
      </symbol>
      <symbol id="sm-717">
         <name>_Cmpss8Regs</name>
         <value>0x5d60</value>
         <object_component_ref idref="oc-173"/>
      </symbol>
      <symbol id="sm-718">
         <name>_EQep3Regs</name>
         <value>0x5180</value>
         <object_component_ref idref="oc-17b"/>
      </symbol>
      <symbol id="sm-719">
         <name>_SyncSocRegs</name>
         <value>0x7940</value>
         <object_component_ref idref="oc-14a"/>
      </symbol>
      <symbol id="sm-71a">
         <name>_EPwm9Regs</name>
         <value>0x4800</value>
         <object_component_ref idref="oc-1ad"/>
      </symbol>
      <symbol id="sm-71b">
         <name>_NmiIntruptRegs</name>
         <value>0x7060</value>
         <object_component_ref idref="oc-14e"/>
      </symbol>
      <symbol id="sm-71c">
         <name>_EPwm3Regs</name>
         <value>0x4200</value>
         <object_component_ref idref="oc-1a7"/>
      </symbol>
      <symbol id="sm-71d">
         <name>_I2caRegs</name>
         <value>0x7300</value>
         <object_component_ref idref="oc-17c"/>
      </symbol>
      <symbol id="sm-74d">
         <name>_SpibReadData_SRAM_8bit</name>
         <value>0x13306</value>
         <object_component_ref idref="oc-229"/>
      </symbol>
      <symbol id="sm-74f">
         <name>_initSequentialMode</name>
         <value>0x132f9</value>
         <object_component_ref idref="oc-229"/>
      </symbol>
      <symbol id="sm-751">
         <name>_SpibWriteData_dualSram</name>
         <value>0x13389</value>
         <object_component_ref idref="oc-229"/>
      </symbol>
      <symbol id="sm-753">
         <name>_InitGpioSpib</name>
         <value>0x1328b</value>
         <object_component_ref idref="oc-229"/>
      </symbol>
      <symbol id="sm-755">
         <name>_InitSpib</name>
         <value>0x13265</value>
         <object_component_ref idref="oc-229"/>
      </symbol>
      <symbol id="sm-757">
         <name>_SpibWriteData_SRAM_8bit</name>
         <value>0x132dd</value>
         <object_component_ref idref="oc-229"/>
      </symbol>
      <symbol id="sm-759">
         <name>_SpibReadData_dualSram</name>
         <value>0x1339b</value>
         <object_component_ref idref="oc-229"/>
      </symbol>
      <symbol id="sm-75b">
         <name>_SpibReadData_SRAM_16bit</name>
         <value>0x13378</value>
         <object_component_ref idref="oc-229"/>
      </symbol>
      <symbol id="sm-75d">
         <name>_SpibWriteData_SRAM_16bit</name>
         <value>0x13323</value>
         <object_component_ref idref="oc-229"/>
      </symbol>
      <symbol id="sm-75f">
         <name>_SRAM_16bit_write</name>
         <value>0x1333a</value>
         <object_component_ref idref="oc-229"/>
      </symbol>
      <symbol id="sm-761">
         <name>_SRAM_16bit_read</name>
         <value>0x13354</value>
         <object_component_ref idref="oc-229"/>
      </symbol>
      <symbol id="sm-763">
         <name>_Spi_Transmit</name>
         <value>0x132c9</value>
         <object_component_ref idref="oc-229"/>
      </symbol>
      <symbol id="sm-77f">
         <name>_c_int00</name>
         <value>0x13623</value>
         <object_component_ref idref="oc-92"/>
      </symbol>
      <symbol id="sm-780">
         <name>__stack</name>
         <value>0x400</value>
         <object_component_ref idref="oc-1cd"/>
      </symbol>
      <symbol id="sm-791">
         <name>FS$$DIV</name>
         <value>0x1351f</value>
         <object_component_ref idref="oc-1d3"/>
      </symbol>
      <symbol id="sm-79d">
         <name>LL$$AND</name>
         <value>0x1387e</value>
         <object_component_ref idref="oc-1d8"/>
      </symbol>
      <symbol id="sm-79e">
         <name>LL$$OR</name>
         <value>0x13886</value>
         <object_component_ref idref="oc-1d8"/>
      </symbol>
      <symbol id="sm-79f">
         <name>LL$$XOR</name>
         <value>0x1388e</value>
         <object_component_ref idref="oc-1d8"/>
      </symbol>
      <symbol id="sm-7ae">
         <name>_copy_in</name>
         <value>0x137a1</value>
         <object_component_ref idref="oc-222"/>
      </symbol>
      <symbol id="sm-7c0">
         <name>_memcpy</name>
         <value>0x13846</value>
         <object_component_ref idref="oc-234"/>
      </symbol>
      <symbol id="sm-7cd">
         <name>__system_pre_init</name>
         <value>0x138ca</value>
         <object_component_ref idref="oc-221"/>
      </symbol>
      <symbol id="sm-7db">
         <name>__system_post_cinit</name>
         <value>0x138cc</value>
         <object_component_ref idref="oc-223"/>
      </symbol>
      <symbol id="sm-7f0">
         <name>C$$EXIT</name>
         <value>0x1372a</value>
         <object_component_ref idref="oc-225"/>
      </symbol>
      <symbol id="sm-7f1">
         <name>_exit</name>
         <value>0x1372c</value>
         <object_component_ref idref="oc-225"/>
      </symbol>
      <symbol id="sm-7f3">
         <name>___TI_cleanup_ptr</name>
         <value>0x10094</value>
         <object_component_ref idref="oc-1f3"/>
      </symbol>
      <symbol id="sm-7f4">
         <name>___TI_enable_exit_profile_output</name>
         <value>0x10092</value>
         <object_component_ref idref="oc-1f3"/>
      </symbol>
      <symbol id="sm-7f5">
         <name>_abort</name>
         <value>0x1372a</value>
         <object_component_ref idref="oc-225"/>
      </symbol>
      <symbol id="sm-7f7">
         <name>___TI_dtors_ptr</name>
         <value>0x10096</value>
         <object_component_ref idref="oc-1f3"/>
      </symbol>
      <symbol id="sm-80b">
         <name>__unlock</name>
         <value>0x100a4</value>
         <object_component_ref idref="oc-249"/>
      </symbol>
      <symbol id="sm-80c">
         <name>__lock</name>
         <value>0x1007e</value>
         <object_component_ref idref="oc-235"/>
      </symbol>
      <symbol id="sm-80d">
         <name>__register_lock</name>
         <value>0x138ac</value>
         <object_component_ref idref="oc-244"/>
      </symbol>
      <symbol id="sm-80f">
         <name>__nop</name>
         <value>0x138b0</value>
         <object_component_ref idref="oc-244"/>
      </symbol>
      <symbol id="sm-811">
         <name>__register_unlock</name>
         <value>0x138a8</value>
         <object_component_ref idref="oc-244"/>
      </symbol>
      <symbol id="sm-821">
         <name>__args_main</name>
         <value>0x13896</value>
         <object_component_ref idref="oc-224"/>
      </symbol>
      <symbol id="sm-850">
         <name>_GPIO_setInterruptPin</name>
         <value>0x13807</value>
         <object_component_ref idref="oc-240"/>
      </symbol>
      <symbol id="sm-851">
         <name>_GPIO_setQualificationPeriod</name>
         <value>0x13863</value>
         <object_component_ref idref="oc-23e"/>
      </symbol>
      <symbol id="sm-852">
         <name>_GPIO_setPinConfig</name>
         <value>0x136fa</value>
         <object_component_ref idref="oc-23b"/>
      </symbol>
      <symbol id="sm-853">
         <name>_GPIO_setDirectionMode</name>
         <value>0x137e7</value>
         <object_component_ref idref="oc-23f"/>
      </symbol>
      <symbol id="sm-854">
         <name>_GPIO_setQualificationMode</name>
         <value>0x137c5</value>
         <object_component_ref idref="oc-23d"/>
      </symbol>
      <symbol id="sm-855">
         <name>_GPIO_setPadConfig</name>
         <value>0x136bb</value>
         <object_component_ref idref="oc-23c"/>
      </symbol>
      <symbol id="sm-86d">
         <name>_McBSP_receive32BitDataNonBlocking</name>
         <value>0x138c1</value>
         <object_component_ref idref="oc-227"/>
      </symbol>
      <symbol id="sm-86e">
         <name>_McBSP_transmit32BitDataBlocking</name>
         <value>0x138b9</value>
         <object_component_ref idref="oc-228"/>
      </symbol>
      <symbol id="sm-87a">
         <name>_SPI_setConfig</name>
         <value>0x13827</value>
         <object_component_ref idref="oc-242"/>
      </symbol>
      <symbol id="sm-886">
         <name>_SysCtl_delay</name>
         <value>0x1f6</value>
         <object_component_ref idref="oc-21c"/>
      </symbol>
   </symbol_table>
   <title>Link successful</title>
</link_info>
