******************************************************************************
                  TI ARM Linker Unix v20.2.4                   
******************************************************************************
>> Linked Wed Feb 17 16:53:03 2021

OUTPUT FILE NAME:   <Lab1.out>
ENTRY POINT SYMBOL: "_c_int00_noargs"  address: 00002a35


MEMORY CONFIGURATION

         name            origin    length      used     unused   attr    fill
----------------------  --------  ---------  --------  --------  ----  --------
  MAIN                  00000000   00040000  00002e0c  0003d1f4  R  X
  INFO                  00200000   00004000  00000000  00004000  R  X
  SRAM_CODE             01000000   00010000  00000244  0000fdbc  RW X
  SRAM_DATA             20000000   00010000  00000244  0000fdbc  RW  


SEGMENT ALLOCATION MAP

run origin  load origin   length   init length attrs members
----------  ----------- ---------- ----------- ----- -------
00000000    00000000    00002e10   00002e10    r-x
  00000000    00000000    000000e4   000000e4    r-- .intvecs
  000000e4    000000e4    00002b8c   00002b8c    r-x .text
  00002c70    00002c70    0000013c   0000013c    r-- .const
  00002db0    00002db0    00000060   00000060    r-- .cinit
20000000    20000000    00000044   00000000    rw-
  20000000    20000000    0000003c   00000000    rw- .data
  2000003c    2000003c    00000008   00000000    rw- .bss
2000fe00    2000fe00    00000200   00000000    rw-
  2000fe00    2000fe00    00000200   00000000    rw- .stack


SECTION ALLOCATION MAP

 output                                  attributes/
section   page    origin      length       input sections
--------  ----  ----------  ----------   ----------------
.intvecs   0    00000000    000000e4     
                  00000000    000000e4     startup_msp432p401r_ccs.obj (.intvecs:retain)

.text      0    000000e4    00002b8c     
                  000000e4    00000a4e     rtsv7M4_T_le_v4SPD16_eabi.lib : _printfi.c.obj (.text:__TI_printfi)
                  00000b32    00000002                                   : div0.asm.obj (.text)
                  00000b34    00000344     main.obj (.text)
                  00000e78    00000334     system_msp432p401r.obj (.text)
                  000011ac    00000270     rtsv7M4_T_le_v4SPD16_eabi.lib : _printfi.c.obj (.text:_pconv_a)
                  0000141c    000001f8     RGBLEDS.obj (.text)
                  00001614    000001d0     rtsv7M4_T_le_v4SPD16_eabi.lib : _printfi.c.obj (.text:_pconv_g)
                  000017e4    000001b6                                   : fd_add_t2.asm.obj (.text)
                  0000199a    00000002     --HOLE-- [fill = 0]
                  0000199c    0000013c                                   : _printfi.c.obj (.text:_pconv_e)
                  00001ad8    00000136                                   : fd_div_t2.asm.obj (.text)
                  00001c0e    00000002     --HOLE-- [fill = 0]
                  00001c10    00000124                                   : _printfi.c.obj (.text:fcvt)
                  00001d34    00000110                                   : s_scalbn.c.obj (.text:scalbn)
                  00001e44    00000104     msp432p4xx_driverlib.lib : cs.o (.text:CS_getDCOFrequency)
                  00001f48    000000fc     rtsv7M4_T_le_v4SPD16_eabi.lib : fd_mul_t2.asm.obj (.text)
                  00002044    000000b1                                   : _printfi.c.obj (.text:_ltostr)
                  000020f5    00000003     --HOLE-- [fill = 0]
                  000020f8    0000009c     msp432p4xx_driverlib.lib : cs.o (.text:_CSComputeCLKFrequency)
                  00002194    0000009c     rtsv7M4_T_le_v4SPD16_eabi.lib : memcpy_t2.asm.obj (.text)
                  00002230    00000096                                   : ull_div_t2.asm.obj (.text)
                  000022c6    00000002     --HOLE-- [fill = 0]
                  000022c8    00000094     msp432p4xx_driverlib.lib : uart.o (.text:UART_initModule)
                  0000235c    00000086     rtsv7M4_T_le_v4SPD16_eabi.lib : fd_cmp_t2.asm.obj (.text:__aeabi_cdcmple)
                  000023e2    00000086                                   : fd_cmp_t2.asm.obj (.text:__aeabi_cdrcmple)
                  00002468    0000007a                                   : memset_t2.asm.obj (.text)
                  000024e2    0000006e                                   : _printfi.c.obj (.text:_mcpy)
                  00002550    00000068                                   : copy_decompress_lzss.c.obj (.text:decompress:lzss:__TI_decompress_lzss)
                  000025b8    00000064                                   : s_frexp.c.obj (.text:frexp)
                  0000261c    00000056                                   : _printfi.c.obj (.text:_pconv_f)
                  00002672    00000054                                   : _ltoa.c.obj (.text:__TI_ltoa)
                  000026c6    00000052                                   : _printfi.c.obj (.text:_ecpy)
                  00002718    00000050     msp432p4xx_driverlib.lib : sysctl.o (.text:SysCtl_getTLVInfo)
                  00002768    0000004c                              : cs.o (.text:_CSGetDOCFrequency)
                  000027b4    0000004c     rtsv7M4_T_le_v4SPD16_eabi.lib : atoi.c.obj (.text:atoi)
                  00002800    0000004c     quiz1.obj (.text)
                  0000284c    0000004c     rtsv7M4_T_le_v4SPD16_eabi.lib : snprintf.c.obj (.text:snprintf)
                  00002898    00000048     msp432p4xx_driverlib.lib : gpio.o (.text:GPIO_setAsPeripheralModuleFunctionInputPin)
                  000028e0    00000048                              : cs.o (.text:_CSGetDividerValue)
                  00002928    00000048     rtsv7M4_T_le_v4SPD16_eabi.lib : fd_toi_t2.asm.obj (.text)
                  00002970    00000044                                   : autoinit.c.obj (.text:__TI_auto_init_nobinit_nopinit:__TI_auto_init_nobinit_nopinit)
                  000029b4    00000040     fletcher16.obj (.text)
                  000029f4    0000003e     rtsv7M4_T_le_v4SPD16_eabi.lib : _printfi.c.obj (.text:_fcpy)
                  00002a32    00000002     --HOLE-- [fill = 0]
                  00002a34    00000034                                   : boot_cortex_m.c.obj (.text:_c_int00_noargs:_c_int00_noargs)
                  00002a68    00000030                                   : snprintf.c.obj (.text:_outs)
                  00002a98    0000002e                                   : i_tofd_t2.asm.obj (.text)
                  00002ac6    00000002     --HOLE-- [fill = 0]
                  00002ac8    00000028     msp432p4xx_driverlib.lib : pcm.o (.text:PCM_gotoLPM0)
                  00002af0    00000024                              : cs.o (.text:CS_clearInterruptFlag)
                  00002b14    00000024                              : cs.o (.text:CS_setDCOCenteredFrequency)
                  00002b38    00000024                              : uart.o (.text:UART_transmitData)
                  00002b5c    0000001c     rtsv7M4_T_le_v4SPD16_eabi.lib : copy_zero_init.c.obj (.text:decompress:ZI:__TI_zero_init_nomemset:__TI_zero_init_nomemset)
                  00002b78    0000001c                                   : memccpy.c.obj (.text:memccpy)
                  00002b94    0000001a                                   : s_copysign.c.obj (.text:copysign)
                  00002bae    00000002     --HOLE-- [fill = 0]
                  00002bb0    00000018     msp432p4xx_driverlib.lib : cs.o (.text:CS_getMCLK)
                  00002bc8    00000018     rtsv7M4_T_le_v4SPD16_eabi.lib : snprintf.c.obj (.text:_outc)
                  00002be0    00000016                                   : strchr.c.obj (.text:strchr)
                  00002bf6    00000002     --HOLE-- [fill = 0]
                  00002bf8    00000014     msp432p4xx_driverlib.lib : systick.o (.text:SysTick_enableInterrupt)
                  00002c0c    00000014     rtsv7M4_T_le_v4SPD16_eabi.lib : strlen.c.obj (.text:strlen)
                  00002c20    00000012                                   : wcslen.c.obj (.text:wcslen)
                  00002c32    0000000e                                   : copy_decompress_none.c.obj (.text:decompress:none:__TI_decompress_none)
                  00002c40    0000000e     startup_msp432p401r_ccs.obj (.text)
                  00002c4e    0000000c     msp432p4xx_driverlib.lib : uart.o (.text:UART_enableModule)
                  00002c5a    00000002     --HOLE-- [fill = 0]
                  00002c5c    00000008     rtsv7M4_T_le_v4SPD16_eabi.lib : errno.c.obj (.text:__aeabi_errno_addr)
                  00002c64    00000004     msp432p4xx_driverlib.lib : cpu.o (.text:CPU_wfi)
                  00002c68    00000004     rtsv7M4_T_le_v4SPD16_eabi.lib : pre_init.c.obj (.text:_system_pre_init)
                  00002c6c    00000004                                   : exit.c.obj (.text:abort:abort)

.const     0    00002c70    0000013c     
                  00002c70    00000101     rtsv7M4_T_le_v4SPD16_eabi.lib : ctype.c.obj (.const:.string:_ctypes_)
                  00002d71    00000003     --HOLE-- [fill = 0]
                  00002d74    00000024     main.obj (.const:Uart115200Config)
                  00002d98    00000010     main.obj (.const:$P$T0$1)
                  00002da8    00000004     main.obj (.const:$P$T1$2)

.cinit     0    00002db0    00000060     
                  00002db0    00000036     (.cinit..data.load) [load image, compression = lzss]
                  00002de6    00000002     --HOLE-- [fill = 0]
                  00002de8    0000000c     (__TI_handler_table)
                  00002df4    00000004     --HOLE-- [fill = 0]
                  00002df8    00000008     (.cinit..bss.load) [load image, compression = zero_init]
                  00002e00    00000010     (__TI_cinit_table)

.init_array 
*          0    00000000    00000000     UNINITIALIZED

.binit     0    00000000    00000000     

.data      0    20000000    0000003c     UNINITIALIZED
                  20000000    00000030     msp432p4xx_driverlib.lib : gpio.o (.data:GPIO_PORT_TO_BASE)
                  20000030    00000004     main.obj (.data)
                  20000034    00000004     rtsv7M4_T_le_v4SPD16_eabi.lib : errno.c.obj (.data)
                  20000038    00000004     system_msp432p401r.obj (.data)

.bss       0    2000003c    00000008     UNINITIALIZED
                  2000003c    00000004     (.common:hfxtFreq)
                  20000040    00000004     (.common:lfxtFreq)

.stack     0    2000fe00    00000200     UNINITIALIZED
                  2000fe00    00000004     rtsv7M4_T_le_v4SPD16_eabi.lib : boot_cortex_m.c.obj (.stack)
                  2000fe04    000001fc     --HOLE--

__llvm_prf_cnts 
*          0    20000000    00000000     UNINITIALIZED

MODULE SUMMARY

       Module                        code    ro data   rw data
       ------                        ----    -------   -------
    ./
       main.obj                      836     56        8      
       system_msp432p401r.obj        820     0         8      
       RGBLEDS.obj                   504     0         0      
       startup_msp432p401r_ccs.obj   14      228       0      
       quiz1.obj                     76      0         0      
       fletcher16.obj                64      0         0      
    +--+-----------------------------+-------+---------+---------+
       Total:                        2314    284       16     
                                                              
    /home/sahil/Documents/workspace/BoardSupportPackage/DriverLib/msp432p4xx_driverlib.lib
       cs.o                          660     0         16     
       uart.o                        196     0         0      
       gpio.o                        72      0         96     
       sysctl.o                      80      0         0      
       pcm.o                         40      0         0      
       systick.o                     20      0         0      
       cpu.o                         4       0         0      
    +--+-----------------------------+-------+---------+---------+
       Total:                        1072    0         112    
                                                              
    /home/sahil/ti/ccs1020/ccs/tools/compiler/ti-cgt-arm_20.2.4.LTS/lib/rtsv7M4_T_le_v4SPD16_eabi.lib
       _printfi.c.obj                4851    0         0      
       fd_add_t2.asm.obj             438     0         0      
       fd_div_t2.asm.obj             310     0         0      
       s_scalbn.c.obj                272     0         0      
       fd_cmp_t2.asm.obj             268     0         0      
       ctype.c.obj                   0       257       0      
       fd_mul_t2.asm.obj             252     0         0      
       memcpy_t2.asm.obj             156     0         0      
       ull_div_t2.asm.obj            150     0         0      
       snprintf.c.obj                148     0         0      
       memset_t2.asm.obj             122     0         0      
       copy_decompress_lzss.c.obj    104     0         0      
       s_frexp.c.obj                 100     0         0      
       _ltoa.c.obj                   84      0         0      
       atoi.c.obj                    76      0         0      
       fd_toi_t2.asm.obj             72      0         0      
       autoinit.c.obj                68      0         0      
       boot_cortex_m.c.obj           52      0         0      
       i_tofd_t2.asm.obj             46      0         0      
       copy_zero_init.c.obj          28      0         0      
       memccpy.c.obj                 28      0         0      
       s_copysign.c.obj              26      0         0      
       strchr.c.obj                  22      0         0      
       strlen.c.obj                  20      0         0      
       wcslen.c.obj                  18      0         0      
       errno.c.obj                   8       0         8      
       copy_decompress_none.c.obj    14      0         0      
       exit.c.obj                    4       0         0      
       pre_init.c.obj                4       0         0      
       div0.asm.obj                  2       0         0      
    +--+-----------------------------+-------+---------+---------+
       Total:                        7743    257       8      
                                                              
       Stack:                        0       0         1024   
       Linker Generated:             0       90        0      
    +--+-----------------------------+-------+---------+---------+
       Grand Total:                  11129   631       1160   


LINKER GENERATED COPY TABLES

__TI_cinit_table @ 00002e00 records: 2, size/record: 8, table size: 16
	.data: load addr=00002db0, load size=00000036 bytes, run addr=20000000, run size=0000003c bytes, compression=lzss
	.bss: load addr=00002df8, load size=00000008 bytes, run addr=2000003c, run size=00000008 bytes, compression=zero_init


LINKER GENERATED HANDLER TABLE

__TI_handler_table @ 00002de8 records: 3, size/record: 4, table size: 12
	index: 0, handler: __TI_decompress_lzss
	index: 1, handler: __TI_decompress_none
	index: 2, handler: __TI_zero_init


GLOBAL SYMBOLS: SORTED ALPHABETICALLY BY Name 

address   name                                      
-------   ----                                      
00002c4d  ADC14_IRQHandler                          
00002c4d  AES256_IRQHandler                         
00002c4d  BusFault_Handler                          
00002c6d  C$$EXIT                                   
00002c4d  COMP_E0_IRQHandler                        
00002c4d  COMP_E1_IRQHandler                        
00002c65  CPU_wfi                                   
00002c4d  CS_IRQHandler                             
00002af1  CS_clearInterruptFlag                     
00001e45  CS_getDCOFrequency                        
00002bb1  CS_getMCLK                                
00002b15  CS_setDCOCenteredFrequency                
00002c4d  DMA_ERR_IRQHandler                        
00002c4d  DMA_INT0_IRQHandler                       
00002c4d  DMA_INT1_IRQHandler                       
00002c4d  DMA_INT2_IRQHandler                       
00002c4d  DMA_INT3_IRQHandler                       
00002c4d  DebugMon_Handler                          
00002c4d  Default_Handler                           
00002c4d  EUSCIA0_IRQHandler                        
00002c4d  EUSCIA1_IRQHandler                        
00002c4d  EUSCIA2_IRQHandler                        
00002c4d  EUSCIA3_IRQHandler                        
00002c4d  EUSCIB0_IRQHandler                        
00002c4d  EUSCIB1_IRQHandler                        
00002c4d  EUSCIB2_IRQHandler                        
00002c4d  EUSCIB3_IRQHandler                        
00002c4d  FLCTL_IRQHandler                          
00002c4d  FPU_IRQHandler                            
00002899  GPIO_setAsPeripheralModuleFunctionInputPin
00002c4d  HardFault_Handler                         
0000141d  LP3943_LedModeSet                         
00002c4d  MemManage_Handler                         
00000c89  Modulus255                                
00002c4d  NMI_Handler                               
00002c4d  PCM_IRQHandler                            
00002ac9  PCM_gotoLPM0                              
00002c4d  PORT1_IRQHandler                          
00002c4d  PORT2_IRQHandler                          
00002c4d  PORT3_IRQHandler                          
00000da5  PORT4_IRQHandler                          
00000da5  PORT4_IRQHandler                          
00002c4d  PORT5_IRQHandler                          
00002c4d  PORT6_IRQHandler                          
00002c4d  PSS_IRQHandler                            
00002c4d  PendSV_Handler                            
00002c4d  RTC_C_IRQHandler                          
00002c41  Reset_Handler                             
00002c4d  SVC_Handler                               
00002719  SysCtl_getTLVInfo                         
00000d25  SysTick_Handler                           
00000d25  SysTick_Handler                           
00002bf9  SysTick_enableInterrupt                   
20000038  SystemCoreClock                           
00000e79  SystemCoreClockUpdate                     
000010f1  SystemInit                                
00002c4d  T32_INT1_IRQHandler                       
00002c4d  T32_INT2_IRQHandler                       
00002c4d  T32_INTC_IRQHandler                       
00002c4d  TA0_0_IRQHandler                          
00002c4d  TA0_N_IRQHandler                          
00002c4d  TA1_0_IRQHandler                          
00002c4d  TA1_N_IRQHandler                          
00002c4d  TA2_0_IRQHandler                          
00002c4d  TA2_N_IRQHandler                          
00002c4d  TA3_0_IRQHandler                          
00002c4d  TA3_N_IRQHandler                          
00002c4f  UART_enableModule                         
000022c9  UART_initModule                           
00002b39  UART_transmitData                         
00002c4d  UsageFault_Handler                        
4000480c  WDTCTL_SYM                                
00002c4d  WDT_A_IRQHandler                          
20010000  __STACK_END                               
00000200  __STACK_SIZE                              
00002e00  __TI_CINIT_Base                           
00002e10  __TI_CINIT_Limit                          
00002de8  __TI_Handler_Table_Base                   
00002df4  __TI_Handler_Table_Limit                  
00002971  __TI_auto_init_nobinit_nopinit            
00002551  __TI_decompress_lzss                      
00002c33  __TI_decompress_none                      
00002673  __TI_ltoa                                 
ffffffff  __TI_pprof_out_hndl                       
000000e5  __TI_printfi                              
ffffffff  __TI_prof_data_size                       
ffffffff  __TI_prof_data_start                      
00000000  __TI_static_base__                        
00002b5d  __TI_zero_init_nomemset                   
0000235d  __aeabi_cdcmpeq                           
0000235d  __aeabi_cdcmple                           
000023e3  __aeabi_cdrcmple                          
00002929  __aeabi_d2iz                              
000017ef  __aeabi_dadd                              
00001ad9  __aeabi_ddiv                              
00001f49  __aeabi_dmul                              
000017e5  __aeabi_dsub                              
00002c5d  __aeabi_errno_addr                        
00002a99  __aeabi_i2d                               
00000b33  __aeabi_idiv0                             
00000b33  __aeabi_ldiv0                             
00002469  __aeabi_memclr                            
00002469  __aeabi_memclr4                           
00002469  __aeabi_memclr8                           
00002195  __aeabi_memcpy                            
00002195  __aeabi_memcpy4                           
00002195  __aeabi_memcpy8                           
0000246b  __aeabi_memset                            
0000246b  __aeabi_memset4                           
0000246b  __aeabi_memset8                           
00002231  __aeabi_uldivmod                          
ffffffff  __binit__                                 
ffffffff  __c_args__                                
UNDEFED   __mpu_init                                
2000fe00  __stack                                   
20000000  __start___llvm_prf_cnts                   
20000000  __stop___llvm_prf_cnts                    
00002a35  _c_int00_noargs                           
00002c70  _ctypes_                                  
UNDEFED   _system_post_cinit                        
00002c69  _system_pre_init                          
00002c6d  abort                                     
000027b5  atoi                                      
ffffffff  binit                                     
20000030  buttonPress                               
00002b95  copysign                                  
00002b95  copysignl                                 
20000034  errno                                     
000029b5  fletcher16                                
00000c17  fletcher16inC                             
000025b9  frexp                                     
000025b9  frexpl                                    
00000d5f  init_PortISR                              
0000159d  init_RGBLEDS                              
00000000  interruptVectors                          
00001d35  ldexp                                     
00001d35  ldexpl                                    
00000ddd  main                                      
00002b79  memccpy                                   
00002195  memcpy                                    
00002471  memset                                    
00000c9f  partAandB                                 
00000d07  partC                                     
20000032  pattern                                   
00002801  quiz1                                     
00000dcb  quizdemo                                  
00001d35  scalbn                                    
00001d35  scalbnl                                   
0000284d  snprintf                                  
00002be1  strchr                                    
00002c0d  strlen                                    
00000bf3  uartInit                                  
00002c21  wcslen                                    


GLOBAL SYMBOLS: SORTED BY Symbol Address 

address   name                                      
-------   ----                                      
00000000  __TI_static_base__                        
00000000  interruptVectors                          
000000e5  __TI_printfi                              
00000200  __STACK_SIZE                              
00000b33  __aeabi_idiv0                             
00000b33  __aeabi_ldiv0                             
00000bf3  uartInit                                  
00000c17  fletcher16inC                             
00000c89  Modulus255                                
00000c9f  partAandB                                 
00000d07  partC                                     
00000d25  SysTick_Handler                           
00000d25  SysTick_Handler                           
00000d5f  init_PortISR                              
00000da5  PORT4_IRQHandler                          
00000da5  PORT4_IRQHandler                          
00000dcb  quizdemo                                  
00000ddd  main                                      
00000e79  SystemCoreClockUpdate                     
000010f1  SystemInit                                
0000141d  LP3943_LedModeSet                         
0000159d  init_RGBLEDS                              
000017e5  __aeabi_dsub                              
000017ef  __aeabi_dadd                              
00001ad9  __aeabi_ddiv                              
00001d35  ldexp                                     
00001d35  ldexpl                                    
00001d35  scalbn                                    
00001d35  scalbnl                                   
00001e45  CS_getDCOFrequency                        
00001f49  __aeabi_dmul                              
00002195  __aeabi_memcpy                            
00002195  __aeabi_memcpy4                           
00002195  __aeabi_memcpy8                           
00002195  memcpy                                    
00002231  __aeabi_uldivmod                          
000022c9  UART_initModule                           
0000235d  __aeabi_cdcmpeq                           
0000235d  __aeabi_cdcmple                           
000023e3  __aeabi_cdrcmple                          
00002469  __aeabi_memclr                            
00002469  __aeabi_memclr4                           
00002469  __aeabi_memclr8                           
0000246b  __aeabi_memset                            
0000246b  __aeabi_memset4                           
0000246b  __aeabi_memset8                           
00002471  memset                                    
00002551  __TI_decompress_lzss                      
000025b9  frexp                                     
000025b9  frexpl                                    
00002673  __TI_ltoa                                 
00002719  SysCtl_getTLVInfo                         
000027b5  atoi                                      
00002801  quiz1                                     
0000284d  snprintf                                  
00002899  GPIO_setAsPeripheralModuleFunctionInputPin
00002929  __aeabi_d2iz                              
00002971  __TI_auto_init_nobinit_nopinit            
000029b5  fletcher16                                
00002a35  _c_int00_noargs                           
00002a99  __aeabi_i2d                               
00002ac9  PCM_gotoLPM0                              
00002af1  CS_clearInterruptFlag                     
00002b15  CS_setDCOCenteredFrequency                
00002b39  UART_transmitData                         
00002b5d  __TI_zero_init_nomemset                   
00002b79  memccpy                                   
00002b95  copysign                                  
00002b95  copysignl                                 
00002bb1  CS_getMCLK                                
00002be1  strchr                                    
00002bf9  SysTick_enableInterrupt                   
00002c0d  strlen                                    
00002c21  wcslen                                    
00002c33  __TI_decompress_none                      
00002c41  Reset_Handler                             
00002c4d  ADC14_IRQHandler                          
00002c4d  AES256_IRQHandler                         
00002c4d  BusFault_Handler                          
00002c4d  COMP_E0_IRQHandler                        
00002c4d  COMP_E1_IRQHandler                        
00002c4d  CS_IRQHandler                             
00002c4d  DMA_ERR_IRQHandler                        
00002c4d  DMA_INT0_IRQHandler                       
00002c4d  DMA_INT1_IRQHandler                       
00002c4d  DMA_INT2_IRQHandler                       
00002c4d  DMA_INT3_IRQHandler                       
00002c4d  DebugMon_Handler                          
00002c4d  Default_Handler                           
00002c4d  EUSCIA0_IRQHandler                        
00002c4d  EUSCIA1_IRQHandler                        
00002c4d  EUSCIA2_IRQHandler                        
00002c4d  EUSCIA3_IRQHandler                        
00002c4d  EUSCIB0_IRQHandler                        
00002c4d  EUSCIB1_IRQHandler                        
00002c4d  EUSCIB2_IRQHandler                        
00002c4d  EUSCIB3_IRQHandler                        
00002c4d  FLCTL_IRQHandler                          
00002c4d  FPU_IRQHandler                            
00002c4d  HardFault_Handler                         
00002c4d  MemManage_Handler                         
00002c4d  NMI_Handler                               
00002c4d  PCM_IRQHandler                            
00002c4d  PORT1_IRQHandler                          
00002c4d  PORT2_IRQHandler                          
00002c4d  PORT3_IRQHandler                          
00002c4d  PORT5_IRQHandler                          
00002c4d  PORT6_IRQHandler                          
00002c4d  PSS_IRQHandler                            
00002c4d  PendSV_Handler                            
00002c4d  RTC_C_IRQHandler                          
00002c4d  SVC_Handler                               
00002c4d  T32_INT1_IRQHandler                       
00002c4d  T32_INT2_IRQHandler                       
00002c4d  T32_INTC_IRQHandler                       
00002c4d  TA0_0_IRQHandler                          
00002c4d  TA0_N_IRQHandler                          
00002c4d  TA1_0_IRQHandler                          
00002c4d  TA1_N_IRQHandler                          
00002c4d  TA2_0_IRQHandler                          
00002c4d  TA2_N_IRQHandler                          
00002c4d  TA3_0_IRQHandler                          
00002c4d  TA3_N_IRQHandler                          
00002c4d  UsageFault_Handler                        
00002c4d  WDT_A_IRQHandler                          
00002c4f  UART_enableModule                         
00002c5d  __aeabi_errno_addr                        
00002c65  CPU_wfi                                   
00002c69  _system_pre_init                          
00002c6d  C$$EXIT                                   
00002c6d  abort                                     
00002c70  _ctypes_                                  
00002de8  __TI_Handler_Table_Base                   
00002df4  __TI_Handler_Table_Limit                  
00002e00  __TI_CINIT_Base                           
00002e10  __TI_CINIT_Limit                          
20000000  __start___llvm_prf_cnts                   
20000000  __stop___llvm_prf_cnts                    
20000030  buttonPress                               
20000032  pattern                                   
20000034  errno                                     
20000038  SystemCoreClock                           
2000fe00  __stack                                   
20010000  __STACK_END                               
4000480c  WDTCTL_SYM                                
ffffffff  __TI_pprof_out_hndl                       
ffffffff  __TI_prof_data_size                       
ffffffff  __TI_prof_data_start                      
ffffffff  __binit__                                 
ffffffff  __c_args__                                
ffffffff  binit                                     
UNDEFED   __mpu_init                                
UNDEFED   _system_post_cinit                        

[153 symbols]
