<?xml version="1.0" encoding="ISO-8859-1" ?>
<link_info>
   <banner>TI ARM Linker Unix v20.2.4.LTS</banner>
   <copyright>Copyright (c) 1996-2018 Texas Instruments Incorporated</copyright>
   <link_time>0x60834ac6</link_time>
   <link_errors>0x0</link_errors>
   <output_file>Lab5.out</output_file>
   <entry_point>
      <name>_c_int00_noargs</name>
      <address>0x1562d</address>
   </entry_point>
   <input_file_list>
      <input_file id="fl-2">
         <path>./</path>
         <kind>object</kind>
         <file>Game.obj</file>
         <name>Game.obj</name>
      </input_file>
      <input_file id="fl-3">
         <path>./</path>
         <kind>object</kind>
         <file>demo.obj</file>
         <name>demo.obj</name>
      </input_file>
      <input_file id="fl-4">
         <path>./</path>
         <kind>object</kind>
         <file>main.obj</file>
         <name>main.obj</name>
      </input_file>
      <input_file id="fl-5">
         <path>./</path>
         <kind>object</kind>
         <file>quiz.obj</file>
         <name>quiz.obj</name>
      </input_file>
      <input_file id="fl-6">
         <path>./</path>
         <kind>object</kind>
         <file>startup_msp432p401r_ccs.obj</file>
         <name>startup_msp432p401r_ccs.obj</name>
      </input_file>
      <input_file id="fl-7">
         <path>./</path>
         <kind>object</kind>
         <file>system_msp432p401r.obj</file>
         <name>system_msp432p401r.obj</name>
      </input_file>
      <input_file id="fl-8">
         <path>./</path>
         <kind>object</kind>
         <file>test.obj</file>
         <name>test.obj</name>
      </input_file>
      <input_file id="fl-9">
         <path>./BoardSupportPackage/src/</path>
         <kind>object</kind>
         <file>AsciiLib.obj</file>
         <name>AsciiLib.obj</name>
      </input_file>
      <input_file id="fl-a">
         <path>./BoardSupportPackage/src/</path>
         <kind>object</kind>
         <file>BSP.obj</file>
         <name>BSP.obj</name>
      </input_file>
      <input_file id="fl-b">
         <path>./BoardSupportPackage/src/</path>
         <kind>object</kind>
         <file>BackChannelUart.obj</file>
         <name>BackChannelUart.obj</name>
      </input_file>
      <input_file id="fl-c">
         <path>./BoardSupportPackage/src/</path>
         <kind>object</kind>
         <file>ClockSys.obj</file>
         <name>ClockSys.obj</name>
      </input_file>
      <input_file id="fl-d">
         <path>./BoardSupportPackage/src/</path>
         <kind>object</kind>
         <file>Joystick.obj</file>
         <name>Joystick.obj</name>
      </input_file>
      <input_file id="fl-e">
         <path>./BoardSupportPackage/src/</path>
         <kind>object</kind>
         <file>LCDLib.obj</file>
         <name>LCDLib.obj</name>
      </input_file>
      <input_file id="fl-f">
         <path>./BoardSupportPackage/src/</path>
         <kind>object</kind>
         <file>RGBLeds.obj</file>
         <name>RGBLeds.obj</name>
      </input_file>
      <input_file id="fl-10">
         <path>./BoardSupportPackage/src/</path>
         <kind>object</kind>
         <file>bme280.obj</file>
         <name>bme280.obj</name>
      </input_file>
      <input_file id="fl-11">
         <path>./BoardSupportPackage/src/</path>
         <kind>object</kind>
         <file>bme280_support.obj</file>
         <name>bme280_support.obj</name>
      </input_file>
      <input_file id="fl-12">
         <path>./BoardSupportPackage/src/</path>
         <kind>object</kind>
         <file>bmi160.obj</file>
         <name>bmi160.obj</name>
      </input_file>
      <input_file id="fl-13">
         <path>./BoardSupportPackage/src/</path>
         <kind>object</kind>
         <file>bmi160_support.obj</file>
         <name>bmi160_support.obj</name>
      </input_file>
      <input_file id="fl-14">
         <path>./BoardSupportPackage/src/</path>
         <kind>object</kind>
         <file>demo_sysctl.obj</file>
         <name>demo_sysctl.obj</name>
      </input_file>
      <input_file id="fl-15">
         <path>./BoardSupportPackage/src/</path>
         <kind>object</kind>
         <file>i2c_driver.obj</file>
         <name>i2c_driver.obj</name>
      </input_file>
      <input_file id="fl-16">
         <path>./BoardSupportPackage/src/</path>
         <kind>object</kind>
         <file>opt3001.obj</file>
         <name>opt3001.obj</name>
      </input_file>
      <input_file id="fl-17">
         <path>./BoardSupportPackage/src/</path>
         <kind>object</kind>
         <file>tmp007.obj</file>
         <name>tmp007.obj</name>
      </input_file>
      <input_file id="fl-18">
         <path>./CC3100SupportPackage/board/</path>
         <kind>object</kind>
         <file>board.obj</file>
         <name>board.obj</name>
      </input_file>
      <input_file id="fl-19">
         <path>./CC3100SupportPackage/cc3100_usage/</path>
         <kind>object</kind>
         <file>cc3100_usage.obj</file>
         <name>cc3100_usage.obj</name>
      </input_file>
      <input_file id="fl-1a">
         <path>./CC3100SupportPackage/simplelink/source/</path>
         <kind>object</kind>
         <file>device.obj</file>
         <name>device.obj</name>
      </input_file>
      <input_file id="fl-1b">
         <path>./CC3100SupportPackage/simplelink/source/</path>
         <kind>object</kind>
         <file>driver.obj</file>
         <name>driver.obj</name>
      </input_file>
      <input_file id="fl-1c">
         <path>./CC3100SupportPackage/simplelink/source/</path>
         <kind>object</kind>
         <file>flowcont.obj</file>
         <name>flowcont.obj</name>
      </input_file>
      <input_file id="fl-1d">
         <path>./CC3100SupportPackage/simplelink/source/</path>
         <kind>object</kind>
         <file>fs.obj</file>
         <name>fs.obj</name>
      </input_file>
      <input_file id="fl-1e">
         <path>./CC3100SupportPackage/simplelink/source/</path>
         <kind>object</kind>
         <file>netapp.obj</file>
         <name>netapp.obj</name>
      </input_file>
      <input_file id="fl-1f">
         <path>./CC3100SupportPackage/simplelink/source/</path>
         <kind>object</kind>
         <file>netcfg.obj</file>
         <name>netcfg.obj</name>
      </input_file>
      <input_file id="fl-20">
         <path>./CC3100SupportPackage/simplelink/source/</path>
         <kind>object</kind>
         <file>nonos.obj</file>
         <name>nonos.obj</name>
      </input_file>
      <input_file id="fl-21">
         <path>./CC3100SupportPackage/simplelink/source/</path>
         <kind>object</kind>
         <file>socket.obj</file>
         <name>socket.obj</name>
      </input_file>
      <input_file id="fl-22">
         <path>./CC3100SupportPackage/simplelink/source/</path>
         <kind>object</kind>
         <file>spawn.obj</file>
         <name>spawn.obj</name>
      </input_file>
      <input_file id="fl-23">
         <path>./CC3100SupportPackage/simplelink/source/</path>
         <kind>object</kind>
         <file>wlan.obj</file>
         <name>wlan.obj</name>
      </input_file>
      <input_file id="fl-24">
         <path>./CC3100SupportPackage/spi_cc3100/</path>
         <kind>object</kind>
         <file>spi_cc3100.obj</file>
         <name>spi_cc3100.obj</name>
      </input_file>
      <input_file id="fl-25">
         <path>./G8RTOS_Lab5/</path>
         <kind>object</kind>
         <file>G8RTOS_CriticalSection.obj</file>
         <name>G8RTOS_CriticalSection.obj</name>
      </input_file>
      <input_file id="fl-26">
         <path>./G8RTOS_Lab5/</path>
         <kind>object</kind>
         <file>G8RTOS_Scheduler.obj</file>
         <name>G8RTOS_Scheduler.obj</name>
      </input_file>
      <input_file id="fl-27">
         <path>./G8RTOS_Lab5/</path>
         <kind>object</kind>
         <file>G8RTOS_SchedulerASM.obj</file>
         <name>G8RTOS_SchedulerASM.obj</name>
      </input_file>
      <input_file id="fl-28">
         <path>./G8RTOS_Lab5/</path>
         <kind>object</kind>
         <file>G8RTOS_Semaphores.obj</file>
         <name>G8RTOS_Semaphores.obj</name>
      </input_file>
      <input_file id="fl-29">
         <path>./G8RTOS_Lab5/</path>
         <kind>object</kind>
         <file>IPC.obj</file>
         <name>IPC.obj</name>
      </input_file>
      <input_file id="fl-2f">
         <kind>object</kind>
         <file>&lt;internal&gt;</file>
         <name>&lt;internal&gt;</name>
      </input_file>
      <input_file id="fl-30">
         <path>../BoardSupportPackage/DriverLib/</path>
         <kind>archive</kind>
         <file>msp432p4xx_driverlib.lib</file>
         <name>cs.o</name>
      </input_file>
      <input_file id="fl-31">
         <path>../BoardSupportPackage/DriverLib/</path>
         <kind>archive</kind>
         <file>msp432p4xx_driverlib.lib</file>
         <name>flash.o</name>
      </input_file>
      <input_file id="fl-32">
         <path>../BoardSupportPackage/DriverLib/</path>
         <kind>archive</kind>
         <file>msp432p4xx_driverlib.lib</file>
         <name>gpio.o</name>
      </input_file>
      <input_file id="fl-33">
         <path>../BoardSupportPackage/DriverLib/</path>
         <kind>archive</kind>
         <file>msp432p4xx_driverlib.lib</file>
         <name>i2c.o</name>
      </input_file>
      <input_file id="fl-34">
         <path>../BoardSupportPackage/DriverLib/</path>
         <kind>archive</kind>
         <file>msp432p4xx_driverlib.lib</file>
         <name>interrupt.o</name>
      </input_file>
      <input_file id="fl-35">
         <path>../BoardSupportPackage/DriverLib/</path>
         <kind>archive</kind>
         <file>msp432p4xx_driverlib.lib</file>
         <name>pcm.o</name>
      </input_file>
      <input_file id="fl-36">
         <path>../BoardSupportPackage/DriverLib/</path>
         <kind>archive</kind>
         <file>msp432p4xx_driverlib.lib</file>
         <name>rtc_c.o</name>
      </input_file>
      <input_file id="fl-37">
         <path>../BoardSupportPackage/DriverLib/</path>
         <kind>archive</kind>
         <file>msp432p4xx_driverlib.lib</file>
         <name>spi.o</name>
      </input_file>
      <input_file id="fl-38">
         <path>../BoardSupportPackage/DriverLib/</path>
         <kind>archive</kind>
         <file>msp432p4xx_driverlib.lib</file>
         <name>sysctl.o</name>
      </input_file>
      <input_file id="fl-39">
         <path>../BoardSupportPackage/DriverLib/</path>
         <kind>archive</kind>
         <file>msp432p4xx_driverlib.lib</file>
         <name>uart.o</name>
      </input_file>
      <input_file id="fl-3a">
         <path>../BoardSupportPackage/DriverLib/</path>
         <kind>archive</kind>
         <file>msp432p4xx_driverlib.lib</file>
         <name>wdt_a.o</name>
      </input_file>
      <input_file id="fl-3b">
         <path>../BoardSupportPackage/DriverLib/</path>
         <kind>archive</kind>
         <file>msp432p4xx_driverlib.lib</file>
         <name>cpu.o</name>
      </input_file>
      <input_file id="fl-f1">
         <path>/home/sahil/ti/ccs1020/ccs/tools/compiler/ti-cgt-arm_20.2.4.LTS/lib/</path>
         <kind>archive</kind>
         <file>rtsv7M4_T_le_v4SPD16_eabi.lib</file>
         <name>snprintf.c.obj</name>
      </input_file>
      <input_file id="fl-f2">
         <path>/home/sahil/ti/ccs1020/ccs/tools/compiler/ti-cgt-arm_20.2.4.LTS/lib/</path>
         <kind>archive</kind>
         <file>rtsv7M4_T_le_v4SPD16_eabi.lib</file>
         <name>ll_div_t2.asm.obj</name>
      </input_file>
      <input_file id="fl-f3">
         <path>/home/sahil/ti/ccs1020/ccs/tools/compiler/ti-cgt-arm_20.2.4.LTS/lib/</path>
         <kind>archive</kind>
         <file>rtsv7M4_T_le_v4SPD16_eabi.lib</file>
         <name>ull_div_t2.asm.obj</name>
      </input_file>
      <input_file id="fl-f4">
         <path>/home/sahil/ti/ccs1020/ccs/tools/compiler/ti-cgt-arm_20.2.4.LTS/lib/</path>
         <kind>archive</kind>
         <file>rtsv7M4_T_le_v4SPD16_eabi.lib</file>
         <name>memset_t2.asm.obj</name>
      </input_file>
      <input_file id="fl-f5">
         <path>/home/sahil/ti/ccs1020/ccs/tools/compiler/ti-cgt-arm_20.2.4.LTS/lib/</path>
         <kind>archive</kind>
         <file>rtsv7M4_T_le_v4SPD16_eabi.lib</file>
         <name>ll_mul_t2.asm.obj</name>
      </input_file>
      <input_file id="fl-f6">
         <path>/home/sahil/ti/ccs1020/ccs/tools/compiler/ti-cgt-arm_20.2.4.LTS/lib/</path>
         <kind>archive</kind>
         <file>rtsv7M4_T_le_v4SPD16_eabi.lib</file>
         <name>memcpy_t2.asm.obj</name>
      </input_file>
      <input_file id="fl-f7">
         <path>/home/sahil/ti/ccs1020/ccs/tools/compiler/ti-cgt-arm_20.2.4.LTS/lib/</path>
         <kind>archive</kind>
         <file>rtsv7M4_T_le_v4SPD16_eabi.lib</file>
         <name>copy_zero_init.c.obj</name>
      </input_file>
      <input_file id="fl-f8">
         <path>/home/sahil/ti/ccs1020/ccs/tools/compiler/ti-cgt-arm_20.2.4.LTS/lib/</path>
         <kind>archive</kind>
         <file>rtsv7M4_T_le_v4SPD16_eabi.lib</file>
         <name>copy_decompress_none.c.obj</name>
      </input_file>
      <input_file id="fl-f9">
         <path>/home/sahil/ti/ccs1020/ccs/tools/compiler/ti-cgt-arm_20.2.4.LTS/lib/</path>
         <kind>archive</kind>
         <file>rtsv7M4_T_le_v4SPD16_eabi.lib</file>
         <name>copy_decompress_lzss.c.obj</name>
      </input_file>
      <input_file id="fl-fa">
         <path>/home/sahil/ti/ccs1020/ccs/tools/compiler/ti-cgt-arm_20.2.4.LTS/lib/</path>
         <kind>archive</kind>
         <file>rtsv7M4_T_le_v4SPD16_eabi.lib</file>
         <name>rand.c.obj</name>
      </input_file>
      <input_file id="fl-fb">
         <path>/home/sahil/ti/ccs1020/ccs/tools/compiler/ti-cgt-arm_20.2.4.LTS/lib/</path>
         <kind>archive</kind>
         <file>rtsv7M4_T_le_v4SPD16_eabi.lib</file>
         <name>strcpy.c.obj</name>
      </input_file>
      <input_file id="fl-fc">
         <path>/home/sahil/ti/ccs1020/ccs/tools/compiler/ti-cgt-arm_20.2.4.LTS/lib/</path>
         <kind>archive</kind>
         <file>rtsv7M4_T_le_v4SPD16_eabi.lib</file>
         <name>strlen.c.obj</name>
      </input_file>
      <input_file id="fl-fd">
         <path>/home/sahil/ti/ccs1020/ccs/tools/compiler/ti-cgt-arm_20.2.4.LTS/lib/</path>
         <kind>archive</kind>
         <file>rtsv7M4_T_le_v4SPD16_eabi.lib</file>
         <name>boot_cortex_m.c.obj</name>
      </input_file>
      <input_file id="fl-fe">
         <path>/home/sahil/ti/ccs1020/ccs/tools/compiler/ti-cgt-arm_20.2.4.LTS/lib/</path>
         <kind>archive</kind>
         <file>rtsv7M4_T_le_v4SPD16_eabi.lib</file>
         <name>_printfi.c.obj</name>
      </input_file>
      <input_file id="fl-ff">
         <path>/home/sahil/ti/ccs1020/ccs/tools/compiler/ti-cgt-arm_20.2.4.LTS/lib/</path>
         <kind>archive</kind>
         <file>rtsv7M4_T_le_v4SPD16_eabi.lib</file>
         <name>s_frexp.c.obj</name>
      </input_file>
      <input_file id="fl-100">
         <path>/home/sahil/ti/ccs1020/ccs/tools/compiler/ti-cgt-arm_20.2.4.LTS/lib/</path>
         <kind>archive</kind>
         <file>rtsv7M4_T_le_v4SPD16_eabi.lib</file>
         <name>s_scalbn.c.obj</name>
      </input_file>
      <input_file id="fl-101">
         <path>/home/sahil/ti/ccs1020/ccs/tools/compiler/ti-cgt-arm_20.2.4.LTS/lib/</path>
         <kind>archive</kind>
         <file>rtsv7M4_T_le_v4SPD16_eabi.lib</file>
         <name>s_copysign.c.obj</name>
      </input_file>
      <input_file id="fl-102">
         <path>/home/sahil/ti/ccs1020/ccs/tools/compiler/ti-cgt-arm_20.2.4.LTS/lib/</path>
         <kind>archive</kind>
         <file>rtsv7M4_T_le_v4SPD16_eabi.lib</file>
         <name>div0.asm.obj</name>
      </input_file>
      <input_file id="fl-103">
         <path>/home/sahil/ti/ccs1020/ccs/tools/compiler/ti-cgt-arm_20.2.4.LTS/lib/</path>
         <kind>archive</kind>
         <file>rtsv7M4_T_le_v4SPD16_eabi.lib</file>
         <name>fd_add_t2.asm.obj</name>
      </input_file>
      <input_file id="fl-104">
         <path>/home/sahil/ti/ccs1020/ccs/tools/compiler/ti-cgt-arm_20.2.4.LTS/lib/</path>
         <kind>archive</kind>
         <file>rtsv7M4_T_le_v4SPD16_eabi.lib</file>
         <name>fd_cmp_t2.asm.obj</name>
      </input_file>
      <input_file id="fl-105">
         <path>/home/sahil/ti/ccs1020/ccs/tools/compiler/ti-cgt-arm_20.2.4.LTS/lib/</path>
         <kind>archive</kind>
         <file>rtsv7M4_T_le_v4SPD16_eabi.lib</file>
         <name>fd_div_t2.asm.obj</name>
      </input_file>
      <input_file id="fl-106">
         <path>/home/sahil/ti/ccs1020/ccs/tools/compiler/ti-cgt-arm_20.2.4.LTS/lib/</path>
         <kind>archive</kind>
         <file>rtsv7M4_T_le_v4SPD16_eabi.lib</file>
         <name>fd_mul_t2.asm.obj</name>
      </input_file>
      <input_file id="fl-107">
         <path>/home/sahil/ti/ccs1020/ccs/tools/compiler/ti-cgt-arm_20.2.4.LTS/lib/</path>
         <kind>archive</kind>
         <file>rtsv7M4_T_le_v4SPD16_eabi.lib</file>
         <name>fd_toi_t2.asm.obj</name>
      </input_file>
      <input_file id="fl-108">
         <path>/home/sahil/ti/ccs1020/ccs/tools/compiler/ti-cgt-arm_20.2.4.LTS/lib/</path>
         <kind>archive</kind>
         <file>rtsv7M4_T_le_v4SPD16_eabi.lib</file>
         <name>i_tofd_t2.asm.obj</name>
      </input_file>
      <input_file id="fl-109">
         <path>/home/sahil/ti/ccs1020/ccs/tools/compiler/ti-cgt-arm_20.2.4.LTS/lib/</path>
         <kind>archive</kind>
         <file>rtsv7M4_T_le_v4SPD16_eabi.lib</file>
         <name>autoinit.c.obj</name>
      </input_file>
      <input_file id="fl-10a">
         <path>/home/sahil/ti/ccs1020/ccs/tools/compiler/ti-cgt-arm_20.2.4.LTS/lib/</path>
         <kind>archive</kind>
         <file>rtsv7M4_T_le_v4SPD16_eabi.lib</file>
         <name>pre_init.c.obj</name>
      </input_file>
      <input_file id="fl-10b">
         <path>/home/sahil/ti/ccs1020/ccs/tools/compiler/ti-cgt-arm_20.2.4.LTS/lib/</path>
         <kind>archive</kind>
         <file>rtsv7M4_T_le_v4SPD16_eabi.lib</file>
         <name>cpy_tbl.c.obj</name>
      </input_file>
      <input_file id="fl-10c">
         <path>/home/sahil/ti/ccs1020/ccs/tools/compiler/ti-cgt-arm_20.2.4.LTS/lib/</path>
         <kind>archive</kind>
         <file>rtsv7M4_T_le_v4SPD16_eabi.lib</file>
         <name>exit.c.obj</name>
      </input_file>
      <input_file id="fl-10d">
         <path>/home/sahil/ti/ccs1020/ccs/tools/compiler/ti-cgt-arm_20.2.4.LTS/lib/</path>
         <kind>archive</kind>
         <file>rtsv7M4_T_le_v4SPD16_eabi.lib</file>
         <name>_lock.c.obj</name>
      </input_file>
      <input_file id="fl-10e">
         <path>/home/sahil/ti/ccs1020/ccs/tools/compiler/ti-cgt-arm_20.2.4.LTS/lib/</path>
         <kind>archive</kind>
         <file>rtsv7M4_T_le_v4SPD16_eabi.lib</file>
         <name>_ltoa.c.obj</name>
      </input_file>
      <input_file id="fl-10f">
         <path>/home/sahil/ti/ccs1020/ccs/tools/compiler/ti-cgt-arm_20.2.4.LTS/lib/</path>
         <kind>archive</kind>
         <file>rtsv7M4_T_le_v4SPD16_eabi.lib</file>
         <name>args_main.c.obj</name>
      </input_file>
      <input_file id="fl-110">
         <path>/home/sahil/ti/ccs1020/ccs/tools/compiler/ti-cgt-arm_20.2.4.LTS/lib/</path>
         <kind>archive</kind>
         <file>rtsv7M4_T_le_v4SPD16_eabi.lib</file>
         <name>atoi.c.obj</name>
      </input_file>
      <input_file id="fl-111">
         <path>/home/sahil/ti/ccs1020/ccs/tools/compiler/ti-cgt-arm_20.2.4.LTS/lib/</path>
         <kind>archive</kind>
         <file>rtsv7M4_T_le_v4SPD16_eabi.lib</file>
         <name>ctype.c.obj</name>
      </input_file>
      <input_file id="fl-112">
         <path>/home/sahil/ti/ccs1020/ccs/tools/compiler/ti-cgt-arm_20.2.4.LTS/lib/</path>
         <kind>archive</kind>
         <file>rtsv7M4_T_le_v4SPD16_eabi.lib</file>
         <name>memccpy.c.obj</name>
      </input_file>
      <input_file id="fl-113">
         <path>/home/sahil/ti/ccs1020/ccs/tools/compiler/ti-cgt-arm_20.2.4.LTS/lib/</path>
         <kind>archive</kind>
         <file>rtsv7M4_T_le_v4SPD16_eabi.lib</file>
         <name>strchr.c.obj</name>
      </input_file>
      <input_file id="fl-114">
         <path>/home/sahil/ti/ccs1020/ccs/tools/compiler/ti-cgt-arm_20.2.4.LTS/lib/</path>
         <kind>archive</kind>
         <file>rtsv7M4_T_le_v4SPD16_eabi.lib</file>
         <name>errno.c.obj</name>
      </input_file>
      <input_file id="fl-115">
         <path>/home/sahil/ti/ccs1020/ccs/tools/compiler/ti-cgt-arm_20.2.4.LTS/lib/</path>
         <kind>archive</kind>
         <file>rtsv7M4_T_le_v4SPD16_eabi.lib</file>
         <name>wcslen.c.obj</name>
      </input_file>
   </input_file_list>
   <object_component_list>
      <object_component id="oc-26">
         <name>.intvecs:retain</name>
         <load_address>0x0</load_address>
         <run_address>0x0</run_address>
         <size>0xe4</size>
         <input_file_ref idref="fl-6"/>
      </object_component>
      <object_component id="oc-33c">
         <name>.text</name>
         <load_address>0xe4</load_address>
         <run_address>0xe4</run_address>
         <size>0xd5e0</size>
         <input_file_ref idref="fl-12"/>
      </object_component>
      <object_component id="oc-39c">
         <name>.text</name>
         <load_address>0xd6c4</load_address>
         <run_address>0xd6c4</run_address>
         <size>0x1810</size>
         <input_file_ref idref="fl-10"/>
      </object_component>
      <object_component id="oc-28c">
         <name>.text</name>
         <load_address>0xeed4</load_address>
         <run_address>0xeed4</run_address>
         <size>0xc28</size>
         <input_file_ref idref="fl-13"/>
      </object_component>
      <object_component id="oc-4f6">
         <name>.text:__TI_printfi</name>
         <load_address>0xfafc</load_address>
         <run_address>0xfafc</run_address>
         <size>0xa4e</size>
         <input_file_ref idref="fl-fe"/>
      </object_component>
      <object_component id="oc-4a8">
         <name>.text:_nop</name>
         <load_address>0x1054a</load_address>
         <run_address>0x1054a</run_address>
         <size>0x2</size>
         <input_file_ref idref="fl-10d"/>
      </object_component>
      <object_component id="oc-72">
         <name>.text</name>
         <load_address>0x1054c</load_address>
         <run_address>0x1054c</run_address>
         <size>0x758</size>
         <input_file_ref idref="fl-26"/>
      </object_component>
      <object_component id="oc-2aa">
         <name>.text</name>
         <load_address>0x10ca4</load_address>
         <run_address>0x10ca4</run_address>
         <size>0x5b0</size>
         <input_file_ref idref="fl-e"/>
      </object_component>
      <object_component id="oc-1ed">
         <name>.text</name>
         <load_address>0x11254</load_address>
         <run_address>0x11254</run_address>
         <size>0x570</size>
         <input_file_ref idref="fl-3"/>
      </object_component>
      <object_component id="oc-1e7">
         <name>.text</name>
         <load_address>0x117c4</load_address>
         <run_address>0x117c4</run_address>
         <size>0x47c</size>
         <input_file_ref idref="fl-2"/>
      </object_component>
      <object_component id="oc-7e">
         <name>.text</name>
         <load_address>0x11c40</load_address>
         <run_address>0x11c40</run_address>
         <size>0x360</size>
         <input_file_ref idref="fl-15"/>
      </object_component>
      <object_component id="oc-78">
         <name>.text</name>
         <load_address>0x11fa0</load_address>
         <run_address>0x11fa0</run_address>
         <size>0x350</size>
         <input_file_ref idref="fl-18"/>
      </object_component>
      <object_component id="oc-bc">
         <name>.text</name>
         <load_address>0x122f0</load_address>
         <run_address>0x122f0</run_address>
         <size>0x334</size>
         <input_file_ref idref="fl-7"/>
      </object_component>
      <object_component id="oc-29e">
         <name>.text</name>
         <load_address>0x12624</load_address>
         <run_address>0x12624</run_address>
         <size>0x2f8</size>
         <input_file_ref idref="fl-b"/>
      </object_component>
      <object_component id="oc-298">
         <name>.text</name>
         <load_address>0x1291c</load_address>
         <run_address>0x1291c</run_address>
         <size>0x2e0</size>
         <input_file_ref idref="fl-11"/>
      </object_component>
      <object_component id="oc-605">
         <name>.text:_pconv_a</name>
         <load_address>0x12bfc</load_address>
         <run_address>0x12bfc</run_address>
         <size>0x270</size>
         <input_file_ref idref="fl-fe"/>
      </object_component>
      <object_component id="oc-286">
         <name>.text</name>
         <load_address>0x12e6c</load_address>
         <run_address>0x12e6c</run_address>
         <size>0x234</size>
         <input_file_ref idref="fl-17"/>
      </object_component>
      <object_component id="oc-2a4">
         <name>.text</name>
         <load_address>0x130a0</load_address>
         <run_address>0x130a0</run_address>
         <size>0x1f0</size>
         <input_file_ref idref="fl-f"/>
      </object_component>
      <object_component id="oc-342">
         <name>.text</name>
         <load_address>0x13290</load_address>
         <run_address>0x13290</run_address>
         <size>0x1e0</size>
         <input_file_ref idref="fl-29"/>
      </object_component>
      <object_component id="oc-5f3">
         <name>.text:_pconv_g</name>
         <load_address>0x13470</load_address>
         <run_address>0x13470</run_address>
         <size>0x1d0</size>
         <input_file_ref idref="fl-fe"/>
      </object_component>
      <object_component id="oc-696">
         <name>.text</name>
         <load_address>0x13640</load_address>
         <run_address>0x13640</run_address>
         <size>0x1b6</size>
         <input_file_ref idref="fl-103"/>
      </object_component>
      <object_component id="oc-2f5">
         <name>.text:__PCM_setPowerStateAdvanced</name>
         <load_address>0x137f6</load_address>
         <run_address>0x137f6</run_address>
         <size>0x1a0</size>
         <input_file_ref idref="fl-35"/>
      </object_component>
      <object_component id="oc-5c8">
         <name>.text</name>
         <load_address>0x13996</load_address>
         <run_address>0x13996</run_address>
         <size>0x2</size>
         <input_file_ref idref="fl-102"/>
      </object_component>
      <object_component id="oc-292">
         <name>.text</name>
         <load_address>0x13998</load_address>
         <run_address>0x13998</run_address>
         <size>0x178</size>
         <input_file_ref idref="fl-d"/>
      </object_component>
      <object_component id="oc-5ff">
         <name>.text:_pconv_e</name>
         <load_address>0x13b10</load_address>
         <run_address>0x13b10</run_address>
         <size>0x13c</size>
         <input_file_ref idref="fl-fe"/>
      </object_component>
      <object_component id="oc-67c">
         <name>.text</name>
         <load_address>0x13c4c</load_address>
         <run_address>0x13c4c</run_address>
         <size>0x136</size>
         <input_file_ref idref="fl-105"/>
      </object_component>
      <object_component id="oc-6a8">
         <name>.text:fcvt</name>
         <load_address>0x13d84</load_address>
         <run_address>0x13d84</run_address>
         <size>0x124</size>
         <input_file_ref idref="fl-fe"/>
      </object_component>
      <object_component id="oc-6bc">
         <name>.text:scalbn</name>
         <load_address>0x13ea8</load_address>
         <run_address>0x13ea8</run_address>
         <size>0x110</size>
         <input_file_ref idref="fl-100"/>
      </object_component>
      <object_component id="oc-466">
         <name>.text:CS_getDCOFrequency</name>
         <load_address>0x13fb8</load_address>
         <run_address>0x13fb8</run_address>
         <size>0x104</size>
         <input_file_ref idref="fl-30"/>
      </object_component>
      <object_component id="oc-280">
         <name>.text</name>
         <load_address>0x140bc</load_address>
         <run_address>0x140bc</run_address>
         <size>0xfe</size>
         <input_file_ref idref="fl-16"/>
      </object_component>
      <object_component id="oc-677">
         <name>.text</name>
         <load_address>0x141ba</load_address>
         <run_address>0x141ba</run_address>
         <size>0xfc</size>
         <input_file_ref idref="fl-106"/>
      </object_component>
      <object_component id="oc-144">
         <name>.text:CS_initClockSignal</name>
         <load_address>0x142b8</load_address>
         <run_address>0x142b8</run_address>
         <size>0xe0</size>
         <input_file_ref idref="fl-30"/>
      </object_component>
      <object_component id="oc-452">
         <name>.text:__PCM_setPowerModeAdvanced</name>
         <load_address>0x14398</load_address>
         <run_address>0x14398</run_address>
         <size>0xdc</size>
         <input_file_ref idref="fl-35"/>
      </object_component>
      <object_component id="oc-5e8">
         <name>.text:_ltostr</name>
         <load_address>0x14474</load_address>
         <run_address>0x14474</run_address>
         <size>0xb1</size>
         <input_file_ref idref="fl-fe"/>
      </object_component>
      <object_component id="oc-410">
         <name>.text:__PCM_setCoreVoltageLevelAdvanced</name>
         <load_address>0x14528</load_address>
         <run_address>0x14528</run_address>
         <size>0xb0</size>
         <input_file_ref idref="fl-35"/>
      </object_component>
      <object_component id="oc-3f9">
         <name>.text:PutChar</name>
         <load_address>0x145d8</load_address>
         <run_address>0x145d8</run_address>
         <size>0xa4</size>
         <input_file_ref idref="fl-e"/>
      </object_component>
      <object_component id="oc-1df">
         <name>.text</name>
         <load_address>0x1467c</load_address>
         <run_address>0x1467c</run_address>
         <size>0xa0</size>
         <input_file_ref idref="fl-28"/>
      </object_component>
      <object_component id="oc-417">
         <name>.text:CS_startHFXTWithTimeout</name>
         <load_address>0x1471c</load_address>
         <run_address>0x1471c</run_address>
         <size>0x9c</size>
         <input_file_ref idref="fl-30"/>
      </object_component>
      <object_component id="oc-30c">
         <name>.text:_CSComputeCLKFrequency</name>
         <load_address>0x147b8</load_address>
         <run_address>0x147b8</run_address>
         <size>0x9c</size>
         <input_file_ref idref="fl-30"/>
      </object_component>
      <object_component id="oc-37">
         <name>.text</name>
         <load_address>0x14854</load_address>
         <run_address>0x14854</run_address>
         <size>0x9c</size>
         <input_file_ref idref="fl-f6"/>
      </object_component>
      <object_component id="oc-5cd">
         <name>.text</name>
         <load_address>0x148f0</load_address>
         <run_address>0x148f0</run_address>
         <size>0x96</size>
         <input_file_ref idref="fl-f3"/>
      </object_component>
      <object_component id="oc-3b5">
         <name>.text:UART_initModule</name>
         <load_address>0x14988</load_address>
         <run_address>0x14988</run_address>
         <size>0x94</size>
         <input_file_ref idref="fl-39"/>
      </object_component>
      <object_component id="oc-5ee">
         <name>.text:__aeabi_cdcmple</name>
         <load_address>0x14a1c</load_address>
         <run_address>0x14a1c</run_address>
         <size>0x86</size>
         <input_file_ref idref="fl-104"/>
      </object_component>
      <object_component id="oc-681">
         <name>.text:__aeabi_cdrcmple</name>
         <load_address>0x14aa2</load_address>
         <run_address>0x14aa2</run_address>
         <size>0x86</size>
         <input_file_ref idref="fl-104"/>
      </object_component>
      <object_component id="oc-e0">
         <name>.text</name>
         <load_address>0x14b28</load_address>
         <run_address>0x14b28</run_address>
         <size>0x84</size>
         <input_file_ref idref="fl-c"/>
      </object_component>
      <object_component id="oc-440">
         <name>.text:PCM_gotoLPM3</name>
         <load_address>0x14bac</load_address>
         <run_address>0x14bac</run_address>
         <size>0x7c</size>
         <input_file_ref idref="fl-35"/>
      </object_component>
      <object_component id="oc-9e">
         <name>.text</name>
         <load_address>0x14c28</load_address>
         <run_address>0x14c28</run_address>
         <size>0x7a</size>
         <input_file_ref idref="fl-f4"/>
      </object_component>
      <object_component id="oc-570">
         <name>.text:_CSGetHFXTFrequency</name>
         <load_address>0x14ca4</load_address>
         <run_address>0x14ca4</run_address>
         <size>0x70</size>
         <input_file_ref idref="fl-30"/>
      </object_component>
      <object_component id="oc-6a1">
         <name>.text:_mcpy</name>
         <load_address>0x14d14</load_address>
         <run_address>0x14d14</run_address>
         <size>0x6e</size>
         <input_file_ref idref="fl-fe"/>
      </object_component>
      <object_component id="oc-4e1">
         <name>.text</name>
         <load_address>0x14d82</load_address>
         <run_address>0x14d82</run_address>
         <size>0x6e</size>
         <input_file_ref idref="fl-f2"/>
      </object_component>
      <object_component id="oc-17">
         <name>.text:decompress:lzss:__TI_decompress_lzss</name>
         <load_address>0x14df0</load_address>
         <run_address>0x14df0</run_address>
         <size>0x68</size>
         <input_file_ref idref="fl-f9"/>
      </object_component>
      <object_component id="oc-120">
         <name>.text:Interrupt_disableInterrupt</name>
         <load_address>0x14e58</load_address>
         <run_address>0x14e58</run_address>
         <size>0x64</size>
         <input_file_ref idref="fl-34"/>
      </object_component>
      <object_component id="oc-10e">
         <name>.text:Interrupt_enableInterrupt</name>
         <load_address>0x14ebc</load_address>
         <run_address>0x14ebc</run_address>
         <size>0x64</size>
         <input_file_ref idref="fl-34"/>
      </object_component>
      <object_component id="oc-6b6">
         <name>.text:frexp</name>
         <load_address>0x14f20</load_address>
         <run_address>0x14f20</run_address>
         <size>0x64</size>
         <input_file_ref idref="fl-ff"/>
      </object_component>
      <object_component id="oc-6d">
         <name>.text</name>
         <load_address>0x14f84</load_address>
         <run_address>0x14f84</run_address>
         <size>0x60</size>
         <input_file_ref idref="fl-27"/>
      </object_component>
      <object_component id="oc-407">
         <name>.text:LCD_ReadData</name>
         <load_address>0x14fe4</load_address>
         <run_address>0x14fe4</run_address>
         <size>0x60</size>
         <input_file_ref idref="fl-e"/>
      </object_component>
      <object_component id="oc-aa">
         <name>.text</name>
         <load_address>0x15044</load_address>
         <run_address>0x15044</run_address>
         <size>0x58</size>
         <input_file_ref idref="fl-4"/>
      </object_component>
      <object_component id="oc-5f9">
         <name>.text:_pconv_f</name>
         <load_address>0x1509c</load_address>
         <run_address>0x1509c</run_address>
         <size>0x56</size>
         <input_file_ref idref="fl-fe"/>
      </object_component>
      <object_component id="oc-68b">
         <name>.text:__TI_ltoa</name>
         <load_address>0x150f2</load_address>
         <run_address>0x150f2</run_address>
         <size>0x54</size>
         <input_file_ref idref="fl-10e"/>
      </object_component>
      <object_component id="oc-69b">
         <name>.text:_ecpy</name>
         <load_address>0x15146</load_address>
         <run_address>0x15146</run_address>
         <size>0x52</size>
         <input_file_ref idref="fl-fe"/>
      </object_component>
      <object_component id="oc-44c">
         <name>.text:PCM_shutdownDevice</name>
         <load_address>0x15198</load_address>
         <run_address>0x15198</run_address>
         <size>0x50</size>
         <input_file_ref idref="fl-35"/>
      </object_component>
      <object_component id="oc-598">
         <name>.text:SysCtl_getTLVInfo</name>
         <load_address>0x151e8</load_address>
         <run_address>0x151e8</run_address>
         <size>0x50</size>
         <input_file_ref idref="fl-38"/>
      </object_component>
      <object_component id="oc-126">
         <name>.text:GPIO_setAsPeripheralModuleFunctionOutputPin</name>
         <load_address>0x15238</load_address>
         <run_address>0x15238</run_address>
         <size>0x4c</size>
         <input_file_ref idref="fl-32"/>
      </object_component>
      <object_component id="oc-592">
         <name>.text:_CSGetDOCFrequency</name>
         <load_address>0x15284</load_address>
         <run_address>0x15284</run_address>
         <size>0x4c</size>
         <input_file_ref idref="fl-30"/>
      </object_component>
      <object_component id="oc-5e2">
         <name>.text:atoi</name>
         <load_address>0x152d0</load_address>
         <run_address>0x152d0</run_address>
         <size>0x4c</size>
         <input_file_ref idref="fl-110"/>
      </object_component>
      <object_component id="oc-3c1">
         <name>.text:snprintf</name>
         <load_address>0x1531c</load_address>
         <run_address>0x1531c</run_address>
         <size>0x4c</size>
         <input_file_ref idref="fl-f1"/>
      </object_component>
      <object_component id="oc-3af">
         <name>.text:GPIO_setAsPeripheralModuleFunctionInputPin</name>
         <load_address>0x15368</load_address>
         <run_address>0x15368</run_address>
         <size>0x48</size>
         <input_file_ref idref="fl-32"/>
      </object_component>
      <object_component id="oc-460">
         <name>.text:_CSGetDividerValue</name>
         <load_address>0x153b0</load_address>
         <run_address>0x153b0</run_address>
         <size>0x48</size>
         <input_file_ref idref="fl-30"/>
      </object_component>
      <object_component id="oc-686">
         <name>.text</name>
         <load_address>0x153f8</load_address>
         <run_address>0x153f8</run_address>
         <size>0x48</size>
         <input_file_ref idref="fl-107"/>
      </object_component>
      <object_component id="oc-200">
         <name>.text:__TI_auto_init_nobinit_nopinit:__TI_auto_init_nobinit_nopinit</name>
         <load_address>0x15440</load_address>
         <run_address>0x15440</run_address>
         <size>0x44</size>
         <input_file_ref idref="fl-109"/>
      </object_component>
      <object_component id="oc-537">
         <name>.text</name>
         <load_address>0x15484</load_address>
         <run_address>0x15484</run_address>
         <size>0x40</size>
         <input_file_ref idref="fl-9"/>
      </object_component>
      <object_component id="oc-da">
         <name>.text</name>
         <load_address>0x154c4</load_address>
         <run_address>0x154c4</run_address>
         <size>0x40</size>
         <input_file_ref idref="fl-a"/>
      </object_component>
      <object_component id="oc-530">
         <name>.text:LCD_WriteData</name>
         <load_address>0x15504</load_address>
         <run_address>0x15504</run_address>
         <size>0x40</size>
         <input_file_ref idref="fl-e"/>
      </object_component>
      <object_component id="oc-168">
         <name>.text:I2C_initMaster</name>
         <load_address>0x15544</load_address>
         <run_address>0x15544</run_address>
         <size>0x3e</size>
         <input_file_ref idref="fl-33"/>
      </object_component>
      <object_component id="oc-6ae">
         <name>.text:_fcpy</name>
         <load_address>0x15582</load_address>
         <run_address>0x15582</run_address>
         <size>0x3e</size>
         <input_file_ref idref="fl-fe"/>
      </object_component>
      <object_component id="oc-180">
         <name>.text:I2C_masterSendMultiByteStart</name>
         <load_address>0x155c0</load_address>
         <run_address>0x155c0</run_address>
         <size>0x38</size>
         <input_file_ref idref="fl-33"/>
      </object_component>
      <object_component id="oc-3e4">
         <name>.text:LCD_WriteIndex</name>
         <load_address>0x155f8</load_address>
         <run_address>0x155f8</run_address>
         <size>0x34</size>
         <input_file_ref idref="fl-e"/>
      </object_component>
      <object_component id="oc-55">
         <name>.text:_c_int00_noargs:_c_int00_noargs</name>
         <load_address>0x1562c</load_address>
         <run_address>0x1562c</run_address>
         <size>0x34</size>
         <input_file_ref idref="fl-fd"/>
      </object_component>
      <object_component id="oc-336">
         <name>.text:rand</name>
         <load_address>0x15660</load_address>
         <run_address>0x15660</run_address>
         <size>0x34</size>
         <input_file_ref idref="fl-fa"/>
      </object_component>
      <object_component id="oc-1a4">
         <name>.text:I2C_masterSendMultiByteStop</name>
         <load_address>0x15694</load_address>
         <run_address>0x15694</run_address>
         <size>0x30</size>
         <input_file_ref idref="fl-33"/>
      </object_component>
      <object_component id="oc-4fc">
         <name>.text:_outs</name>
         <load_address>0x156c4</load_address>
         <run_address>0x156c4</run_address>
         <size>0x30</size>
         <input_file_ref idref="fl-f1"/>
      </object_component>
      <object_component id="oc-632">
         <name>.text:is_A_Module</name>
         <load_address>0x156f4</load_address>
         <run_address>0x156f4</run_address>
         <size>0x30</size>
         <input_file_ref idref="fl-37"/>
      </object_component>
      <object_component id="oc-691">
         <name>.text</name>
         <load_address>0x15724</load_address>
         <run_address>0x15724</run_address>
         <size>0x2e</size>
         <input_file_ref idref="fl-108"/>
      </object_component>
      <object_component id="oc-557">
         <name>.text:PCM_getCoreVoltageLevel</name>
         <load_address>0x15752</load_address>
         <run_address>0x15752</run_address>
         <size>0x2c</size>
         <input_file_ref idref="fl-35"/>
      </object_component>
      <object_component id="oc-551">
         <name>.text:PCM_getPowerMode</name>
         <load_address>0x1577e</load_address>
         <run_address>0x1577e</run_address>
         <size>0x2a</size>
         <input_file_ref idref="fl-35"/>
      </object_component>
      <object_component id="oc-132">
         <name>.text:FlashCtl_setWaitState</name>
         <load_address>0x157a8</load_address>
         <run_address>0x157a8</run_address>
         <size>0x28</size>
         <input_file_ref idref="fl-31"/>
      </object_component>
      <object_component id="oc-458">
         <name>.text:PCM_gotoLPM0</name>
         <load_address>0x157d0</load_address>
         <run_address>0x157d0</run_address>
         <size>0x28</size>
         <input_file_ref idref="fl-35"/>
      </object_component>
      <object_component id="oc-400">
         <name>.text:SPISendRecvByte</name>
         <load_address>0x157f8</load_address>
         <run_address>0x157f8</run_address>
         <size>0x28</size>
         <input_file_ref idref="fl-e"/>
      </object_component>
      <object_component id="oc-387">
         <name>.text</name>
         <load_address>0x15820</load_address>
         <run_address>0x15820</run_address>
         <size>0x26</size>
         <input_file_ref idref="fl-14"/>
      </object_component>
      <object_component id="oc-46c">
         <name>.text:CS_clearInterruptFlag</name>
         <load_address>0x15848</load_address>
         <run_address>0x15848</run_address>
         <size>0x24</size>
         <input_file_ref idref="fl-30"/>
      </object_component>
      <object_component id="oc-13e">
         <name>.text:CS_setDCOCenteredFrequency</name>
         <load_address>0x1586c</load_address>
         <run_address>0x1586c</run_address>
         <size>0x24</size>
         <input_file_ref idref="fl-30"/>
      </object_component>
      <object_component id="oc-1b0">
         <name>.text:I2C_masterSendMultiByteNext</name>
         <load_address>0x15890</load_address>
         <run_address>0x15890</run_address>
         <size>0x24</size>
         <input_file_ref idref="fl-33"/>
      </object_component>
      <object_component id="oc-114">
         <name>.text:Interrupt_setPriority</name>
         <load_address>0x158b4</load_address>
         <run_address>0x158b4</run_address>
         <size>0x24</size>
         <input_file_ref idref="fl-34"/>
      </object_component>
      <object_component id="oc-585">
         <name>.text:RTC_C_holdClock</name>
         <load_address>0x158d8</load_address>
         <run_address>0x158d8</run_address>
         <size>0x24</size>
         <input_file_ref idref="fl-36"/>
      </object_component>
      <object_component id="oc-3a9">
         <name>.text:UART_transmitData</name>
         <load_address>0x158fc</load_address>
         <run_address>0x158fc</run_address>
         <size>0x24</size>
         <input_file_ref idref="fl-39"/>
      </object_component>
      <object_component id="oc-3dd">
         <name>.text:LCD_SetCursor</name>
         <load_address>0x15920</load_address>
         <run_address>0x15920</run_address>
         <size>0x20</size>
         <input_file_ref idref="fl-e"/>
      </object_component>
      <object_component id="oc-3f2">
         <name>.text:LCD_Write_Data_Only</name>
         <load_address>0x15940</load_address>
         <run_address>0x15940</run_address>
         <size>0x20</size>
         <input_file_ref idref="fl-e"/>
      </object_component>
      <object_component id="oc-53d">
         <name>.text:SPI_transmitData</name>
         <load_address>0x15960</load_address>
         <run_address>0x15960</run_address>
         <size>0x20</size>
         <input_file_ref idref="fl-37"/>
      </object_component>
      <object_component id="oc-646">
         <name>.text:EUSCI_A_SPI_isBusy</name>
         <load_address>0x15980</load_address>
         <run_address>0x15980</run_address>
         <size>0x1c</size>
         <input_file_ref idref="fl-37"/>
      </object_component>
      <object_component id="oc-64c">
         <name>.text:EUSCI_B_SPI_isBusy</name>
         <load_address>0x1599c</load_address>
         <run_address>0x1599c</run_address>
         <size>0x1c</size>
         <input_file_ref idref="fl-37"/>
      </object_component>
      <object_component id="oc-3d6">
         <name>.text:LCD_WriteReg</name>
         <load_address>0x159b8</load_address>
         <run_address>0x159b8</run_address>
         <size>0x1c</size>
         <input_file_ref idref="fl-e"/>
      </object_component>
      <object_component id="oc-60b">
         <name>.text:memccpy</name>
         <load_address>0x159d4</load_address>
         <run_address>0x159d4</run_address>
         <size>0x1c</size>
         <input_file_ref idref="fl-112"/>
      </object_component>
      <object_component id="oc-543">
         <name>.text:SPI_isBusy</name>
         <load_address>0x159f0</load_address>
         <run_address>0x159f0</run_address>
         <size>0x1a</size>
         <input_file_ref idref="fl-37"/>
      </object_component>
      <object_component id="oc-549">
         <name>.text:SPI_receiveData</name>
         <load_address>0x15a0a</load_address>
         <run_address>0x15a0a</run_address>
         <size>0x1a</size>
         <input_file_ref idref="fl-37"/>
      </object_component>
      <object_component id="oc-711">
         <name>.text:copysign</name>
         <load_address>0x15a24</load_address>
         <run_address>0x15a24</run_address>
         <size>0x1a</size>
         <input_file_ref idref="fl-101"/>
      </object_component>
      <object_component id="oc-2bd">
         <name>.text:CS_getMCLK</name>
         <load_address>0x15a40</load_address>
         <run_address>0x15a40</run_address>
         <size>0x18</size>
         <input_file_ref idref="fl-30"/>
      </object_component>
      <object_component id="oc-156">
         <name>.text:CS_getSMCLK</name>
         <load_address>0x15a58</load_address>
         <run_address>0x15a58</run_address>
         <size>0x18</size>
         <input_file_ref idref="fl-30"/>
      </object_component>
      <object_component id="oc-274">
         <name>.text:WDT_A_clearTimer</name>
         <load_address>0x15a70</load_address>
         <run_address>0x15a70</run_address>
         <size>0x18</size>
         <input_file_ref idref="fl-3a"/>
      </object_component>
      <object_component id="oc-27a">
         <name>.text:WDT_A_holdTimer</name>
         <load_address>0x15a88</load_address>
         <run_address>0x15a88</run_address>
         <size>0x18</size>
         <input_file_ref idref="fl-3a"/>
      </object_component>
      <object_component id="oc-502">
         <name>.text:_outc</name>
         <load_address>0x15aa0</load_address>
         <run_address>0x15aa0</run_address>
         <size>0x18</size>
         <input_file_ref idref="fl-f1"/>
      </object_component>
      <object_component id="oc-4dc">
         <name>.text</name>
         <load_address>0x15ab8</load_address>
         <run_address>0x15ab8</run_address>
         <size>0x18</size>
         <input_file_ref idref="fl-f5"/>
      </object_component>
      <object_component id="oc-6c2">
         <name>.text:strchr</name>
         <load_address>0x15ad0</load_address>
         <run_address>0x15ad0</run_address>
         <size>0x16</size>
         <input_file_ref idref="fl-113"/>
      </object_component>
      <object_component id="oc-12c">
         <name>.text:CS_setExternalClockSourceFrequency</name>
         <load_address>0x15ae8</load_address>
         <run_address>0x15ae8</run_address>
         <size>0x14</size>
         <input_file_ref idref="fl-30"/>
      </object_component>
      <object_component id="oc-15c">
         <name>.text:I2C_isBusBusy</name>
         <load_address>0x15afc</load_address>
         <run_address>0x15afc</run_address>
         <size>0x14</size>
         <input_file_ref idref="fl-33"/>
      </object_component>
      <object_component id="oc-ed">
         <name>.text:strcpy</name>
         <load_address>0x15b10</load_address>
         <run_address>0x15b10</run_address>
         <size>0x14</size>
         <input_file_ref idref="fl-fb"/>
      </object_component>
      <object_component id="oc-5dc">
         <name>.text:strlen</name>
         <load_address>0x15b24</load_address>
         <run_address>0x15b24</run_address>
         <size>0x14</size>
         <input_file_ref idref="fl-fc"/>
      </object_component>
      <object_component id="oc-611">
         <name>.text:wcslen</name>
         <load_address>0x15b38</load_address>
         <run_address>0x15b38</run_address>
         <size>0x12</size>
         <input_file_ref idref="fl-115"/>
      </object_component>
      <object_component id="oc-192">
         <name>.text:I2C_masterReceiveStart</name>
         <load_address>0x15b4a</load_address>
         <run_address>0x15b4a</run_address>
         <size>0x10</size>
         <input_file_ref idref="fl-33"/>
      </object_component>
      <object_component id="oc-11a">
         <name>.text:Interrupt_enableMaster</name>
         <load_address>0x15b5a</load_address>
         <run_address>0x15b5a</run_address>
         <size>0x10</size>
         <input_file_ref idref="fl-34"/>
      </object_component>
      <object_component id="oc-446">
         <name>.text:PCM_gotoLPM4</name>
         <load_address>0x15b6a</load_address>
         <run_address>0x15b6a</run_address>
         <size>0x10</size>
         <input_file_ref idref="fl-35"/>
      </object_component>
      <object_component id="oc-56a">
         <name>.text:SysCtl_disableNMISource</name>
         <load_address>0x15b7c</load_address>
         <run_address>0x15b7c</run_address>
         <size>0x10</size>
         <input_file_ref idref="fl-38"/>
      </object_component>
      <object_component id="oc-576">
         <name>.text:SysCtl_enableNMISource</name>
         <load_address>0x15b8c</load_address>
         <run_address>0x15b8c</run_address>
         <size>0x10</size>
         <input_file_ref idref="fl-38"/>
      </object_component>
      <object_component id="oc-d4">
         <name>.text</name>
         <load_address>0x15b9c</load_address>
         <run_address>0x15b9c</run_address>
         <size>0xe</size>
         <input_file_ref idref="fl-25"/>
      </object_component>
      <object_component id="oc-19e">
         <name>.text:I2C_clearInterruptFlag</name>
         <load_address>0x15baa</load_address>
         <run_address>0x15baa</run_address>
         <size>0xe</size>
         <input_file_ref idref="fl-33"/>
      </object_component>
      <object_component id="oc-186">
         <name>.text:I2C_disableInterrupt</name>
         <load_address>0x15bb8</load_address>
         <run_address>0x15bb8</run_address>
         <size>0xe</size>
         <input_file_ref idref="fl-33"/>
      </object_component>
      <object_component id="oc-1d">
         <name>.text:decompress:none:__TI_decompress_none</name>
         <load_address>0x15bc6</load_address>
         <run_address>0x15bc6</run_address>
         <size>0xe</size>
         <input_file_ref idref="fl-f8"/>
      </object_component>
      <object_component id="oc-67">
         <name>.text</name>
         <load_address>0x15bd4</load_address>
         <run_address>0x15bd4</run_address>
         <size>0xe</size>
         <input_file_ref idref="fl-6"/>
      </object_component>
      <object_component id="oc-2e1">
         <name>.text:CPU_cpsie</name>
         <load_address>0x15be2</load_address>
         <run_address>0x15be2</run_address>
         <size>0xc</size>
         <input_file_ref idref="fl-3b"/>
      </object_component>
      <object_component id="oc-162">
         <name>.text:I2C_disableModule</name>
         <load_address>0x15bee</load_address>
         <run_address>0x15bee</run_address>
         <size>0xc</size>
         <input_file_ref idref="fl-33"/>
      </object_component>
      <object_component id="oc-174">
         <name>.text:I2C_enableModule</name>
         <load_address>0x15bfa</load_address>
         <run_address>0x15bfa</run_address>
         <size>0xc</size>
         <input_file_ref idref="fl-33"/>
      </object_component>
      <object_component id="oc-43a">
         <name>.text:PCM_getPowerState</name>
         <load_address>0x15c08</load_address>
         <run_address>0x15c08</run_address>
         <size>0xc</size>
         <input_file_ref idref="fl-35"/>
      </object_component>
      <object_component id="oc-564">
         <name>.text:SysCtl_getNMISourceStatus</name>
         <load_address>0x15c14</load_address>
         <run_address>0x15c14</run_address>
         <size>0xc</size>
         <input_file_ref idref="fl-38"/>
      </object_component>
      <object_component id="oc-3bb">
         <name>.text:UART_enableModule</name>
         <load_address>0x15c20</load_address>
         <run_address>0x15c20</run_address>
         <size>0xc</size>
         <input_file_ref idref="fl-39"/>
      </object_component>
      <object_component id="oc-49">
         <name>.text:decompress:ZI:__TI_zero_init</name>
         <load_address>0x15c2c</load_address>
         <run_address>0x15c2c</run_address>
         <size>0xc</size>
         <input_file_ref idref="fl-f7"/>
      </object_component>
      <object_component id="oc-3eb">
         <name>.text:LCD_Write_Data_Start</name>
         <load_address>0x15c38</load_address>
         <run_address>0x15c38</run_address>
         <size>0xa</size>
         <input_file_ref idref="fl-e"/>
      </object_component>
      <object_component id="oc-17a">
         <name>.text:I2C_enableInterrupt</name>
         <load_address>0x15c42</load_address>
         <run_address>0x15c42</run_address>
         <size>0x8</size>
         <input_file_ref idref="fl-33"/>
      </object_component>
      <object_component id="oc-2b1">
         <name>.text:PCM_setCoreVoltageLevel</name>
         <load_address>0x15c4a</load_address>
         <run_address>0x15c4a</run_address>
         <size>0x8</size>
         <input_file_ref idref="fl-35"/>
      </object_component>
      <object_component id="oc-55d">
         <name>.text:PCM_setPowerMode</name>
         <load_address>0x15c52</load_address>
         <run_address>0x15c52</run_address>
         <size>0x8</size>
         <input_file_ref idref="fl-35"/>
      </object_component>
      <object_component id="oc-138">
         <name>.text:PCM_setPowerState</name>
         <load_address>0x15c5a</load_address>
         <run_address>0x15c5a</run_address>
         <size>0x8</size>
         <input_file_ref idref="fl-35"/>
      </object_component>
      <object_component id="oc-617">
         <name>.text:__aeabi_errno_addr</name>
         <load_address>0x15c64</load_address>
         <run_address>0x15c64</run_address>
         <size>0x8</size>
         <input_file_ref idref="fl-114"/>
      </object_component>
      <object_component id="oc-2b7">
         <name>.text:CS_startHFXT</name>
         <load_address>0x15c6c</load_address>
         <run_address>0x15c6c</run_address>
         <size>0x6</size>
         <input_file_ref idref="fl-30"/>
      </object_component>
      <object_component id="oc-653">
         <name>.text:EUSCI_A_SPI_receiveData</name>
         <load_address>0x15c72</load_address>
         <run_address>0x15c72</run_address>
         <size>0x6</size>
         <input_file_ref idref="fl-37"/>
      </object_component>
      <object_component id="oc-659">
         <name>.text:EUSCI_B_SPI_receiveData</name>
         <load_address>0x15c78</load_address>
         <run_address>0x15c78</run_address>
         <size>0x6</size>
         <input_file_ref idref="fl-37"/>
      </object_component>
      <object_component id="oc-198">
         <name>.text:I2C_getEnabledInterruptStatus</name>
         <load_address>0x15c7e</load_address>
         <run_address>0x15c7e</run_address>
         <size>0x6</size>
         <input_file_ref idref="fl-33"/>
      </object_component>
      <object_component id="oc-18c">
         <name>.text:I2C_getInterruptStatus</name>
         <load_address>0x15c84</load_address>
         <run_address>0x15c84</run_address>
         <size>0x6</size>
         <input_file_ref idref="fl-33"/>
      </object_component>
      <object_component id="oc-1aa">
         <name>.text:I2C_masterReceiveMultiByteNext</name>
         <load_address>0x15c8a</load_address>
         <run_address>0x15c8a</run_address>
         <size>0x6</size>
         <input_file_ref idref="fl-33"/>
      </object_component>
      <object_component id="oc-4d5">
         <name>.text:SysCtlDelay</name>
         <load_address>0x15c90</load_address>
         <run_address>0x15c90</run_address>
         <size>0x6</size>
         <input_file_ref idref="fl-14"/>
      </object_component>
      <object_component id="oc-57e">
         <name>.text:CPU_wfi</name>
         <load_address>0x15c96</load_address>
         <run_address>0x15c96</run_address>
         <size>0x4</size>
         <input_file_ref idref="fl-3b"/>
      </object_component>
      <object_component id="oc-63e">
         <name>.text:EUSCI_A_SPI_transmitData</name>
         <load_address>0x15c9a</load_address>
         <run_address>0x15c9a</run_address>
         <size>0x4</size>
         <input_file_ref idref="fl-37"/>
      </object_component>
      <object_component id="oc-638">
         <name>.text:EUSCI_B_SPI_transmitData</name>
         <load_address>0x15c9e</load_address>
         <run_address>0x15c9e</run_address>
         <size>0x4</size>
         <input_file_ref idref="fl-37"/>
      </object_component>
      <object_component id="oc-16e">
         <name>.text:I2C_setSlaveAddress</name>
         <load_address>0x15ca2</load_address>
         <run_address>0x15ca2</run_address>
         <size>0x4</size>
         <input_file_ref idref="fl-33"/>
      </object_component>
      <object_component id="oc-a4">
         <name>.text:_system_pre_init</name>
         <load_address>0x15ca6</load_address>
         <run_address>0x15ca6</run_address>
         <size>0x4</size>
         <input_file_ref idref="fl-10a"/>
      </object_component>
      <object_component id="oc-1f4">
         <name>.text:abort:abort</name>
         <load_address>0x15caa</load_address>
         <run_address>0x15caa</run_address>
         <size>0x4</size>
         <input_file_ref idref="fl-10c"/>
      </object_component>
      <object_component id="oc-62d">
         <name>.const:AsciiLib</name>
         <load_address>0x15cb0</load_address>
         <run_address>0x15cb0</run_address>
         <size>0x5f0</size>
         <input_file_ref idref="fl-9"/>
      </object_component>
      <object_component id="oc-670">
         <name>.const:.string:_ctypes_</name>
         <load_address>0x162a0</load_address>
         <run_address>0x162a0</run_address>
         <size>0x101</size>
         <input_file_ref idref="fl-111"/>
      </object_component>
      <object_component id="oc-495">
         <name>.const:.string:INVALID_OFFSET</name>
         <load_address>0x163a1</load_address>
         <run_address>0x163a1</run_address>
         <size>0x3</size>
         <input_file_ref idref="fl-12"/>
      </object_component>
      <object_component id="oc-2dd">
         <name>.const:g_pulRegs</name>
         <load_address>0x163a4</load_address>
         <run_address>0x163a4</run_address>
         <size>0x50</size>
         <input_file_ref idref="fl-34"/>
      </object_component>
      <object_component id="oc-2d3">
         <name>.const</name>
         <load_address>0x163f4</load_address>
         <run_address>0x163f4</run_address>
         <size>0x40</size>
         <input_file_ref idref="fl-34"/>
      </object_component>
      <object_component id="oc-3c7">
         <name>.const:backChannelUart115200Config</name>
         <load_address>0x16434</load_address>
         <run_address>0x16434</run_address>
         <size>0x24</size>
         <input_file_ref idref="fl-b"/>
      </object_component>
      <object_component id="oc-498">
         <name>.const:yas532_version_ac_coef</name>
         <load_address>0x16458</load_address>
         <run_address>0x16458</run_address>
         <size>0xc</size>
         <input_file_ref idref="fl-12"/>
      </object_component>
      <object_component id="oc-49c">
         <name>.const:v_calib_data$2</name>
         <load_address>0x16464</load_address>
         <run_address>0x16464</run_address>
         <size>0x8</size>
         <input_file_ref idref="fl-12"/>
      </object_component>
      <object_component id="oc-3a5">
         <name>.const:.string:$P$T0$1</name>
         <load_address>0x1646c</load_address>
         <run_address>0x1646c</run_address>
         <size>0x5</size>
         <input_file_ref idref="fl-11"/>
      </object_component>
      <object_component id="oc-49b">
         <name>.const:.string:v_correct_u8$1</name>
         <load_address>0x16471</load_address>
         <run_address>0x16471</run_address>
         <size>0x5</size>
         <input_file_ref idref="fl-12"/>
      </object_component>
      <object_component id="oc-76e">
         <name>.cinit..data.load</name>
         <load_address>0x16478</load_address>
         <run_address>0x16478</run_address>
         <size>0x51</size>
      </object_component>
      <object_component id="oc-76c">
         <name>__TI_handler_table</name>
         <load_address>0x164cc</load_address>
         <run_address>0x164cc</run_address>
         <size>0xc</size>
      </object_component>
      <object_component id="oc-76f">
         <name>.cinit..bss.load</name>
         <load_address>0x164d8</load_address>
         <run_address>0x164d8</run_address>
         <size>0x8</size>
      </object_component>
      <object_component id="oc-76d">
         <name>__TI_cinit_table</name>
         <load_address>0x164e0</load_address>
         <run_address>0x164e0</run_address>
         <size>0x10</size>
      </object_component>
      <object_component id="oc-740">
         <name>.binit</name>
         <load_address>0x0</load_address>
         <run_address>0x0</run_address>
         <size>0x0</size>
      </object_component>
      <object_component id="oc-34b">
         <name>.data</name>
         <load_address>0x2000a408</load_address>
         <run_address>0x2000a408</run_address>
         <size>0x8</size>
         <input_file_ref idref="fl-3"/>
      </object_component>
      <object_component id="oc-232">
         <name>.data</name>
         <load_address>0x2000a41c</load_address>
         <run_address>0x2000a41c</run_address>
         <size>0x4</size>
         <input_file_ref idref="fl-7"/>
      </object_component>
      <object_component id="oc-489">
         <name>.data</name>
         <load_address>0x2000a400</load_address>
         <run_address>0x2000a400</run_address>
         <size>0x8</size>
         <input_file_ref idref="fl-12"/>
      </object_component>
      <object_component id="oc-481">
         <name>.data:v_fifo_data_u8</name>
         <load_address>0x20009fb4</load_address>
         <run_address>0x20009fb4</run_address>
         <size>0x400</size>
         <input_file_ref idref="fl-12"/>
      </object_component>
      <object_component id="oc-1be">
         <name>.data</name>
         <load_address>0x2000a420</load_address>
         <run_address>0x2000a420</run_address>
         <size>0x1</size>
         <input_file_ref idref="fl-15"/>
      </object_component>
      <object_component id="oc-1b6">
         <name>.data:i2cConfig</name>
         <load_address>0x2000a3e4</load_address>
         <run_address>0x2000a3e4</run_address>
         <size>0x14</size>
         <input_file_ref idref="fl-15"/>
      </object_component>
      <object_component id="oc-14a">
         <name>.data</name>
         <load_address>0x2000a410</load_address>
         <run_address>0x2000a410</run_address>
         <size>0x4</size>
         <input_file_ref idref="fl-18"/>
      </object_component>
      <object_component id="oc-2e9">
         <name>.data:GPIO_PORT_TO_BASE</name>
         <load_address>0x2000a3b4</load_address>
         <run_address>0x2000a3b4</run_address>
         <size>0x30</size>
         <input_file_ref idref="fl-32"/>
      </object_component>
      <object_component id="oc-47a">
         <name>.data</name>
         <load_address>0x2000a418</load_address>
         <run_address>0x2000a418</run_address>
         <size>0x4</size>
         <input_file_ref idref="fl-fa"/>
      </object_component>
      <object_component id="oc-358">
         <name>.data:$O1$$</name>
         <load_address>0x2000a3f8</load_address>
         <run_address>0x2000a3f8</run_address>
         <size>0x8</size>
         <input_file_ref idref="fl-10d"/>
      </object_component>
      <object_component id="oc-6d2">
         <name>.data</name>
         <load_address>0x2000a414</load_address>
         <run_address>0x2000a414</run_address>
         <size>0x4</size>
         <input_file_ref idref="fl-114"/>
      </object_component>
      <object_component id="oc-350">
         <name>.bss:ballControlBlocks</name>
         <uninitialized>true</uninitialized>
         <run_address>0x20009b04</run_address>
         <size>0x230</size>
         <input_file_ref idref="fl-3"/>
      </object_component>
      <object_component id="oc-3ca">
         <name>.bss:backChannelStringBuff</name>
         <uninitialized>true</uninitialized>
         <run_address>0x20009d34</run_address>
         <size>0x100</size>
         <input_file_ref idref="fl-b"/>
      </object_component>
      <object_component id="oc-4d9">
         <name>.bss</name>
         <uninitialized>true</uninitialized>
         <run_address>0x20009f70</run_address>
         <size>0x4</size>
         <input_file_ref idref="fl-10"/>
      </object_component>
      <object_component id="oc-47e">
         <name>.bss</name>
         <uninitialized>true</uninitialized>
         <run_address>0x20009f74</run_address>
         <size>0x4</size>
         <input_file_ref idref="fl-12"/>
      </object_component>
      <object_component id="oc-48c">
         <name>.bss:mag_trim</name>
         <uninitialized>true</uninitialized>
         <run_address>0x20009f48</run_address>
         <size>0x10</size>
         <input_file_ref idref="fl-12"/>
      </object_component>
      <object_component id="oc-48f">
         <name>.bss:akm_asa_data</name>
         <uninitialized>true</uninitialized>
         <run_address>0x20009fa4</run_address>
         <size>0x3</size>
         <input_file_ref idref="fl-12"/>
      </object_component>
      <object_component id="oc-492">
         <name>.bss:yas532_data</name>
         <uninitialized>true</uninitialized>
         <run_address>0x20009e34</run_address>
         <size>0x70</size>
         <input_file_ref idref="fl-12"/>
      </object_component>
      <object_component id="oc-37d">
         <name>.bss:buf</name>
         <uninitialized>true</uninitialized>
         <run_address>0x20009f78</run_address>
         <size>0x4</size>
         <input_file_ref idref="fl-17"/>
      </object_component>
      <object_component id="oc-37a">
         <name>.bss</name>
         <uninitialized>true</uninitialized>
         <run_address>0x20009fa8</run_address>
         <size>0x2</size>
         <input_file_ref idref="fl-17"/>
      </object_component>
      <object_component id="oc-ea">
         <name>.bss</name>
         <uninitialized>true</uninitialized>
         <run_address>0x20009f58</run_address>
         <size>0xc</size>
         <input_file_ref idref="fl-26"/>
      </object_component>
      <object_component id="oc-f3">
         <name>.bss:threadControlBlocks</name>
         <uninitialized>true</uninitialized>
         <run_address>0x20008850</run_address>
         <size>0x5a0</size>
         <input_file_ref idref="fl-26"/>
      </object_component>
      <object_component id="oc-f6">
         <name>.bss:threadStacks</name>
         <uninitialized>true</uninitialized>
         <run_address>0x20000000</run_address>
         <size>0x7800</size>
         <input_file_ref idref="fl-26"/>
      </object_component>
      <object_component id="oc-e7">
         <name>.bss:pthreadControlBlocks</name>
         <uninitialized>true</uninitialized>
         <run_address>0x20009834</run_address>
         <size>0x2d0</size>
         <input_file_ref idref="fl-26"/>
      </object_component>
      <object_component id="oc-49e">
         <name>.bss:fifoControlBlocks</name>
         <uninitialized>true</uninitialized>
         <run_address>0x20007800</run_address>
         <size>0x1050</size>
         <input_file_ref idref="fl-29"/>
      </object_component>
      <object_component id="oc-c3">
         <name>.common:CurrentlyRunningThread</name>
         <uninitialized>true</uninitialized>
         <run_address>0x20009f80</run_address>
         <size>0x4</size>
      </object_component>
      <object_component id="oc-1e6">
         <name>.common:gamestate_sem</name>
         <uninitialized>true</uninitialized>
         <run_address>0x20009f90</run_address>
         <size>0x4</size>
      </object_component>
      <object_component id="oc-1e5">
         <name>.common:LCD_SEM</name>
         <uninitialized>true</uninitialized>
         <run_address>0x20009f84</run_address>
         <size>0x4</size>
      </object_component>
      <object_component id="oc-34f">
         <name>.common:lcd_sem</name>
         <uninitialized>true</uninitialized>
         <run_address>0x20009f98</run_address>
         <size>0x4</size>
      </object_component>
      <object_component id="oc-334">
         <name>.common:gamestate</name>
         <uninitialized>true</uninitialized>
         <run_address>0x20009ea4</run_address>
         <size>0x54</size>
      </object_component>
      <object_component id="oc-348">
         <name>.common:initXaccel</name>
         <uninitialized>true</uninitialized>
         <run_address>0x20009faa</run_address>
         <size>0x2</size>
      </object_component>
      <object_component id="oc-349">
         <name>.common:initYaccel</name>
         <uninitialized>true</uninitialized>
         <run_address>0x20009fac</run_address>
         <size>0x2</size>
      </object_component>
      <object_component id="oc-34e">
         <name>.common:xAccel</name>
         <uninitialized>true</uninitialized>
         <run_address>0x20009fae</run_address>
         <size>0x2</size>
      </object_component>
      <object_component id="oc-34a">
         <name>.common:yAccel</name>
         <uninitialized>true</uninitialized>
         <run_address>0x20009fb0</run_address>
         <size>0x2</size>
      </object_component>
      <object_component id="oc-398">
         <name>.common:ButtonFunction</name>
         <uninitialized>true</uninitialized>
         <run_address>0x20009f7c</run_address>
         <size>0x4</size>
      </object_component>
      <object_component id="oc-3a2">
         <name>.common:bme280</name>
         <uninitialized>true</uninitialized>
         <run_address>0x20009ef8</run_address>
         <size>0x3c</size>
      </object_component>
      <object_component id="oc-484">
         <name>.common:accel_fifo</name>
         <uninitialized>true</uninitialized>
         <run_address>0x20008df0</run_address>
         <size>0x36c</size>
      </object_component>
      <object_component id="oc-487">
         <name>.common:gyro_fifo</name>
         <uninitialized>true</uninitialized>
         <run_address>0x2000915c</run_address>
         <size>0x36c</size>
      </object_component>
      <object_component id="oc-488">
         <name>.common:mag_fifo</name>
         <uninitialized>true</uninitialized>
         <run_address>0x200094c8</run_address>
         <size>0x36c</size>
      </object_component>
      <object_component id="oc-382">
         <name>.common:s_bmi160</name>
         <uninitialized>true</uninitialized>
         <run_address>0x20009f34</run_address>
         <size>0x14</size>
      </object_component>
      <object_component id="oc-385">
         <name>.common:gyroxyz</name>
         <uninitialized>true</uninitialized>
         <run_address>0x20009f6a</run_address>
         <size>0x6</size>
      </object_component>
      <object_component id="oc-386">
         <name>.common:accelxyz</name>
         <uninitialized>true</uninitialized>
         <run_address>0x20009f64</run_address>
         <size>0x6</size>
      </object_component>
      <object_component id="oc-1bc">
         <name>.common:ui8Status</name>
         <uninitialized>true</uninitialized>
         <run_address>0x20009fb3</run_address>
         <size>0x1</size>
      </object_component>
      <object_component id="oc-1b9">
         <name>.common:pData</name>
         <uninitialized>true</uninitialized>
         <run_address>0x20009fa0</run_address>
         <size>0x4</size>
      </object_component>
      <object_component id="oc-1c1">
         <name>.common:ui8DummyRead</name>
         <uninitialized>true</uninitialized>
         <run_address>0x20009fb2</run_address>
         <size>0x1</size>
      </object_component>
      <object_component id="oc-1bd">
         <name>.common:g_ui32ByteCount</name>
         <uninitialized>true</uninitialized>
         <run_address>0x20009f8c</run_address>
         <size>0x4</size>
      </object_component>
      <object_component id="oc-14d">
         <name>.common:IntIsMasked</name>
         <uninitialized>true</uninitialized>
         <run_address>0x20009fa7</run_address>
         <size>0x1</size>
      </object_component>
      <object_component id="oc-e6">
         <name>.common:SystemTime</name>
         <uninitialized>true</uninitialized>
         <run_address>0x20009f88</run_address>
         <size>0x4</size>
      </object_component>
      <object_component id="oc-2f1">
         <name>.common:hfxtFreq</name>
         <uninitialized>true</uninitialized>
         <run_address>0x20009f94</run_address>
         <size>0x4</size>
      </object_component>
      <object_component id="oc-2ee">
         <name>.common:lfxtFreq</name>
         <uninitialized>true</uninitialized>
         <run_address>0x20009f9c</run_address>
         <size>0x4</size>
      </object_component>
      <object_component id="oc-29">
         <name>.stack</name>
         <uninitialized>true</uninitialized>
         <run_address>0x2000fe00</run_address>
         <size>0x4</size>
         <input_file_ref idref="fl-fd"/>
      </object_component>
      <object_component id="oc-771">
         <name>.stack</name>
         <uninitialized>true</uninitialized>
         <run_address>0x2000fe00</run_address>
         <size>0x0</size>
      </object_component>
      <object_component id="oc-c4">
         <name>.debug_info</name>
         <load_address>0x0</load_address>
         <run_address>0x0</run_address>
         <size>0x976</size>
         <input_file_ref idref="fl-2"/>
      </object_component>
      <object_component id="oc-1e8">
         <name>.debug_info</name>
         <load_address>0x976</load_address>
         <run_address>0x976</run_address>
         <size>0x88b</size>
         <input_file_ref idref="fl-2"/>
      </object_component>
      <object_component id="oc-238">
         <name>.debug_info</name>
         <load_address>0x1201</load_address>
         <run_address>0x1201</run_address>
         <size>0x2dd</size>
         <input_file_ref idref="fl-2"/>
      </object_component>
      <object_component id="oc-3cf">
         <name>.debug_info</name>
         <load_address>0x14de</load_address>
         <run_address>0x14de</run_address>
         <size>0x51</size>
         <input_file_ref idref="fl-2"/>
      </object_component>
      <object_component id="oc-1ca">
         <name>.debug_info</name>
         <load_address>0x152f</load_address>
         <run_address>0x152f</run_address>
         <size>0x26b</size>
         <input_file_ref idref="fl-2"/>
      </object_component>
      <object_component id="oc-23d">
         <name>.debug_info</name>
         <load_address>0x179a</load_address>
         <run_address>0x179a</run_address>
         <size>0x1055</size>
         <input_file_ref idref="fl-2"/>
      </object_component>
      <object_component id="oc-109">
         <name>.debug_info</name>
         <load_address>0x27ef</load_address>
         <run_address>0x27ef</run_address>
         <size>0x37e2</size>
         <input_file_ref idref="fl-2"/>
      </object_component>
      <object_component id="oc-26e">
         <name>.debug_info</name>
         <load_address>0x5fd1</load_address>
         <run_address>0x5fd1</run_address>
         <size>0xb8</size>
         <input_file_ref idref="fl-2"/>
      </object_component>
      <object_component id="oc-258">
         <name>.debug_info</name>
         <load_address>0x6089</load_address>
         <run_address>0x6089</run_address>
         <size>0x62</size>
         <input_file_ref idref="fl-2"/>
      </object_component>
      <object_component id="oc-ff">
         <name>.debug_info</name>
         <load_address>0x60eb</load_address>
         <run_address>0x60eb</run_address>
         <size>0x8b</size>
         <input_file_ref idref="fl-2"/>
      </object_component>
      <object_component id="oc-2ce">
         <name>.debug_info</name>
         <load_address>0x6176</load_address>
         <run_address>0x6176</run_address>
         <size>0x2a4</size>
         <input_file_ref idref="fl-2"/>
      </object_component>
      <object_component id="oc-1c3">
         <name>.debug_info</name>
[...]
         <object_component_ref idref="oc-44c"/>
      </symbol>
      <symbol id="sm-12a1">
         <name>PCM_setPowerState</name>
         <value>0x15c5b</value>
         <object_component_ref idref="oc-138"/>
      </symbol>
      <symbol id="sm-12a2">
         <name>PCM_getPowerMode</name>
         <value>0x1577f</value>
         <object_component_ref idref="oc-551"/>
      </symbol>
      <symbol id="sm-12a3">
         <name>PCM_getPowerState</name>
         <value>0x15c09</value>
         <object_component_ref idref="oc-43a"/>
      </symbol>
      <symbol id="sm-12a4">
         <name>PCM_gotoLPM4</name>
         <value>0x15b6b</value>
         <object_component_ref idref="oc-446"/>
      </symbol>
      <symbol id="sm-12a5">
         <name>PCM_gotoLPM3</name>
         <value>0x14bad</value>
         <object_component_ref idref="oc-440"/>
      </symbol>
      <symbol id="sm-12a6">
         <name>PCM_gotoLPM0</name>
         <value>0x157d1</value>
         <object_component_ref idref="oc-458"/>
      </symbol>
      <symbol id="sm-12a7">
         <name>PCM_setPowerMode</name>
         <value>0x15c53</value>
         <object_component_ref idref="oc-55d"/>
      </symbol>
      <symbol id="sm-12b4">
         <name>RTC_C_holdClock</name>
         <value>0x158d9</value>
         <object_component_ref idref="oc-585"/>
      </symbol>
      <symbol id="sm-131e">
         <name>EUSCI_B_SPI_isBusy</name>
         <value>0x1599d</value>
         <object_component_ref idref="oc-64c"/>
      </symbol>
      <symbol id="sm-131f">
         <name>EUSCI_B_SPI_receiveData</name>
         <value>0x15c79</value>
         <object_component_ref idref="oc-659"/>
      </symbol>
      <symbol id="sm-1320">
         <name>EUSCI_A_SPI_receiveData</name>
         <value>0x15c73</value>
         <object_component_ref idref="oc-653"/>
      </symbol>
      <symbol id="sm-1321">
         <name>EUSCI_A_SPI_transmitData</name>
         <value>0x15c9b</value>
         <object_component_ref idref="oc-63e"/>
      </symbol>
      <symbol id="sm-1322">
         <name>EUSCI_B_SPI_transmitData</name>
         <value>0x15c9f</value>
         <object_component_ref idref="oc-638"/>
      </symbol>
      <symbol id="sm-1323">
         <name>SPI_isBusy</name>
         <value>0x159f1</value>
         <object_component_ref idref="oc-543"/>
      </symbol>
      <symbol id="sm-1324">
         <name>SPI_transmitData</name>
         <value>0x15961</value>
         <object_component_ref idref="oc-53d"/>
      </symbol>
      <symbol id="sm-1325">
         <name>SPI_receiveData</name>
         <value>0x15a0b</value>
         <object_component_ref idref="oc-549"/>
      </symbol>
      <symbol id="sm-1326">
         <name>EUSCI_A_SPI_isBusy</name>
         <value>0x15981</value>
         <object_component_ref idref="oc-646"/>
      </symbol>
      <symbol id="sm-1359">
         <name>SysCtl_getNMISourceStatus</name>
         <value>0x15c15</value>
         <object_component_ref idref="oc-564"/>
      </symbol>
      <symbol id="sm-135a">
         <name>SysCtl_enableNMISource</name>
         <value>0x15b8d</value>
         <object_component_ref idref="oc-576"/>
      </symbol>
      <symbol id="sm-135b">
         <name>SysCtl_disableNMISource</name>
         <value>0x15b7d</value>
         <object_component_ref idref="oc-56a"/>
      </symbol>
      <symbol id="sm-135c">
         <name>SysCtl_getTLVInfo</name>
         <value>0x151e9</value>
         <object_component_ref idref="oc-598"/>
      </symbol>
      <symbol id="sm-138b">
         <name>UART_enableModule</name>
         <value>0x15c21</value>
         <object_component_ref idref="oc-3bb"/>
      </symbol>
      <symbol id="sm-138c">
         <name>UART_transmitData</name>
         <value>0x158fd</value>
         <object_component_ref idref="oc-3a9"/>
      </symbol>
      <symbol id="sm-138d">
         <name>UART_initModule</name>
         <value>0x14989</value>
         <object_component_ref idref="oc-3b5"/>
      </symbol>
      <symbol id="sm-13a3">
         <name>WDT_A_clearTimer</name>
         <value>0x15a71</value>
         <object_component_ref idref="oc-274"/>
      </symbol>
      <symbol id="sm-13a4">
         <name>WDT_A_holdTimer</name>
         <value>0x15a89</value>
         <object_component_ref idref="oc-27a"/>
      </symbol>
      <symbol id="sm-13b6">
         <name>CPU_wfi</name>
         <value>0x15c97</value>
         <object_component_ref idref="oc-57e"/>
      </symbol>
      <symbol id="sm-13b7">
         <name>CPU_cpsie</name>
         <value>0x15be3</value>
         <object_component_ref idref="oc-2e1"/>
      </symbol>
      <symbol id="sm-13e6">
         <name>snprintf</name>
         <value>0x1531d</value>
         <object_component_ref idref="oc-3c1"/>
      </symbol>
      <symbol id="sm-13f4">
         <name>__aeabi_ldivmod</name>
         <value>0x14d83</value>
         <object_component_ref idref="oc-4e1"/>
      </symbol>
      <symbol id="sm-1401">
         <name>__aeabi_uldivmod</name>
         <value>0x148f1</value>
         <object_component_ref idref="oc-5cd"/>
      </symbol>
      <symbol id="sm-1410">
         <name>__aeabi_memset</name>
         <value>0x14c2b</value>
         <object_component_ref idref="oc-9e"/>
      </symbol>
      <symbol id="sm-1411">
         <name>memset</name>
         <value>0x14c31</value>
         <object_component_ref idref="oc-9e"/>
      </symbol>
      <symbol id="sm-1412">
         <name>__aeabi_memset8</name>
         <value>0x14c2b</value>
         <object_component_ref idref="oc-9e"/>
      </symbol>
      <symbol id="sm-1413">
         <name>__aeabi_memset4</name>
         <value>0x14c2b</value>
         <object_component_ref idref="oc-9e"/>
      </symbol>
      <symbol id="sm-1414">
         <name>__aeabi_memclr8</name>
         <value>0x14c29</value>
         <object_component_ref idref="oc-9e"/>
      </symbol>
      <symbol id="sm-1415">
         <name>__aeabi_memclr4</name>
         <value>0x14c29</value>
         <object_component_ref idref="oc-9e"/>
      </symbol>
      <symbol id="sm-1416">
         <name>__aeabi_memclr</name>
         <value>0x14c29</value>
         <object_component_ref idref="oc-9e"/>
      </symbol>
      <symbol id="sm-141f">
         <name>__aeabi_lmul</name>
         <value>0x15ab9</value>
         <object_component_ref idref="oc-4dc"/>
      </symbol>
      <symbol id="sm-143a">
         <name>memcpy</name>
         <value>0x14855</value>
         <object_component_ref idref="oc-37"/>
      </symbol>
      <symbol id="sm-143b">
         <name>__aeabi_memcpy</name>
         <value>0x14855</value>
         <object_component_ref idref="oc-37"/>
      </symbol>
      <symbol id="sm-143c">
         <name>__aeabi_memcpy8</name>
         <value>0x14855</value>
         <object_component_ref idref="oc-37"/>
      </symbol>
      <symbol id="sm-143d">
         <name>__aeabi_memcpy4</name>
         <value>0x14855</value>
         <object_component_ref idref="oc-37"/>
      </symbol>
      <symbol id="sm-144f">
         <name>__TI_zero_init</name>
         <value>0x15c2d</value>
         <object_component_ref idref="oc-49"/>
      </symbol>
      <symbol id="sm-1466">
         <name>__TI_decompress_none</name>
         <value>0x15bc7</value>
         <object_component_ref idref="oc-1d"/>
      </symbol>
      <symbol id="sm-1489">
         <name>__TI_decompress_lzss</name>
         <value>0x14df1</value>
         <object_component_ref idref="oc-17"/>
      </symbol>
      <symbol id="sm-149f">
         <name>rand</name>
         <value>0x15661</value>
         <object_component_ref idref="oc-336"/>
      </symbol>
      <symbol id="sm-14ad">
         <name>strcpy</name>
         <value>0x15b11</value>
         <object_component_ref idref="oc-ed"/>
      </symbol>
      <symbol id="sm-14bb">
         <name>strlen</name>
         <value>0x15b25</value>
         <object_component_ref idref="oc-5dc"/>
      </symbol>
      <symbol id="sm-14ce">
         <name>__stack</name>
         <value>0x2000fe00</value>
         <object_component_ref idref="oc-29"/>
      </symbol>
      <symbol id="sm-14cf">
         <name>_c_int00_noargs</name>
         <value>0x1562d</value>
         <object_component_ref idref="oc-55"/>
      </symbol>
      <symbol id="sm-1634">
         <name>__TI_printfi</name>
         <value>0xfafd</value>
         <object_component_ref idref="oc-4f6"/>
      </symbol>
      <symbol id="sm-1654">
         <name>frexpl</name>
         <value>0x14f21</value>
         <object_component_ref idref="oc-6b6"/>
      </symbol>
      <symbol id="sm-1655">
         <name>frexp</name>
         <value>0x14f21</value>
         <object_component_ref idref="oc-6b6"/>
      </symbol>
      <symbol id="sm-1672">
         <name>scalbn</name>
         <value>0x13ea9</value>
         <object_component_ref idref="oc-6bc"/>
      </symbol>
      <symbol id="sm-1673">
         <name>scalbnl</name>
         <value>0x13ea9</value>
         <object_component_ref idref="oc-6bc"/>
      </symbol>
      <symbol id="sm-1674">
         <name>ldexpl</name>
         <value>0x13ea9</value>
         <object_component_ref idref="oc-6bc"/>
      </symbol>
      <symbol id="sm-1675">
         <name>ldexp</name>
         <value>0x13ea9</value>
         <object_component_ref idref="oc-6bc"/>
      </symbol>
      <symbol id="sm-167f">
         <name>copysign</name>
         <value>0x15a25</value>
         <object_component_ref idref="oc-711"/>
      </symbol>
      <symbol id="sm-1680">
         <name>copysignl</name>
         <value>0x15a25</value>
         <object_component_ref idref="oc-711"/>
      </symbol>
      <symbol id="sm-168a">
         <name>__aeabi_idiv0</name>
         <value>0x13997</value>
         <object_component_ref idref="oc-5c8"/>
      </symbol>
      <symbol id="sm-168b">
         <name>__aeabi_ldiv0</name>
         <value>0x13997</value>
         <object_component_ref idref="oc-5c8"/>
      </symbol>
      <symbol id="sm-16a2">
         <name>__aeabi_dsub</name>
         <value>0x13641</value>
         <object_component_ref idref="oc-696"/>
      </symbol>
      <symbol id="sm-16a3">
         <name>__aeabi_dadd</name>
         <value>0x1364b</value>
         <object_component_ref idref="oc-696"/>
      </symbol>
      <symbol id="sm-16c5">
         <name>__aeabi_cdcmpeq</name>
         <value>0x14a1d</value>
         <object_component_ref idref="oc-5ee"/>
      </symbol>
      <symbol id="sm-16c6">
         <name>__aeabi_cdcmple</name>
         <value>0x14a1d</value>
         <object_component_ref idref="oc-5ee"/>
      </symbol>
      <symbol id="sm-16c7">
         <name>__aeabi_cdrcmple</name>
         <value>0x14aa3</value>
         <object_component_ref idref="oc-681"/>
      </symbol>
      <symbol id="sm-16db">
         <name>__aeabi_ddiv</name>
         <value>0x13c4d</value>
         <object_component_ref idref="oc-67c"/>
      </symbol>
      <symbol id="sm-16e6">
         <name>__aeabi_dmul</name>
         <value>0x141bb</value>
         <object_component_ref idref="oc-677"/>
      </symbol>
      <symbol id="sm-16f0">
         <name>__aeabi_d2iz</name>
         <value>0x153f9</value>
         <object_component_ref idref="oc-686"/>
      </symbol>
      <symbol id="sm-16fa">
         <name>__aeabi_i2d</name>
         <value>0x15725</value>
         <object_component_ref idref="oc-691"/>
      </symbol>
      <symbol id="sm-1722">
         <name>__TI_auto_init_nobinit_nopinit</name>
         <value>0x15441</value>
         <object_component_ref idref="oc-200"/>
      </symbol>
      <symbol id="sm-172c">
         <name>_system_pre_init</name>
         <value>0x15ca7</value>
         <object_component_ref idref="oc-a4"/>
      </symbol>
      <symbol id="sm-1738">
         <name>C$$EXIT</name>
         <value>0x15cab</value>
         <object_component_ref idref="oc-1f4"/>
      </symbol>
      <symbol id="sm-1739">
         <name>abort</name>
         <value>0x15cab</value>
         <object_component_ref idref="oc-1f4"/>
      </symbol>
      <symbol id="sm-174e">
         <name>_nop</name>
         <value>0x1054b</value>
         <object_component_ref idref="oc-4a8"/>
      </symbol>
      <symbol id="sm-174f">
         <name>_lock</name>
         <value>0x2000a3f8</value>
         <object_component_ref idref="oc-358"/>
      </symbol>
      <symbol id="sm-1750">
         <name>_unlock</name>
         <value>0x2000a3fc</value>
         <object_component_ref idref="oc-358"/>
      </symbol>
      <symbol id="sm-175f">
         <name>__TI_ltoa</name>
         <value>0x150f3</value>
         <object_component_ref idref="oc-68b"/>
      </symbol>
      <symbol id="sm-1776">
         <name>atoi</name>
         <value>0x152d1</value>
         <object_component_ref idref="oc-5e2"/>
      </symbol>
      <symbol id="sm-1781">
         <name>_ctypes_</name>
         <value>0x162a0</value>
         <object_component_ref idref="oc-670"/>
      </symbol>
      <symbol id="sm-1791">
         <name>memccpy</name>
         <value>0x159d5</value>
         <object_component_ref idref="oc-60b"/>
      </symbol>
      <symbol id="sm-17a1">
         <name>strchr</name>
         <value>0x15ad1</value>
         <object_component_ref idref="oc-6c2"/>
      </symbol>
      <symbol id="sm-17b7">
         <name>__aeabi_errno_addr</name>
         <value>0x15c65</value>
         <object_component_ref idref="oc-617"/>
      </symbol>
      <symbol id="sm-17b8">
         <name>errno</name>
         <value>0x2000a414</value>
         <object_component_ref idref="oc-6d2"/>
      </symbol>
      <symbol id="sm-17d1">
         <name>wcslen</name>
         <value>0x15b39</value>
         <object_component_ref idref="oc-611"/>
      </symbol>
      <symbol id="sm-17d2">
         <name>__TI_static_base__</name>
         <value>0x0</value>
      </symbol>
      <symbol id="sm-17d5">
         <name>__mpu_init</name>
         <value>0x0</value>
      </symbol>
      <symbol id="sm-17d6">
         <name>_system_post_cinit</name>
         <value>0x0</value>
      </symbol>
      <symbol id="sm-17d7">
         <name>NMI_Handler</name>
         <value>0x15be1</value>
      </symbol>
      <symbol id="sm-17d8">
         <name>HardFault_Handler</name>
         <value>0x15be1</value>
      </symbol>
      <symbol id="sm-17d9">
         <name>MemManage_Handler</name>
         <value>0x15be1</value>
      </symbol>
      <symbol id="sm-17da">
         <name>BusFault_Handler</name>
         <value>0x15be1</value>
      </symbol>
      <symbol id="sm-17db">
         <name>UsageFault_Handler</name>
         <value>0x15be1</value>
      </symbol>
      <symbol id="sm-17dc">
         <name>SVC_Handler</name>
         <value>0x15be1</value>
      </symbol>
      <symbol id="sm-17dd">
         <name>DebugMon_Handler</name>
         <value>0x15be1</value>
      </symbol>
      <symbol id="sm-17de">
         <name>PendSV_Handler</name>
         <value>0x14fa3</value>
      </symbol>
      <symbol id="sm-17df">
         <name>SysTick_Handler</name>
         <value>0x10685</value>
      </symbol>
      <symbol id="sm-17e0">
         <name>PSS_IRQHandler</name>
         <value>0x15be1</value>
      </symbol>
      <symbol id="sm-17e1">
         <name>CS_IRQHandler</name>
         <value>0x15be1</value>
      </symbol>
      <symbol id="sm-17e2">
         <name>PCM_IRQHandler</name>
         <value>0x15be1</value>
      </symbol>
      <symbol id="sm-17e3">
         <name>WDT_A_IRQHandler</name>
         <value>0x15be1</value>
      </symbol>
      <symbol id="sm-17e4">
         <name>FPU_IRQHandler</name>
         <value>0x15be1</value>
      </symbol>
      <symbol id="sm-17e5">
         <name>FLCTL_IRQHandler</name>
         <value>0x15be1</value>
      </symbol>
      <symbol id="sm-17e6">
         <name>COMP_E0_IRQHandler</name>
         <value>0x15be1</value>
      </symbol>
      <symbol id="sm-17e7">
         <name>COMP_E1_IRQHandler</name>
         <value>0x15be1</value>
      </symbol>
      <symbol id="sm-17e8">
         <name>TA0_0_IRQHandler</name>
         <value>0x15be1</value>
      </symbol>
      <symbol id="sm-17e9">
         <name>TA0_N_IRQHandler</name>
         <value>0x15be1</value>
      </symbol>
      <symbol id="sm-17ea">
         <name>TA1_0_IRQHandler</name>
         <value>0x15be1</value>
      </symbol>
      <symbol id="sm-17eb">
         <name>TA1_N_IRQHandler</name>
         <value>0x15be1</value>
      </symbol>
      <symbol id="sm-17ec">
         <name>TA2_0_IRQHandler</name>
         <value>0x15be1</value>
      </symbol>
      <symbol id="sm-17ed">
         <name>TA2_N_IRQHandler</name>
         <value>0x15be1</value>
      </symbol>
      <symbol id="sm-17ee">
         <name>TA3_0_IRQHandler</name>
         <value>0x15be1</value>
      </symbol>
      <symbol id="sm-17ef">
         <name>TA3_N_IRQHandler</name>
         <value>0x15be1</value>
      </symbol>
      <symbol id="sm-17f0">
         <name>EUSCIA0_IRQHandler</name>
         <value>0x122a1</value>
      </symbol>
      <symbol id="sm-17f1">
         <name>EUSCIA1_IRQHandler</name>
         <value>0x15be1</value>
      </symbol>
      <symbol id="sm-17f2">
         <name>EUSCIA2_IRQHandler</name>
         <value>0x15be1</value>
      </symbol>
      <symbol id="sm-17f3">
         <name>EUSCIA3_IRQHandler</name>
         <value>0x15be1</value>
      </symbol>
      <symbol id="sm-17f4">
         <name>EUSCIB0_IRQHandler</name>
         <value>0x15be1</value>
      </symbol>
      <symbol id="sm-17f5">
         <name>EUSCIB1_IRQHandler</name>
         <value>0x11ed9</value>
      </symbol>
      <symbol id="sm-17f6">
         <name>EUSCIB2_IRQHandler</name>
         <value>0x15be1</value>
      </symbol>
      <symbol id="sm-17f7">
         <name>EUSCIB3_IRQHandler</name>
         <value>0x15be1</value>
      </symbol>
      <symbol id="sm-17f8">
         <name>ADC14_IRQHandler</name>
         <value>0x15be1</value>
      </symbol>
      <symbol id="sm-17f9">
         <name>T32_INT1_IRQHandler</name>
         <value>0x15be1</value>
      </symbol>
      <symbol id="sm-17fa">
         <name>T32_INT2_IRQHandler</name>
         <value>0x15be1</value>
      </symbol>
      <symbol id="sm-17fb">
         <name>T32_INTC_IRQHandler</name>
         <value>0x15be1</value>
      </symbol>
      <symbol id="sm-17fc">
         <name>AES256_IRQHandler</name>
         <value>0x15be1</value>
      </symbol>
      <symbol id="sm-17fd">
         <name>RTC_C_IRQHandler</name>
         <value>0x15be1</value>
      </symbol>
      <symbol id="sm-17fe">
         <name>DMA_ERR_IRQHandler</name>
         <value>0x15be1</value>
      </symbol>
      <symbol id="sm-17ff">
         <name>DMA_INT3_IRQHandler</name>
         <value>0x15be1</value>
      </symbol>
      <symbol id="sm-1800">
         <name>DMA_INT2_IRQHandler</name>
         <value>0x15be1</value>
      </symbol>
      <symbol id="sm-1801">
         <name>DMA_INT1_IRQHandler</name>
         <value>0x15be1</value>
      </symbol>
      <symbol id="sm-1802">
         <name>DMA_INT0_IRQHandler</name>
         <value>0x15be1</value>
      </symbol>
      <symbol id="sm-1803">
         <name>PORT1_IRQHandler</name>
         <value>0x12251</value>
      </symbol>
      <symbol id="sm-1804">
         <name>PORT2_IRQHandler</name>
         <value>0x1227b</value>
      </symbol>
      <symbol id="sm-1805">
         <name>PORT3_IRQHandler</name>
         <value>0x15be1</value>
      </symbol>
      <symbol id="sm-1806">
         <name>PORT4_IRQHandler</name>
         <value>0x15be1</value>
      </symbol>
      <symbol id="sm-1807">
         <name>PORT5_IRQHandler</name>
         <value>0x15be1</value>
      </symbol>
      <symbol id="sm-1808">
         <name>PORT6_IRQHandler</name>
         <value>0x15be1</value>
      </symbol>
   </symbol_table>
   <title>Link successful</title>
</link_info>
